Component: ARM Compiler 5.06 update 1 (build 61) Tool: armlink [4d35a8]

==============================================================================

Section Cross References

    main.o(.text) refers to printf8.o(i.__0printf$8) for __2printf
    main.o(.text) refers to os_task.o(.text) for OSTaskCreate
    main.o(.text) refers to iwdg.o(.text) for IWDG_Init
    main.o(.text) refers to os_time.o(.text) for OSTimeDlyHMSM
    main.o(.text) refers to stm32f4xx_gpio.o(.text) for GPIO_ToggleBits
    main.o(.text) refers to bsp_global.o(.text) for BSP_Init
    main.o(.text) refers to os_core.o(.text) for OSInit
    main.o(.text) refers to system_stm32f4xx.o(.data) for SystemCoreClock
    main.o(.text) refers to main.o(.data) for tafficlight_dbg_level
    main.o(.text) refers to task_trafficlight.o(.bss) for Stk_Task_UDP_Client
    main.o(.text) refers to task_trafficlight.o(.text) for Task_UDP_Client
    main.o(.text) refers to main.o(.bss) for Stk_TaskStartUp
    task_trafficlight.o(.text) refers to os_time.o(.text) for OSTimeDlyHMSM
    task_trafficlight.o(.text) refers to trafficlight.o(.text) for trafficLightInit
    task_trafficlight.o(.text) refers to ring_buffer.o(.text) for ringBufRead
    task_trafficlight.o(.text) refers to printf8.o(i.__0printf$8) for __2printf
    task_trafficlight.o(.text) refers to tcp.o(.text) for tcp_close
    task_trafficlight.o(.text) refers to stm32f4x7_eth_bsp.o(.text) for ETH_BSP_Config
    task_trafficlight.o(.text) refers to netconf.o(.text) for LwIP_Init
    task_trafficlight.o(.text) refers to tcp_server.o(.text) for TCP_server_init
    task_trafficlight.o(.text) refers to pbuf.o(.text) for pbuf_alloc
    task_trafficlight.o(.text) refers to sci.o(.text) for UART3SendByte
    task_trafficlight.o(.text) refers to iwdg.o(.text) for IWDG_Feed
    task_trafficlight.o(.text) refers to rsu_parse.o(.text) for rsuParse
    task_trafficlight.o(.text) refers to tcp_server.o(.bss) for g_pcb
    task_trafficlight.o(.text) refers to tcp_server.o(.data) for g_tcp_num
    task_trafficlight.o(.text) refers to trafficlight.o(.data) for g_online_num
    task_trafficlight.o(.text) refers to main.o(.data) for tafficlight_dbg_level
    trafficlight.o(.text) refers to drv_trafficlight.o(.text) for HC165D1_Read
    trafficlight.o(.text) refers to printf8.o(i.__0printf$8) for __2printf
    trafficlight.o(.text) refers to main.o(.data) for tafficlight_dbg_level
    trafficlight.o(.text) refers to trafficlight.o(.data) for g_online_num
    trafficlight.o(.text) refers to trafficlight.o(.bss) for g_online
    trafficlight.o(.text) refers to memseta.o(.text) for __aeabi_memclr4
    trafficlight.o(.text) refers to os_time.o(.text) for OSTimeDlyHMSM
    trafficlight.o(.text) refers to tcp_out.o(.text) for tcp_write
    trafficlight.o(.text) refers to trafficlight.o(.conststring) for .conststring
    trafficlight.o(.text) refers to tcp_server.o(.bss) for g_pcb
    qijun_parse.o(.text) refers to printf8.o(i.__0printf$8) for __2printf
    qijun_parse.o(.text) refers to memseta.o(.text) for __aeabi_memclr4
    qijun_parse.o(.text) refers to qijun_parse.o(.conststring) for .conststring
    qijun_parse.o(.text) refers to qijun_parse.o(.bss) for Qinifo
    qijun_parse.o(.text) refers to os_time.o(.text) for OSTimeGet
    qijun_parse.o(.text) refers to trafficlight.o(.data) for start_led
    qijun_parse.o(.text) refers to main.o(.data) for tafficlight_dbg_level
    rsu_parse.o(.text) refers to stmflash.o(.text) for STMFLASH_Write
    rsu_parse.o(.text) refers to printf8.o(i.__0printf$8) for __2printf
    rsu_parse.o(.text) refers to ring_buffer.o(.text) for read_ringbuf
    rsu_parse.o(.text) refers to main.o(.data) for tafficlight_dbg_level
    led.o(.text) refers to stm32f4xx_rcc.o(.text) for RCC_AHB1PeriphClockCmd
    led.o(.text) refers to stm32f4xx_gpio.o(.text) for GPIO_Init
    bsp_global.o(.text) refers to led.o(.text) for LED_Configuration
    bsp_global.o(.text) refers to nvic.o(.text) for NVIC_Configuration
    bsp_global.o(.text) refers to can.o(.text) for CAN1_Configuration
    bsp_global.o(.text) refers to sci.o(.text) for USART_Configuration
    bsp_global.o(.text) refers to drv_trafficlight.o(.text) for HC165D_Config
    nvic.o(.text) refers to misc.o(.text) for NVIC_SetVectorTable
    stm32f4x7_eth_bsp.o(.text) refers to stm32f4xx_rcc.o(.text) for RCC_AHB1PeriphClockCmd
    stm32f4x7_eth_bsp.o(.text) refers to stm32f4x7_eth.o(.text) for ETH_DeInit
    stm32f4x7_eth_bsp.o(.text) refers to misc.o(.text) for NVIC_PriorityGroupConfig
    stm32f4x7_eth_bsp.o(.text) refers to stm32f4xx_syscfg.o(.text) for SYSCFG_ETH_MediaInterfaceConfig
    stm32f4x7_eth_bsp.o(.text) refers to stm32f4xx_gpio.o(.text) for GPIO_Init
    netconf.o(.text) refers to mem.o(.text) for mem_init
    netconf.o(.text) refers to memp.o(.text) for memp_init
    netconf.o(.text) refers to stmflash.o(.text) for STMFLASH_Read
    netconf.o(.text) refers to printf8.o(i.__0printf$8) for __2printf
[...]
    _printf_mbtowc                           0x00000000   Number         0  stubs.o ABSOLUTE
    _printf_n                                0x00000000   Number         0  stubs.o ABSOLUTE
    _printf_o                                0x00000000   Number         0  stubs.o ABSOLUTE
    _printf_p                                0x00000000   Number         0  stubs.o ABSOLUTE
    _printf_percent                          0x00000000   Number         0  stubs.o ABSOLUTE
    _printf_pre_padding                      0x00000000   Number         0  stubs.o ABSOLUTE
    _printf_return_value                     0x00000000   Number         0  stubs.o ABSOLUTE
    _printf_s                                0x00000000   Number         0  stubs.o ABSOLUTE
    _printf_sizespec                         0x00000000   Number         0  stubs.o ABSOLUTE
    _printf_str                              0x00000000   Number         0  stubs.o ABSOLUTE
    _printf_truncate_signed                  0x00000000   Number         0  stubs.o ABSOLUTE
    _printf_truncate_unsigned                0x00000000   Number         0  stubs.o ABSOLUTE
    _printf_u                                0x00000000   Number         0  stubs.o ABSOLUTE
    _printf_wc                               0x00000000   Number         0  stubs.o ABSOLUTE
    _printf_wctomb                           0x00000000   Number         0  stubs.o ABSOLUTE
    _printf_widthprec                        0x00000000   Number         0  stubs.o ABSOLUTE
    _printf_x                                0x00000000   Number         0  stubs.o ABSOLUTE
    __cpp_initialize__aeabi_                  - Undefined Weak Reference
    __cxa_finalize                            - Undefined Weak Reference
    _clock_init                               - Undefined Weak Reference
    _microlib_exit                            - Undefined Weak Reference
    __Vectors_Size                           0x00000188   Number         0  startup_stm32f4xx.o ABSOLUTE
    __Vectors                                0x08000000   Data           4  startup_stm32f4xx.o(RESET)
    __Vectors_End                            0x08000188   Data           0  startup_stm32f4xx.o(RESET)
    __main                                   0x08000189   Thumb Code     0  entry.o(.ARM.Collect$$$$00000000)
    _main_stk                                0x08000189   Thumb Code     0  entry2.o(.ARM.Collect$$$$00000001)
    _main_scatterload                        0x0800018d   Thumb Code     0  entry5.o(.ARM.Collect$$$$00000004)
    __main_after_scatterload                 0x08000191   Thumb Code     0  entry5.o(.ARM.Collect$$$$00000004)
    _main_clock                              0x08000191   Thumb Code     0  entry7b.o(.ARM.Collect$$$$00000008)
    _main_cpp_init                           0x08000191   Thumb Code     0  entry8b.o(.ARM.Collect$$$$0000000A)
    _main_init                               0x08000191   Thumb Code     0  entry9a.o(.ARM.Collect$$$$0000000B)
    __rt_final_cpp                           0x08000199   Thumb Code     0  entry10a.o(.ARM.Collect$$$$0000000D)
    __rt_final_exit                          0x08000199   Thumb Code     0  entry11a.o(.ARM.Collect$$$$0000000F)
    Task_StartUp                             0x0800019d   Thumb Code   242  main.o(.text)
    main                                     0x0800028f   Thumb Code    38  main.o(.text)
    Task_LED                                 0x080003dd   Thumb Code    44  task_trafficlight.o(.text)
    if_test                                  0x08000409   Thumb Code    34  task_trafficlight.o(.text)
    close_tcp_accept                         0x0800042b   Thumb Code    82  task_trafficlight.o(.text)
    Task_UDP_Client                          0x0800047d   Thumb Code   158  task_trafficlight.o(.text)
    Task_QiJun                               0x0800051b   Thumb Code    22  task_trafficlight.o(.text)
    trafficLightNum                          0x08000591   Thumb Code   296  trafficlight.o(.text)
    trafficLightRead                         0x080006b9   Thumb Code  1116  trafficlight.o(.text)
    trafficLightInit                         0x08000b15   Thumb Code   530  trafficlight.o(.text)
    trafficLightStudy                        0x08000d27   Thumb Code  1480  trafficlight.o(.text)
    trafficLightWork                         0x080012ef   Thumb Code   136  trafficlight.o(.text)
    checkSum                                 0x08001377   Thumb Code    28  trafficlight.o(.text)
    trafficLightStatus                       0x08001393   Thumb Code  1482  trafficlight.o(.text)
    setIP                                    0x0800198d   Thumb Code   240  rsu_parse.o(.text)
    rsuParse                                 0x08001a7d   Thumb Code   118  rsu_parse.o(.text)
    LED_Configuration                        0x08001c41   Thumb Code    48  led.o(.text)
    BSP_Init                                 0x08001c75   Thumb Code    24  bsp_global.o(.text)
    NVIC_Configuration                       0x08001c8d   Thumb Code   170  nvic.o(.text)
    ETH_BSP_Config                           0x08001eb9   Thumb Code    82  stm32f4x7_eth_bsp.o(.text)
    LwIP_Init                                0x08001f25   Thumb Code   436  netconf.o(.text)
    LwIP_Pkt_Handle                          0x080020d9   Thumb Code    10  netconf.o(.text)
    LwIP_Periodic_Handle                     0x080020e3   Thumb Code    52  netconf.o(.text)
    NMI_Handler                              0x080021ed   Thumb Code     2  stm32f4xx_it.o(.text)
    HardFault_Handler                        0x080021ef   Thumb Code     4  stm32f4xx_it.o(.text)
    MemManage_Handler                        0x080021f3   Thumb Code     4  stm32f4xx_it.o(.text)
    BusFault_Handler                         0x080021f7   Thumb Code     4  stm32f4xx_it.o(.text)
    UsageFault_Handler                       0x080021fb   Thumb Code     4  stm32f4xx_it.o(.text)
    SVC_Handler                              0x080021ff   Thumb Code     2  stm32f4xx_it.o(.text)
    DebugMon_Handler                         0x08002201   Thumb Code     2  stm32f4xx_it.o(.text)
    PendSV_Handler                           0x08002203   Thumb Code     2  stm32f4xx_it.o(.text)
    EXTI15_10_IRQHandler                     0x08002205   Thumb Code     2  stm32f4xx_it.o(.text)
    ETH_IRQHandler                           0x08002207   Thumb Code    58  stm32f4xx_it.o(.text)
    _sys_exit                                0x08002245   Thumb Code     4  sci.o(.text)
    fputc                                    0x08002249   Thumb Code    48  sci.o(.text)
    USART_Configuration                      0x08002283   Thumb Code   564  sci.o(.text)
    UART3SendByte                            0x080024b7   Thumb Code    28  sci.o(.text)
    send_wifi                                0x080024d3   Thumb Code    26  sci.o(.text)
    UART1GetByte                             0x080024ed   Thumb Code    40  sci.o(.text)
    Delay                                    0x08002515   Thumb Code    18  sci.o(.text)
    UART1Test                                0x08002527   Thumb Code    72  sci.o(.text)
    UART3Test                                0x0800256f   Thumb Code    60  sci.o(.text)
    USART1_IRQHandler                        0x080025ab   Thumb Code   198  sci.o(.text)
    USART2_IRQHandler                        0x08002671   Thumb Code    62  sci.o(.text)
    USART3_IRQHandler                        0x080026af   Thumb Code    62  sci.o(.text)
    RS485_Send_Data                          0x080026ed   Thumb Code    72  sci.o(.text)
    RS485_test                               0x08002735   Thumb Code    34  sci.o(.text)
    CAN_Baud_Process                         0x08002771   Thumb Code    84  can.o(.text)
    CAN1_Configuration                       0x080027c5   Thumb Code   208  can.o(.text)
    CAN1_RX0_IRQHandler                      0x08002895   Thumb Code    86  can.o(.text)
    can1_tx                                  0x080028eb   Thumb Code    70  can.o(.text)
    can1_test                                0x08002931   Thumb Code    12  can.o(.text)
    HC165D_Config                            0x08002955   Thumb Code   174  drv_trafficlight.o(.text)
    HC165D1_Read                             0x08002a03   Thumb Code    78  drv_trafficlight.o(.text)
    HC165D2_Read                             0x08002a51   Thumb Code    76  drv_trafficlight.o(.text)
    STMFLASH_ReadWord                        0x08002aa5   Thumb Code     6  stmflash.o(.text)
    STMFLASH_GetFlashSector                  0x08002aab   Thumb Code   116  stmflash.o(.text)
    STMFLASH_Write                           0x08002b1f   Thumb Code   146  stmflash.o(.text)
    STMFLASH_Read                            0x08002bb1   Thumb Code    32  stmflash.o(.text)
    STMFLASH_Test                            0x08002bd1   Thumb Code    38  stmflash.o(.text)
    ringBufWrite                             0x08002c4d   Thumb Code    66  ring_buffer.o(.text)
    ringBufRead                              0x08002c8f   Thumb Code    54  ring_buffer.o(.text)
    read_ringbuf                             0x08002cc5   Thumb Code    42  ring_buffer.o(.text)
    TCP_server_init                          0x08002ddb   Thumb Code    66  tcp_server.o(.text)
    IWDG_Init                                0x08002e65   Thumb Code    44  iwdg.o(.text)
    IWDG_Feed                                0x08002e91   Thumb Code     8  iwdg.o(.text)
    NVIC_PriorityGroupConfig                 0x08002e99   Thumb Code    10  misc.o(.text)
    NVIC_Init                                0x08002ea3   Thumb Code   106  misc.o(.text)
    NVIC_SetVectorTable                      0x08002f0d   Thumb Code    14  misc.o(.text)
    NVIC_SystemLPConfig                      0x08002f1b   Thumb Code    34  misc.o(.text)
    SysTick_CLKSourceConfig                  0x08002f3d   Thumb Code    40  misc.o(.text)
    CAN_DeInit                               0x08002f79   Thumb Code    50  stm32f4xx_can.o(.text)
    CAN_Init                                 0x08002fab   Thumb Code   276  stm32f4xx_can.o(.text)
    CAN_FilterInit                           0x080030bf   Thumb Code   258  stm32f4xx_can.o(.text)
    CAN_StructInit                           0x080031c1   Thumb Code    32  stm32f4xx_can.o(.text)
    CAN_SlaveStartBank                       0x080031e1   Thumb Code    48  stm32f4xx_can.o(.text)
    CAN_DBGFreeze                            0x08003211   Thumb Code    22  stm32f4xx_can.o(.text)
    CAN_TTComModeCmd                         0x08003227   Thumb Code   118  stm32f4xx_can.o(.text)
    CAN_Transmit                             0x0800329d   Thumb Code   304  stm32f4xx_can.o(.text)
    CAN_TransmitStatus                       0x080033cd   Thumb Code   138  stm32f4xx_can.o(.text)
    CAN_CancelTransmit                       0x08003457   Thumb Code    48  stm32f4xx_can.o(.text)
    CAN_Receive                              0x08003487   Thumb Code   240  stm32f4xx_can.o(.text)
    CAN_FIFORelease                          0x08003577   Thumb Code    22  stm32f4xx_can.o(.text)
    CAN_MessagePending                       0x0800358d   Thumb Code    30  stm32f4xx_can.o(.text)
    CAN_OperatingModeRequest                 0x080035ab   Thumb Code   162  stm32f4xx_can.o(.text)
    CAN_Sleep                                0x0800364d   Thumb Code    30  stm32f4xx_can.o(.text)
    CAN_WakeUp                               0x0800366b   Thumb Code    48  stm32f4xx_can.o(.text)
    CAN_GetLastErrorCode                     0x0800369b   Thumb Code    12  stm32f4xx_can.o(.text)
    CAN_GetReceiveErrorCounter               0x080036a7   Thumb Code    10  stm32f4xx_can.o(.text)
    CAN_GetLSBTransmitErrorCounter           0x080036b1   Thumb Code    12  stm32f4xx_can.o(.text)
    CAN_ITConfig                             0x080036bd   Thumb Code    18  stm32f4xx_can.o(.text)
    CAN_GetFlagStatus                        0x080036cf   Thumb Code   120  stm32f4xx_can.o(.text)
    CAN_ClearFlag                            0x08003747   Thumb Code    52  stm32f4xx_can.o(.text)
    CAN_GetITStatus                          0x0800378d   Thumb Code   310  stm32f4xx_can.o(.text)
    CAN_ClearITPendingBit                    0x080038c3   Thumb Code   162  stm32f4xx_can.o(.text)
    FLASH_SetLatency                         0x08003969   Thumb Code     6  stm32f4xx_flash.o(.text)
    FLASH_PrefetchBufferCmd                  0x0800396f   Thumb Code    30  stm32f4xx_flash.o(.text)
    FLASH_InstructionCacheCmd                0x0800398d   Thumb Code    30  stm32f4xx_flash.o(.text)
    FLASH_DataCacheCmd                       0x080039ab   Thumb Code    30  stm32f4xx_flash.o(.text)
    FLASH_InstructionCacheReset              0x080039c9   Thumb Code    14  stm32f4xx_flash.o(.text)
    FLASH_DataCacheReset                     0x080039d7   Thumb Code    14  stm32f4xx_flash.o(.text)
    FLASH_Unlock                             0x080039e5   Thumb Code    26  stm32f4xx_flash.o(.text)
    FLASH_Lock                               0x080039ff   Thumb Code    18  stm32f4xx_flash.o(.text)
    FLASH_GetStatus                          0x08003a11   Thumb Code    74  stm32f4xx_flash.o(.text)
    FLASH_WaitForLastOperation               0x08003a5b   Thumb Code    34  stm32f4xx_flash.o(.text)
    FLASH_EraseSector                        0x08003a7d   Thumb Code   140  stm32f4xx_flash.o(.text)
    FLASH_EraseAllSectors                    0x08003b09   Thumb Code   112  stm32f4xx_flash.o(.text)
    FLASH_ProgramDoubleWord                  0x08003b79   Thumb Code    86  stm32f4xx_flash.o(.text)
    FLASH_ProgramWord                        0x08003bcf   Thumb Code    82  stm32f4xx_flash.o(.text)
    FLASH_ProgramHalfWord                    0x08003c21   Thumb Code    82  stm32f4xx_flash.o(.text)
    FLASH_ProgramByte                        0x08003c73   Thumb Code    78  stm32f4xx_flash.o(.text)
    FLASH_OB_Unlock                          0x08003cc1   Thumb Code    26  stm32f4xx_flash.o(.text)
    FLASH_OB_Lock                            0x08003cdb   Thumb Code    18  stm32f4xx_flash.o(.text)
    FLASH_OB_WRPConfig                       0x08003ced   Thumb Code    54  stm32f4xx_flash.o(.text)
    FLASH_OB_RDPConfig                       0x08003d23   Thumb Code    24  stm32f4xx_flash.o(.text)
    FLASH_OB_UserConfig                      0x08003d3b   Thumb Code    68  stm32f4xx_flash.o(.text)
    FLASH_OB_BORConfig                       0x08003d7f   Thumb Code    22  stm32f4xx_flash.o(.text)
    FLASH_OB_Launch                          0x08003d95   Thumb Code    26  stm32f4xx_flash.o(.text)
    FLASH_OB_GetUser                         0x08003daf   Thumb Code    10  stm32f4xx_flash.o(.text)
    FLASH_OB_GetWRP                          0x08003db9   Thumb Code     8  stm32f4xx_flash.o(.text)
    FLASH_OB_GetRDP                          0x08003dc1   Thumb Code    20  stm32f4xx_flash.o(.text)
    FLASH_OB_GetBOR                          0x08003dd5   Thumb Code    10  stm32f4xx_flash.o(.text)
    FLASH_ITConfig                           0x08003ddf   Thumb Code    34  stm32f4xx_flash.o(.text)
    FLASH_GetFlagStatus                      0x08003e01   Thumb Code    22  stm32f4xx_flash.o(.text)
    FLASH_ClearFlag                          0x08003e17   Thumb Code     8  stm32f4xx_flash.o(.text)
    GPIO_DeInit                              0x08003e25   Thumb Code   220  stm32f4xx_gpio.o(.text)
    GPIO_Init                                0x08003f01   Thumb Code   144  stm32f4xx_gpio.o(.text)
    GPIO_StructInit                          0x08003f91   Thumb Code    18  stm32f4xx_gpio.o(.text)
    GPIO_PinLockConfig                       0x08003fa3   Thumb Code    34  stm32f4xx_gpio.o(.text)
    GPIO_ReadInputDataBit                    0x08003fc5   Thumb Code    18  stm32f4xx_gpio.o(.text)
    GPIO_ReadInputData                       0x08003fd7   Thumb Code     8  stm32f4xx_gpio.o(.text)
    GPIO_ReadOutputDataBit                   0x08003fdf   Thumb Code    18  stm32f4xx_gpio.o(.text)
    GPIO_ReadOutputData                      0x08003ff1   Thumb Code     8  stm32f4xx_gpio.o(.text)
    GPIO_SetBits                             0x08003ff9   Thumb Code     4  stm32f4xx_gpio.o(.text)
    GPIO_ResetBits                           0x08003ffd   Thumb Code     4  stm32f4xx_gpio.o(.text)
    GPIO_WriteBit                            0x08004001   Thumb Code    10  stm32f4xx_gpio.o(.text)
    GPIO_Write                               0x0800400b   Thumb Code     4  stm32f4xx_gpio.o(.text)
    GPIO_ToggleBits                          0x0800400f   Thumb Code     8  stm32f4xx_gpio.o(.text)
    GPIO_PinAFConfig                         0x08004017   Thumb Code    70  stm32f4xx_gpio.o(.text)
    IWDG_WriteAccessCmd                      0x08004081   Thumb Code     6  stm32f4xx_iwdg.o(.text)
    IWDG_SetPrescaler                        0x08004087   Thumb Code     6  stm32f4xx_iwdg.o(.text)
    IWDG_SetReload                           0x0800408d   Thumb Code     6  stm32f4xx_iwdg.o(.text)
    IWDG_ReloadCounter                       0x08004093   Thumb Code    10  stm32f4xx_iwdg.o(.text)
    IWDG_Enable                              0x0800409d   Thumb Code    10  stm32f4xx_iwdg.o(.text)
    IWDG_GetFlagStatus                       0x080040a7   Thumb Code    20  stm32f4xx_iwdg.o(.text)
    RCC_DeInit                               0x080040c1   Thumb Code    60  stm32f4xx_rcc.o(.text)
    RCC_HSEConfig                            0x080040fd   Thumb Code    14  stm32f4xx_rcc.o(.text)
    RCC_GetFlagStatus                        0x0800410b   Thumb Code    60  stm32f4xx_rcc.o(.text)
    RCC_WaitForHSEStartUp                    0x08004147   Thumb Code    56  stm32f4xx_rcc.o(.text)
    RCC_AdjustHSICalibrationValue            0x0800417f   Thumb Code    20  stm32f4xx_rcc.o(.text)
    RCC_HSICmd                               0x08004193   Thumb Code     6  stm32f4xx_rcc.o(.text)
    RCC_LSEConfig                            0x08004199   Thumb Code    46  stm32f4xx_rcc.o(.text)
    RCC_LSICmd                               0x080041c7   Thumb Code     6  stm32f4xx_rcc.o(.text)
    RCC_PLLConfig                            0x080041cd   Thumb Code    32  stm32f4xx_rcc.o(.text)
    RCC_PLLCmd                               0x080041ed   Thumb Code     6  stm32f4xx_rcc.o(.text)
    RCC_PLLI2SConfig                         0x080041f3   Thumb Code    14  stm32f4xx_rcc.o(.text)
    RCC_PLLI2SCmd                            0x08004201   Thumb Code     6  stm32f4xx_rcc.o(.text)
    RCC_ClockSecuritySystemCmd               0x08004207   Thumb Code     6  stm32f4xx_rcc.o(.text)
    RCC_MCO1Config                           0x0800420d   Thumb Code    28  stm32f4xx_rcc.o(.text)
    RCC_MCO2Config                           0x08004229   Thumb Code    28  stm32f4xx_rcc.o(.text)
    RCC_SYSCLKConfig                         0x08004245   Thumb Code    20  stm32f4xx_rcc.o(.text)
    RCC_GetSYSCLKSource                      0x08004259   Thumb Code    12  stm32f4xx_rcc.o(.text)
    RCC_HCLKConfig                           0x08004265   Thumb Code    20  stm32f4xx_rcc.o(.text)
    RCC_PCLK1Config                          0x08004279   Thumb Code    20  stm32f4xx_rcc.o(.text)
    RCC_PCLK2Config                          0x0800428d   Thumb Code    22  stm32f4xx_rcc.o(.text)
    RCC_GetClocksFreq                        0x080042a3   Thumb Code   222  stm32f4xx_rcc.o(.text)
    RCC_RTCCLKConfig                         0x08004381   Thumb Code    54  stm32f4xx_rcc.o(.text)
    RCC_RTCCLKCmd                            0x080043b7   Thumb Code     8  stm32f4xx_rcc.o(.text)
    RCC_BackupResetCmd                       0x080043bf   Thumb Code     8  stm32f4xx_rcc.o(.text)
    RCC_I2SCLKConfig                         0x080043c7   Thumb Code     6  stm32f4xx_rcc.o(.text)
    RCC_AHB1PeriphClockCmd                   0x080043cd   Thumb Code    34  stm32f4xx_rcc.o(.text)
    RCC_AHB2PeriphClockCmd                   0x080043ef   Thumb Code    34  stm32f4xx_rcc.o(.text)
    RCC_AHB3PeriphClockCmd                   0x08004411   Thumb Code    34  stm32f4xx_rcc.o(.text)
    RCC_APB1PeriphClockCmd                   0x08004433   Thumb Code    34  stm32f4xx_rcc.o(.text)
    RCC_APB2PeriphClockCmd                   0x08004455   Thumb Code    34  stm32f4xx_rcc.o(.text)
    RCC_AHB1PeriphResetCmd                   0x08004477   Thumb Code    34  stm32f4xx_rcc.o(.text)
    RCC_AHB2PeriphResetCmd                   0x08004499   Thumb Code    72  stm32f4xx_rcc.o(.text)
    RCC_AHB3PeriphResetCmd                   0x080044e1   Thumb Code    34  stm32f4xx_rcc.o(.text)
    RCC_APB1PeriphResetCmd                   0x08004503   Thumb Code    34  stm32f4xx_rcc.o(.text)
    RCC_APB2PeriphResetCmd                   0x08004525   Thumb Code    34  stm32f4xx_rcc.o(.text)
    RCC_AHB1PeriphClockLPModeCmd             0x08004547   Thumb Code    34  stm32f4xx_rcc.o(.text)
    RCC_AHB2PeriphClockLPModeCmd             0x08004569   Thumb Code    34  stm32f4xx_rcc.o(.text)
    RCC_AHB3PeriphClockLPModeCmd             0x0800458b   Thumb Code    34  stm32f4xx_rcc.o(.text)
    RCC_APB1PeriphClockLPModeCmd             0x080045ad   Thumb Code    34  stm32f4xx_rcc.o(.text)
    RCC_APB2PeriphClockLPModeCmd             0x080045cf   Thumb Code    34  stm32f4xx_rcc.o(.text)
    RCC_ITConfig                             0x080045f1   Thumb Code    34  stm32f4xx_rcc.o(.text)
    RCC_ClearFlag                            0x08004613   Thumb Code    18  stm32f4xx_rcc.o(.text)
    RCC_GetITStatus                          0x08004625   Thumb Code    22  stm32f4xx_rcc.o(.text)
    RCC_ClearITPendingBit                    0x0800463b   Thumb Code     8  stm32f4xx_rcc.o(.text)
    SYSCFG_DeInit                            0x08004649   Thumb Code    22  stm32f4xx_syscfg.o(.text)
    SYSCFG_MemoryRemapConfig                 0x0800465f   Thumb Code     6  stm32f4xx_syscfg.o(.text)
    SYSCFG_EXTILineConfig                    0x08004665   Thumb Code    66  stm32f4xx_syscfg.o(.text)
    SYSCFG_ETH_MediaInterfaceConfig          0x080046a7   Thumb Code     6  stm32f4xx_syscfg.o(.text)
    SYSCFG_CompensationCellCmd               0x080046ad   Thumb Code     6  stm32f4xx_syscfg.o(.text)
    SYSCFG_GetCompensationCellStatus         0x080046b3   Thumb Code    22  stm32f4xx_syscfg.o(.text)
    USART_DeInit                             0x080046d5   Thumb Code   156  stm32f4xx_usart.o(.text)
    USART_Init                               0x08004771   Thumb Code   204  stm32f4xx_usart.o(.text)
    USART_StructInit                         0x0800483d   Thumb Code    24  stm32f4xx_usart.o(.text)
    USART_ClockInit                          0x08004855   Thumb Code    32  stm32f4xx_usart.o(.text)
    USART_ClockStructInit                    0x08004875   Thumb Code    12  stm32f4xx_usart.o(.text)
    USART_Cmd                                0x08004881   Thumb Code    24  stm32f4xx_usart.o(.text)
    USART_SetPrescaler                       0x08004899   Thumb Code    16  stm32f4xx_usart.o(.text)
    USART_OverSampling8Cmd                   0x080048a9   Thumb Code    22  stm32f4xx_usart.o(.text)
    USART_OneBitMethodCmd                    0x080048bf   Thumb Code    24  stm32f4xx_usart.o(.text)
    USART_SendData                           0x080048d7   Thumb Code     8  stm32f4xx_usart.o(.text)
    USART_ReceiveData                        0x080048df   Thumb Code    10  stm32f4xx_usart.o(.text)
    USART_SetAddress                         0x080048e9   Thumb Code    18  stm32f4xx_usart.o(.text)
    USART_ReceiverWakeUpCmd                  0x080048fb   Thumb Code    24  stm32f4xx_usart.o(.text)
    USART_WakeUpConfig                       0x08004913   Thumb Code    18  stm32f4xx_usart.o(.text)
    USART_LINBreakDetectLengthConfig         0x08004925   Thumb Code    18  stm32f4xx_usart.o(.text)
    USART_LINCmd                             0x08004937   Thumb Code    24  stm32f4xx_usart.o(.text)
    USART_SendBreak                          0x0800494f   Thumb Code    10  stm32f4xx_usart.o(.text)
    USART_HalfDuplexCmd                      0x08004959   Thumb Code    24  stm32f4xx_usart.o(.text)
    USART_SetGuardTime                       0x08004971   Thumb Code    16  stm32f4xx_usart.o(.text)
    USART_SmartCardCmd                       0x08004981   Thumb Code    24  stm32f4xx_usart.o(.text)
    USART_SmartCardNACKCmd                   0x08004999   Thumb Code    24  stm32f4xx_usart.o(.text)
    USART_IrDAConfig                         0x080049b1   Thumb Code    18  stm32f4xx_usart.o(.text)
    USART_IrDACmd                            0x080049c3   Thumb Code    24  stm32f4xx_usart.o(.text)
    USART_DMACmd                             0x080049db   Thumb Code    18  stm32f4xx_usart.o(.text)
    USART_ITConfig                           0x080049ed   Thumb Code    74  stm32f4xx_usart.o(.text)
    USART_GetFlagStatus                      0x08004a37   Thumb Code    26  stm32f4xx_usart.o(.text)
    USART_ClearFlag                          0x08004a51   Thumb Code    18  stm32f4xx_usart.o(.text)
    USART_GetITStatus                        0x08004a63   Thumb Code   110  stm32f4xx_usart.o(.text)
    USART_ClearITPendingBit                  0x08004ad1   Thumb Code    30  stm32f4xx_usart.o(.text)
    Reset_Handler                            0x08004af1   Thumb Code     8  startup_stm32f4xx.o(.text)
    ADC_IRQHandler                           0x08004b0b   Thumb Code     0  startup_stm32f4xx.o(.text)
    CAN1_RX1_IRQHandler                      0x08004b0b   Thumb Code     0  startup_stm32f4xx.o(.text)
    CAN1_SCE_IRQHandler                      0x08004b0b   Thumb Code     0  startup_stm32f4xx.o(.text)
    CAN1_TX_IRQHandler                       0x08004b0b   Thumb Code     0  startup_stm32f4xx.o(.text)
    CAN2_RX0_IRQHandler                      0x08004b0b   Thumb Code     0  startup_stm32f4xx.o(.text)
    CAN2_RX1_IRQHandler                      0x08004b0b   Thumb Code     0  startup_stm32f4xx.o(.text)
    CAN2_SCE_IRQHandler                      0x08004b0b   Thumb Code     0  startup_stm32f4xx.o(.text)
    CAN2_TX_IRQHandler                       0x08004b0b   Thumb Code     0  startup_stm32f4xx.o(.text)
    CRYP_IRQHandler                          0x08004b0b   Thumb Code     0  startup_stm32f4xx.o(.text)
    DCMI_IRQHandler                          0x08004b0b   Thumb Code     0  startup_stm32f4xx.o(.text)
    DMA1_Stream0_IRQHandler                  0x08004b0b   Thumb Code     0  startup_stm32f4xx.o(.text)
    DMA1_Stream1_IRQHandler                  0x08004b0b   Thumb Code     0  startup_stm32f4xx.o(.text)
    DMA1_Stream2_IRQHandler                  0x08004b0b   Thumb Code     0  startup_stm32f4xx.o(.text)
    DMA1_Stream3_IRQHandler                  0x08004b0b   Thumb Code     0  startup_stm32f4xx.o(.text)
    DMA1_Stream4_IRQHandler                  0x08004b0b   Thumb Code     0  startup_stm32f4xx.o(.text)
    DMA1_Stream5_IRQHandler                  0x08004b0b   Thumb Code     0  startup_stm32f4xx.o(.text)
    DMA1_Stream6_IRQHandler                  0x08004b0b   Thumb Code     0  startup_stm32f4xx.o(.text)
    DMA1_Stream7_IRQHandler                  0x08004b0b   Thumb Code     0  startup_stm32f4xx.o(.text)
    DMA2_Stream0_IRQHandler                  0x08004b0b   Thumb Code     0  startup_stm32f4xx.o(.text)
    DMA2_Stream1_IRQHandler                  0x08004b0b   Thumb Code     0  startup_stm32f4xx.o(.text)
    DMA2_Stream2_IRQHandler                  0x08004b0b   Thumb Code     0  startup_stm32f4xx.o(.text)
    DMA2_Stream3_IRQHandler                  0x08004b0b   Thumb Code     0  startup_stm32f4xx.o(.text)
    DMA2_Stream4_IRQHandler                  0x08004b0b   Thumb Code     0  startup_stm32f4xx.o(.text)
    DMA2_Stream5_IRQHandler                  0x08004b0b   Thumb Code     0  startup_stm32f4xx.o(.text)
    DMA2_Stream6_IRQHandler                  0x08004b0b   Thumb Code     0  startup_stm32f4xx.o(.text)
    DMA2_Stream7_IRQHandler                  0x08004b0b   Thumb Code     0  startup_stm32f4xx.o(.text)
    ETH_WKUP_IRQHandler                      0x08004b0b   Thumb Code     0  startup_stm32f4xx.o(.text)
    EXTI0_IRQHandler                         0x08004b0b   Thumb Code     0  startup_stm32f4xx.o(.text)
    EXTI1_IRQHandler                         0x08004b0b   Thumb Code     0  startup_stm32f4xx.o(.text)
    EXTI2_IRQHandler                         0x08004b0b   Thumb Code     0  startup_stm32f4xx.o(.text)
    EXTI3_IRQHandler                         0x08004b0b   Thumb Code     0  startup_stm32f4xx.o(.text)
    EXTI4_IRQHandler                         0x08004b0b   Thumb Code     0  startup_stm32f4xx.o(.text)
    EXTI9_5_IRQHandler                       0x08004b0b   Thumb Code     0  startup_stm32f4xx.o(.text)
    FLASH_IRQHandler                         0x08004b0b   Thumb Code     0  startup_stm32f4xx.o(.text)
    FPU_IRQHandler                           0x08004b0b   Thumb Code     0  startup_stm32f4xx.o(.text)
    FSMC_IRQHandler                          0x08004b0b   Thumb Code     0  startup_stm32f4xx.o(.text)
    HASH_RNG_IRQHandler                      0x08004b0b   Thumb Code     0  startup_stm32f4xx.o(.text)
    I2C1_ER_IRQHandler                       0x08004b0b   Thumb Code     0  startup_stm32f4xx.o(.text)
    I2C1_EV_IRQHandler                       0x08004b0b   Thumb Code     0  startup_stm32f4xx.o(.text)
    I2C2_ER_IRQHandler                       0x08004b0b   Thumb Code     0  startup_stm32f4xx.o(.text)
    I2C2_EV_IRQHandler                       0x08004b0b   Thumb Code     0  startup_stm32f4xx.o(.text)
    I2C3_ER_IRQHandler                       0x08004b0b   Thumb Code     0  startup_stm32f4xx.o(.text)
    I2C3_EV_IRQHandler                       0x08004b0b   Thumb Code     0  startup_stm32f4xx.o(.text)
    OTG_FS_IRQHandler                        0x08004b0b   Thumb Code     0  startup_stm32f4xx.o(.text)
    OTG_FS_WKUP_IRQHandler                   0x08004b0b   Thumb Code     0  startup_stm32f4xx.o(.text)
    OTG_HS_EP1_IN_IRQHandler                 0x08004b0b   Thumb Code     0  startup_stm32f4xx.o(.text)
    OTG_HS_EP1_OUT_IRQHandler                0x08004b0b   Thumb Code     0  startup_stm32f4xx.o(.text)
    OTG_HS_IRQHandler                        0x08004b0b   Thumb Code     0  startup_stm32f4xx.o(.text)
    OTG_HS_WKUP_IRQHandler                   0x08004b0b   Thumb Code     0  startup_stm32f4xx.o(.text)
    PVD_IRQHandler                           0x08004b0b   Thumb Code     0  startup_stm32f4xx.o(.text)
    RCC_IRQHandler                           0x08004b0b   Thumb Code     0  startup_stm32f4xx.o(.text)
    RTC_Alarm_IRQHandler                     0x08004b0b   Thumb Code     0  startup_stm32f4xx.o(.text)
    RTC_WKUP_IRQHandler                      0x08004b0b   Thumb Code     0  startup_stm32f4xx.o(.text)
    SDIO_IRQHandler                          0x08004b0b   Thumb Code     0  startup_stm32f4xx.o(.text)
    SPI1_IRQHandler                          0x08004b0b   Thumb Code     0  startup_stm32f4xx.o(.text)
    SPI2_IRQHandler                          0x08004b0b   Thumb Code     0  startup_stm32f4xx.o(.text)
    SPI3_IRQHandler                          0x08004b0b   Thumb Code     0  startup_stm32f4xx.o(.text)
    TAMP_STAMP_IRQHandler                    0x08004b0b   Thumb Code     0  startup_stm32f4xx.o(.text)
    TIM1_BRK_TIM9_IRQHandler                 0x08004b0b   Thumb Code     0  startup_stm32f4xx.o(.text)
    TIM1_CC_IRQHandler                       0x08004b0b   Thumb Code     0  startup_stm32f4xx.o(.text)
    TIM1_TRG_COM_TIM11_IRQHandler            0x08004b0b   Thumb Code     0  startup_stm32f4xx.o(.text)
    TIM1_UP_TIM10_IRQHandler                 0x08004b0b   Thumb Code     0  startup_stm32f4xx.o(.text)
    TIM2_IRQHandler                          0x08004b0b   Thumb Code     0  startup_stm32f4xx.o(.text)
    TIM3_IRQHandler                          0x08004b0b   Thumb Code     0  startup_stm32f4xx.o(.text)
    TIM4_IRQHandler                          0x08004b0b   Thumb Code     0  startup_stm32f4xx.o(.text)
    TIM5_IRQHandler                          0x08004b0b   Thumb Code     0  startup_stm32f4xx.o(.text)
    TIM6_DAC_IRQHandler                      0x08004b0b   Thumb Code     0  startup_stm32f4xx.o(.text)
    TIM7_IRQHandler                          0x08004b0b   Thumb Code     0  startup_stm32f4xx.o(.text)
    TIM8_BRK_TIM12_IRQHandler                0x08004b0b   Thumb Code     0  startup_stm32f4xx.o(.text)
    TIM8_CC_IRQHandler                       0x08004b0b   Thumb Code     0  startup_stm32f4xx.o(.text)
    TIM8_TRG_COM_TIM14_IRQHandler            0x08004b0b   Thumb Code     0  startup_stm32f4xx.o(.text)
    TIM8_UP_TIM13_IRQHandler                 0x08004b0b   Thumb Code     0  startup_stm32f4xx.o(.text)
    UART4_IRQHandler                         0x08004b0b   Thumb Code     0  startup_stm32f4xx.o(.text)
    UART5_IRQHandler                         0x08004b0b   Thumb Code     0  startup_stm32f4xx.o(.text)
    USART6_IRQHandler                        0x08004b0b   Thumb Code     0  startup_stm32f4xx.o(.text)
    WWDG_IRQHandler                          0x08004b0b   Thumb Code     0  startup_stm32f4xx.o(.text)
    SystemInit                               0x08004bf1   Thumb Code    88  system_stm32f4xx.o(.text)
    SystemCoreClockUpdate                    0x08004c49   Thumb Code   174  system_stm32f4xx.o(.text)
    OS_CPU_SR_Save                           0x08004d25   Thumb Code     0  os_cpu_a.o(.text)
    OS_CPU_SR_Restore                        0x08004d2d   Thumb Code     0  os_cpu_a.o(.text)
    OSStartHighRdy                           0x08004d33   Thumb Code     0  os_cpu_a.o(.text)
    OSCtxSw                                  0x08004d53   Thumb Code     0  os_cpu_a.o(.text)
    OSIntCtxSw                               0x08004d5d   Thumb Code     0  os_cpu_a.o(.text)
    OS_CPU_PendSVHandler                     0x08004d67   Thumb Code     0  os_cpu_a.o(.text)
    CPU_IntDisable                           0x08004dc1   Thumb Code     0  os_cpu_a.o(.text)
    CPU_IntEnable                            0x08004dc5   Thumb Code     0  os_cpu_a.o(.text)
    OSInitHookBegin                          0x08004de9   Thumb Code     8  os_cpu_c.o(.text)
    OSInitHookEnd                            0x08004df1   Thumb Code     8  os_cpu_c.o(.text)
    OSTaskCreateHook                         0x08004df9   Thumb Code     2  os_cpu_c.o(.text)
    OSTaskDelHook                            0x08004dfb   Thumb Code     2  os_cpu_c.o(.text)
    OSTaskIdleHook                           0x08004dfd   Thumb Code     2  os_cpu_c.o(.text)
    OSTaskReturnHook                         0x08004dff   Thumb Code     2  os_cpu_c.o(.text)
    OSTaskStatHook                           0x08004e01   Thumb Code     2  os_cpu_c.o(.text)
    OSTaskStkInit                            0x08004e03   Thumb Code   210  os_cpu_c.o(.text)
    OSTaskSwHook                             0x08004ed5   Thumb Code     2  os_cpu_c.o(.text)
    OSTCBInitHook                            0x08004ed7   Thumb Code     2  os_cpu_c.o(.text)
    OS_CPU_SysTickHandler                    0x08004ed9   Thumb Code    34  os_cpu_c.o(.text)
    OS_CPU_SysTickInit                       0x08004efb   Thumb Code    42  os_cpu_c.o(.text)
    OS_StrLen                                0x08004f31   Thumb Code    20  os_core.o(.text)
    OSEventNameGet                           0x08004f45   Thumb Code    98  os_core.o(.text)
    OSEventNameSet                           0x08004fa7   Thumb Code    84  os_core.o(.text)
    OS_EventTaskRemoveMulti                  0x08004ffb   Thumb Code    58  os_core.o(.text)
    OS_Sched                                 0x0800504f   Thumb Code    88  os_core.o(.text)
    OS_EventTaskWaitMulti                    0x080050a7   Thumb Code   136  os_core.o(.text)
    OSEventPendMulti                         0x0800512f   Thumb Code   712  os_core.o(.text)
    OS_TaskStatStkChk                        0x080053f7   Thumb Code    54  os_core.o(.text)
    OS_TaskStat                              0x0800542d   Thumb Code   114  os_core.o(.text)
    OS_TaskIdle                              0x080054d3   Thumb Code    32  os_core.o(.text)
    OS_MemClr                                0x08005527   Thumb Code    18  os_core.o(.text)
    OSInit                                   0x08005617   Thumb Code    48  os_core.o(.text)
    OSIntEnter                               0x08005647   Thumb Code    44  os_core.o(.text)
    OSIntExit                                0x08005673   Thumb Code   112  os_core.o(.text)
    OSSchedLock                              0x080056e3   Thumb Code    50  os_core.o(.text)
    OSSchedUnlock                            0x08005715   Thumb Code   228  os_core.o(.text)
    OSStart                                  0x080057f9   Thumb Code    48  os_core.o(.text)
    OSStatInit                               0x08005829   Thumb Code    62  os_core.o(.text)
    OSTimeTick                               0x08005867   Thumb Code   206  os_core.o(.text)
    OSVersion                                0x08005935   Thumb Code     6  os_core.o(.text)
    OS_Dummy                                 0x0800593b   Thumb Code     2  os_core.o(.text)
    OS_EventTaskRemove                       0x0800593d   Thumb Code    42  os_core.o(.text)
    OS_EventTaskRdy                          0x08005967   Thumb Code   128  os_core.o(.text)
    OS_EventTaskWait                         0x080059e7   Thumb Code   112  os_core.o(.text)
    OS_EventWaitListInit                     0x08005a57   Thumb Code    28  os_core.o(.text)
    OS_MemCopy                               0x08005a73   Thumb Code    20  os_core.o(.text)
    OS_TCBInit                               0x08005a87   Thumb Code   282  os_core.o(.text)
    OSFlagAccept                             0x08005be5   Thumb Code   252  os_flag.o(.text)
    OSFlagCreate                             0x08005ce1   Thumb Code    86  os_flag.o(.text)
    OS_FlagUnlink                            0x08005d37   Thumb Code    36  os_flag.o(.text)
    OSFlagDel                                0x08005dad   Thumb Code   214  os_flag.o(.text)
    OSFlagNameGet                            0x08005e83   Thumb Code    80  os_flag.o(.text)
    OSFlagNameSet                            0x08005ed3   Thumb Code    66  os_flag.o(.text)
    OSFlagPend                               0x08005fad   Thumb Code   614  os_flag.o(.text)
    OSFlagPendGetFlagsRdy                    0x08006213   Thumb Code    26  os_flag.o(.text)
    OSFlagPost                               0x0800622d   Thumb Code   312  os_flag.o(.text)
    OSFlagQuery                              0x08006365   Thumb Code    48  os_flag.o(.text)
    OS_FlagInit                              0x08006395   Thumb Code    64  os_flag.o(.text)
    OSMemCreate                              0x080063e1   Thumb Code   114  os_mem.o(.text)
    OSMemGet                                 0x08006453   Thumb Code    62  os_mem.o(.text)
    OSMemNameGet                             0x08006491   Thumb Code    60  os_mem.o(.text)
    OSMemNameSet                             0x080064cd   Thumb Code    48  os_mem.o(.text)
    OSMemPut                                 0x080064fd   Thumb Code    54  os_mem.o(.text)
    OSMemQuery                               0x08006533   Thumb Code    52  os_mem.o(.text)
    OS_MemInit                               0x08006567   Thumb Code    60  os_mem.o(.text)
    OSQAccept                                0x080065b5   Thumb Code    88  os_q.o(.text)
    OSQCreate                                0x0800660d   Thumb Code   144  os_q.o(.text)
    OSQDel                                   0x0800669d   Thumb Code   244  os_q.o(.text)
    OSQFlush                                 0x08006791   Thumb Code    36  os_q.o(.text)
    OSQPend                                  0x080067b5   Thumb Code   278  os_q.o(.text)
    OSQPendAbort                             0x080068cb   Thumb Code   128  os_q.o(.text)
    OSQPost                                  0x0800694b   Thumb Code   114  os_q.o(.text)
    OSQPostFront                             0x080069bd   Thumb Code   142  os_q.o(.text)
    OSQPostOpt                               0x08006a4b   Thumb Code   182  os_q.o(.text)
    OSQQuery                                 0x08006b01   Thumb Code    98  os_q.o(.text)
    OS_QInit                                 0x08006b63   Thumb Code    46  os_q.o(.text)
    OSTaskChangePrio                         0x08006b99   Thumb Code   396  os_task.o(.text)
    OSTaskCreate                             0x08006d25   Thumb Code   148  os_task.o(.text)
    OS_TaskStkClr                            0x08006db9   Thumb Code    26  os_task.o(.text)
    OSTaskCreateExt                          0x08006dd3   Thumb Code   170  os_task.o(.text)
    OSTaskDel                                0x08006e7d   Thumb Code   352  os_task.o(.text)
    OSTaskDelReq                             0x08006fdd   Thumb Code   100  os_task.o(.text)
    OSTaskNameGet                            0x08007041   Thumb Code   114  os_task.o(.text)
    OSTaskNameSet                            0x080070b3   Thumb Code    98  os_task.o(.text)
    OSTaskResume                             0x08007115   Thumb Code   154  os_task.o(.text)
    OSTaskStkChk                             0x080071af   Thumb Code   132  os_task.o(.text)
    OSTaskSuspend                            0x08007233   Thumb Code   152  os_task.o(.text)
    OSTaskQuery                              0x080072cb   Thumb Code    82  os_task.o(.text)
    OSTaskRegGet                             0x0800731d   Thumb Code    60  os_task.o(.text)
    OSTaskRegSet                             0x08007359   Thumb Code    62  os_task.o(.text)
    OS_TaskReturn                            0x08007397   Thumb Code    18  os_task.o(.text)
    OSTimeDly                                0x080073c1   Thumb Code    92  os_time.o(.text)
    OSTimeDlyHMSM                            0x0800741d   Thumb Code    76  os_time.o(.text)
    OSTimeDlyResume                          0x08007469   Thumb Code   168  os_time.o(.text)
    OSTimeGet                                0x08007511   Thumb Code    24  os_time.o(.text)
    OSTimeSet                                0x08007529   Thumb Code    24  os_time.o(.text)
    autoip_init                              0x08007559   Thumb Code     2  autoip.o(.text)
    autoip_start                             0x08007601   Thumb Code    96  autoip.o(.text)
    autoip_network_changed                   0x08007711   Thumb Code    28  autoip.o(.text)
    autoip_stop                              0x0800772d   Thumb Code    20  autoip.o(.text)
    autoip_tmr                               0x08007741   Thumb Code   262  autoip.o(.text)
    autoip_arp_reply                         0x08007847   Thumb Code   176  autoip.o(.text)
    icmp_input                               0x08007919   Thumb Code   368  icmp.o(.text)
    icmp_dest_unreach                        0x08007af5   Thumb Code    18  icmp.o(.text)
    icmp_time_exceeded                       0x08007b07   Thumb Code    18  icmp.o(.text)
    htonl                                    0x08007b19   Thumb Code    26  inet.o(.text)
    inet_aton                                0x08007b33   Thumb Code   336  inet.o(.text)
    inet_addr                                0x08007c83   Thumb Code    24  inet.o(.text)
    inet_ntoa                                0x08007c9b   Thumb Code   112  inet.o(.text)
    htons                                    0x08007d0b   Thumb Code    12  inet.o(.text)
    ntohs                                    0x08007d17   Thumb Code    12  inet.o(.text)
    ntohl                                    0x08007d23   Thumb Code    12  inet.o(.text)
    inet_chksum_pseudo                       0x08007d7f   Thumb Code   162  inet_chksum.o(.text)
    inet_chksum                              0x08007e21   Thumb Code    20  inet_chksum.o(.text)
    inet_chksum_pbuf                         0x08007e35   Thumb Code    86  inet_chksum.o(.text)
    ip_route                                 0x08007e8d   Thumb Code    70  ip.o(.text)
    ip_input                                 0x08007ed3   Thumb Code   446  ip.o(.text)
    ip_output_if                             0x08008091   Thumb Code   246  ip.o(.text)
    ip_output                                0x08008187   Thumb Code    52  ip.o(.text)
    ip_addr_isbroadcast                      0x080081d1   Thumb Code    78  ip_addr.o(.text)
    ip_reass_tmr                             0x080082cb   Thumb Code    48  ip_frag.o(.text)
    ip_reass                                 0x08008523   Thumb Code   410  ip_frag.o(.text)
    ip_frag                                  0x080086bd   Thumb Code   326  ip_frag.o(.text)
    dhcp_renew                               0x08008d9b   Thumb Code   148  dhcp.o(.text)
    dhcp_coarse_tmr                          0x08008f01   Thumb Code    62  dhcp.o(.text)
    dhcp_release                             0x08008ff3   Thumb Code   180  dhcp.o(.text)
    dhcp_fine_tmr                            0x08009243   Thumb Code    82  dhcp.o(.text)
    dhcp_stop                                0x080093a1   Thumb Code    60  dhcp.o(.text)
    dhcp_start                               0x08009591   Thumb Code   188  dhcp.o(.text)
    dhcp_inform                              0x0800964d   Thumb Code   160  dhcp.o(.text)
    dhcp_network_changed                     0x080096ed   Thumb Code    82  dhcp.o(.text)
    dhcp_arp_reply                           0x080097cb   Thumb Code    46  dhcp.o(.text)
    mem_init                                 0x08009881   Thumb Code    80  mem.o(.text)
    mem_free                                 0x080098d1   Thumb Code    68  mem.o(.text)
    mem_realloc                              0x08009915   Thumb Code   288  mem.o(.text)
    mem_malloc                               0x08009a35   Thumb Code   228  mem.o(.text)
    mem_calloc                               0x08009b19   Thumb Code    34  mem.o(.text)
    memp_init                                0x08009b51   Thumb Code    82  memp.o(.text)
    memp_malloc                              0x08009ba3   Thumb Code    40  memp.o(.text)
    memp_free                                0x08009bcb   Thumb Code    28  memp.o(.text)
    netif_set_gw                             0x08009bf9   Thumb Code    12  netif.o(.text)
    netif_set_netmask                        0x08009c05   Thumb Code    12  netif.o(.text)
    netif_set_ipaddr                         0x08009c11   Thumb Code   110  netif.o(.text)
    netif_set_addr                           0x08009c7f   Thumb Code    40  netif.o(.text)
    netif_add                                0x08009ca7   Thumb Code   100  netif.o(.text)
    netif_set_default                        0x08009d0b   Thumb Code     6  netif.o(.text)
    netif_remove                             0x08009d11   Thumb Code    74  netif.o(.text)
    netif_find                               0x08009d5b   Thumb Code    64  netif.o(.text)
    netif_set_up                             0x08009d9b   Thumb Code    44  netif.o(.text)
    netif_set_down                           0x08009dc7   Thumb Code    24  netif.o(.text)
    netif_is_up                              0x08009ddf   Thumb Code    12  netif.o(.text)
    pbuf_free                                0x08009e01   Thumb Code   110  pbuf.o(.text)
    pbuf_alloc                               0x08009e6f   Thumb Code   414  pbuf.o(.text)
    pbuf_realloc                             0x0800a00d   Thumb Code   120  pbuf.o(.text)
    pbuf_header                              0x0800a085   Thumb Code   126  pbuf.o(.text)
    pbuf_clen                                0x0800a103   Thumb Code    18  pbuf.o(.text)
    pbuf_ref                                 0x0800a115   Thumb Code    10  pbuf.o(.text)
    pbuf_cat                                 0x0800a11f   Thumb Code    56  pbuf.o(.text)
    pbuf_chain                               0x0800a157   Thumb Code    22  pbuf.o(.text)
    pbuf_dechain                             0x0800a16d   Thumb Code    56  pbuf.o(.text)
    pbuf_copy                                0x0800a1a5   Thumb Code   182  pbuf.o(.text)
    pbuf_copy_partial                        0x0800a25b   Thumb Code   146  pbuf.o(.text)
    pbuf_take                                0x0800a2ed   Thumb Code   116  pbuf.o(.text)
    pbuf_coalesce                            0x0800a361   Thumb Code    60  pbuf.o(.text)
    raw_input                                0x0800a39d   Thumb Code   100  raw.o(.text)
    raw_bind                                 0x0800a401   Thumb Code    16  raw.o(.text)
    raw_connect                              0x0800a411   Thumb Code    16  raw.o(.text)
    raw_recv                                 0x0800a421   Thumb Code     6  raw.o(.text)
    raw_sendto                               0x0800a427   Thumb Code   154  raw.o(.text)
    raw_send                                 0x0800a4c1   Thumb Code    18  raw.o(.text)
    raw_remove                               0x0800a4d3   Thumb Code    60  raw.o(.text)
    raw_new                                  0x0800a50f   Thumb Code    42  raw.o(.text)
    tcp_seg_free                             0x0800a53d   Thumb Code    32  tcp.o(.text)
    tcp_segs_free                            0x0800a55d   Thumb Code    30  tcp.o(.text)
    tcp_pcb_purge                            0x0800a57b   Thumb Code    54  tcp.o(.text)
    tcp_slowtmr                              0x0800a5b1   Thumb Code   712  tcp.o(.text)
    tcp_pcb_remove                           0x0800a879   Thumb Code   146  tcp.o(.text)
    tcp_close                                0x0800a90b   Thumb Code   272  tcp.o(.text)
    tcp_update_rcv_ann_wnd                   0x0800aa1b   Thumb Code    72  tcp.o(.text)
    tcp_recved                               0x0800aa63   Thumb Code    70  tcp.o(.text)
    tcp_recv_null                            0x0800aaa9   Thumb Code    46  tcp.o(.text)
    tcp_fasttmr                              0x0800aad7   Thumb Code   114  tcp.o(.text)
    tcp_tmr                                  0x0800ab49   Thumb Code    30  tcp.o(.text)
    tcp_abandon                              0x0800ab67   Thumb Code   148  tcp.o(.text)
    tcp_bind                                 0x0800ac63   Thumb Code   228  tcp.o(.text)
    tcp_listen_with_backlog                  0x0800ad4f   Thumb Code   192  tcp.o(.text)
    tcp_eff_send_mss                         0x0800ae0f   Thumb Code    46  tcp.o(.text)
    tcp_next_iss                             0x0800ae3d   Thumb Code    20  tcp.o(.text)
    tcp_connect                              0x0800ae51   Thumb Code   308  tcp.o(.text)
    tcp_setprio                              0x0800af85   Thumb Code     4  tcp.o(.text)
    tcp_alloc                                0x0800b00b   Thumb Code   172  tcp.o(.text)
    tcp_new                                  0x0800b0b7   Thumb Code    10  tcp.o(.text)
    tcp_arg                                  0x0800b0c1   Thumb Code     4  tcp.o(.text)
    tcp_recv                                 0x0800b0c5   Thumb Code     6  tcp.o(.text)
    tcp_sent                                 0x0800b0cb   Thumb Code     6  tcp.o(.text)
    tcp_err                                  0x0800b0d1   Thumb Code     6  tcp.o(.text)
    tcp_accept                               0x0800b0d7   Thumb Code     4  tcp.o(.text)
    tcp_poll                                 0x0800b0db   Thumb Code    10  tcp.o(.text)
    tcp_debug_state_str                      0x0800b0e5   Thumb Code    10  tcp.o(.text)
    tcp_input                                0x0800bf15   Thumb Code  1118  tcp_in.o(.text)
    tcp_enqueue                              0x0800c42b   Thumb Code  1014  tcp_out.o(.text)
    tcp_send_ctrl                            0x0800c821   Thumb Code    28  tcp_out.o(.text)
    tcp_write                                0x0800c83d   Thumb Code    72  tcp_out.o(.text)
    tcp_send_empty_ack                       0x0800c885   Thumb Code    94  tcp_out.o(.text)
    tcp_output                               0x0800c9a5   Thumb Code   474  tcp_out.o(.text)
    tcp_rst                                  0x0800cb7f   Thumb Code   170  tcp_out.o(.text)
    tcp_rexmit_rto                           0x0800cc29   Thumb Code    58  tcp_out.o(.text)
    tcp_rexmit                               0x0800cc63   Thumb Code    80  tcp_out.o(.text)
    tcp_rexmit_fast                          0x0800ccb3   Thumb Code   130  tcp_out.o(.text)
    tcp_keepalive                            0x0800cd35   Thumb Code    82  tcp_out.o(.text)
    tcp_zero_window_probe                    0x0800cd87   Thumb Code   168  tcp_out.o(.text)
    udp_input                                0x0800ce31   Thumb Code   452  udp.o(.text)
    udp_bind                                 0x0800cff5   Thumb Code   106  udp.o(.text)
    udp_sendto_if                            0x0800d05f   Thumb Code   202  udp.o(.text)
    udp_sendto                               0x0800d129   Thumb Code    46  udp.o(.text)
    udp_send                                 0x0800d157   Thumb Code    20  udp.o(.text)
    udp_connect                              0x0800d16b   Thumb Code    94  udp.o(.text)
    udp_disconnect                           0x0800d1c9   Thumb Code    28  udp.o(.text)
    udp_recv                                 0x0800d1e5   Thumb Code     6  udp.o(.text)
    udp_remove                               0x0800d1eb   Thumb Code    60  udp.o(.text)
    udp_new                                  0x0800d227   Thumb Code    28  udp.o(.text)
    etharp_tmr                               0x0800d277   Thumb Code   154  etharp.o(.text)
    etharp_find_addr                         0x0800d61d   Thumb Code    86  etharp.o(.text)
    etharp_ip_input                          0x0800d673   Thumb Code    60  etharp.o(.text)
    etharp_arp_input                         0x0800d6af   Thumb Code   340  etharp.o(.text)
    etharp_raw                               0x0800d803   Thumb Code   212  etharp.o(.text)
    etharp_request                           0x0800d8d7   Thumb Code    36  etharp.o(.text)
    etharp_query                             0x0800d8fb   Thumb Code   386  etharp.o(.text)
    etharp_output                            0x0800da7d   Thumb Code   190  etharp.o(.text)
    ethernet_input                           0x0800db3b   Thumb Code   122  etharp.o(.text)
    ethernetif_input                         0x0800dcf9   Thumb Code    44  ethernetif.o(.text)
    ethernetif_init                          0x0800dd25   Thumb Code    38  ethernetif.o(.text)
    ETH_DeInit                               0x0800dd8d   Thumb Code    22  stm32f4x7_eth.o(.text)
    ETH_StructInit                           0x0800dda3   Thumb Code   178  stm32f4x7_eth.o(.text)
    ETH_WritePHYRegister                     0x0800de55   Thumb Code    96  stm32f4x7_eth.o(.text)
    ETH_ReadPHYRegister                      0x0800deb5   Thumb Code    98  stm32f4x7_eth.o(.text)
    ETH_Init                                 0x0800df17   Thumb Code   638  stm32f4x7_eth.o(.text)
    ETH_DMAReceptionCmd                      0x0800e195   Thumb Code    30  stm32f4x7_eth.o(.text)
    ETH_DMATransmissionCmd                   0x0800e1b3   Thumb Code    30  stm32f4x7_eth.o(.text)
    ETH_MACReceptionCmd                      0x0800e1d1   Thumb Code    30  stm32f4x7_eth.o(.text)
    ETH_FlushTransmitFIFO                    0x0800e1ef   Thumb Code    14  stm32f4x7_eth.o(.text)
    ETH_MACTransmissionCmd                   0x0800e1fd   Thumb Code    30  stm32f4x7_eth.o(.text)
    ETH_Start                                0x0800e21b   Thumb Code    32  stm32f4x7_eth.o(.text)
    ETH_GetFlowControlBusyStatus             0x0800e23b   Thumb Code    66  stm32f4x7_eth.o(.text)
    ETH_InitiatePauseControlFrame            0x0800e27d   Thumb Code    14  stm32f4x7_eth.o(.text)
    ETH_BackPressureActivationCmd            0x0800e28b   Thumb Code    30  stm32f4x7_eth.o(.text)
    ETH_GetMACFlagStatus                     0x0800e2a9   Thumb Code    20  stm32f4x7_eth.o(.text)
    ETH_GetMACITStatus                       0x0800e2bd   Thumb Code    20  stm32f4x7_eth.o(.text)
    ETH_MACITConfig                          0x0800e2d1   Thumb Code    26  stm32f4x7_eth.o(.text)
    ETH_MACAddressConfig                     0x0800e2eb   Thumb Code    46  stm32f4x7_eth.o(.text)
    ETH_GetMACAddress                        0x0800e319   Thumb Code    36  stm32f4x7_eth.o(.text)
    ETH_MACAddressPerfectFilterCmd           0x0800e33d   Thumb Code    38  stm32f4x7_eth.o(.text)
    ETH_MACAddressFilterConfig               0x0800e363   Thumb Code    40  stm32f4x7_eth.o(.text)
    ETH_MACAddressMaskBytesFilterConfig      0x0800e38b   Thumb Code    32  stm32f4x7_eth.o(.text)
    ETH_Get_Received_Frame                   0x0800e3ab   Thumb Code    82  stm32f4x7_eth.o(.text)
    ETH_Get_Received_Frame_interrupt         0x0800e3fd   Thumb Code   268  stm32f4x7_eth.o(.text)
    ETH_Prepare_Transmit_Descriptors         0x0800e509   Thumb Code   222  stm32f4x7_eth.o(.text)
    ETH_DMARxDescChainInit                   0x0800e5e7   Thumb Code    82  stm32f4x7_eth.o(.text)
    ETH_CheckFrameReceived                   0x0800e639   Thumb Code   214  stm32f4x7_eth.o(.text)
    ETH_DMATxDescChainInit                   0x0800e70f   Thumb Code    70  stm32f4x7_eth.o(.text)
    ETH_GetDMATxDescFlagStatus               0x0800e755   Thumb Code    18  stm32f4x7_eth.o(.text)
    ETH_GetDMATxDescCollisionCount           0x0800e767   Thumb Code    10  stm32f4x7_eth.o(.text)
    ETH_SetDMATxDescOwnBit                   0x0800e771   Thumb Code    10  stm32f4x7_eth.o(.text)
    ETH_DMATxDescTransmitITConfig            0x0800e77b   Thumb Code    22  stm32f4x7_eth.o(.text)
    ETH_DMATxDescFrameSegmentConfig          0x0800e791   Thumb Code     8  stm32f4x7_eth.o(.text)
    ETH_DMATxDescChecksumInsertionConfig     0x0800e799   Thumb Code     8  stm32f4x7_eth.o(.text)
    ETH_DMATxDescCRCCmd                      0x0800e7a1   Thumb Code    22  stm32f4x7_eth.o(.text)
    ETH_DMATxDescSecondAddressChainedCmd     0x0800e7b7   Thumb Code    22  stm32f4x7_eth.o(.text)
    ETH_DMATxDescShortFramePaddingCmd        0x0800e7cd   Thumb Code    22  stm32f4x7_eth.o(.text)
    ETH_DMATxDescBufferSizeConfig            0x0800e7e3   Thumb Code    14  stm32f4x7_eth.o(.text)
    ETH_GetDMARxDescFlagStatus               0x0800e7f1   Thumb Code    18  stm32f4x7_eth.o(.text)
    ETH_GetDMAPTPRxDescExtendedFlagStatus    0x0800e803   Thumb Code    18  stm32f4x7_eth.o(.text)
    ETH_SetDMARxDescOwnBit                   0x0800e815   Thumb Code    10  stm32f4x7_eth.o(.text)
    ETH_GetDMARxDescFrameLength              0x0800e81f   Thumb Code    10  stm32f4x7_eth.o(.text)
    ETH_DMARxDescReceiveITConfig             0x0800e829   Thumb Code    22  stm32f4x7_eth.o(.text)
    ETH_GetDMARxDescBufferSize               0x0800e83f   Thumb Code    20  stm32f4x7_eth.o(.text)
    ETH_GetRxPktSize                         0x0800e853   Thumb Code    42  stm32f4x7_eth.o(.text)
    ETH_EnhancedDescriptorCmd                0x0800e87d   Thumb Code    30  stm32f4x7_eth.o(.text)
    ETH_SoftwareReset                        0x0800e89b   Thumb Code    14  stm32f4x7_eth.o(.text)
    ETH_GetSoftwareResetStatus               0x0800e8a9   Thumb Code    20  stm32f4x7_eth.o(.text)
    ETH_GetDMAFlagStatus                     0x0800e8bd   Thumb Code    20  stm32f4x7_eth.o(.text)
    ETH_DMAClearFlag                         0x0800e8d1   Thumb Code     6  stm32f4x7_eth.o(.text)
    ETH_DMAITConfig                          0x0800e8d7   Thumb Code    26  stm32f4x7_eth.o(.text)
    ETH_GetDMAITStatus                       0x0800e8f1   Thumb Code    20  stm32f4x7_eth.o(.text)
    ETH_DMAClearITPendingBit                 0x0800e905   Thumb Code     6  stm32f4x7_eth.o(.text)
    ETH_GetTransmitProcessState              0x0800e90b   Thumb Code    10  stm32f4x7_eth.o(.text)
    ETH_GetReceiveProcessState               0x0800e915   Thumb Code    10  stm32f4x7_eth.o(.text)
    ETH_GetFlushTransmitFIFOStatus           0x0800e91f   Thumb Code    20  stm32f4x7_eth.o(.text)
    ETH_GetDMAOverflowStatus                 0x0800e933   Thumb Code    20  stm32f4x7_eth.o(.text)
    ETH_GetRxOverflowMissedFrameCounter      0x0800e947   Thumb Code    10  stm32f4x7_eth.o(.text)
    ETH_GetBufferUnavailableMissedFrameCounter 0x0800e951   Thumb Code     8  stm32f4x7_eth.o(.text)
    ETH_GetCurrentTxDescStartAddress         0x0800e959   Thumb Code     6  stm32f4x7_eth.o(.text)
    ETH_GetCurrentRxDescStartAddress         0x0800e95f   Thumb Code     6  stm32f4x7_eth.o(.text)
    ETH_GetCurrentTxBufferAddress            0x0800e965   Thumb Code     6  stm32f4x7_eth.o(.text)
    ETH_GetCurrentRxBufferAddress            0x0800e96b   Thumb Code     6  stm32f4x7_eth.o(.text)
    ETH_ResumeDMATransmission                0x0800e971   Thumb Code     8  stm32f4x7_eth.o(.text)
    ETH_ResumeDMAReception                   0x0800e979   Thumb Code     8  stm32f4x7_eth.o(.text)
    ETH_SetReceiveWatchdogTimer              0x0800e981   Thumb Code     6  stm32f4x7_eth.o(.text)
    ETH_PHYLoopBackCmd                       0x0800e987   Thumb Code    52  stm32f4x7_eth.o(.text)
    ETH_ResetWakeUpFrameFilterRegisterPointer 0x0800e9bb   Thumb Code    14  stm32f4x7_eth.o(.text)
    ETH_SetWakeUpFrameFilterRegister         0x0800e9c9   Thumb Code    24  stm32f4x7_eth.o(.text)
    ETH_GlobalUnicastWakeUpCmd               0x0800e9e1   Thumb Code    30  stm32f4x7_eth.o(.text)
    ETH_GetPMTFlagStatus                     0x0800e9ff   Thumb Code    20  stm32f4x7_eth.o(.text)
    ETH_WakeUpFrameDetectionCmd              0x0800ea13   Thumb Code    30  stm32f4x7_eth.o(.text)
    ETH_MagicPacketDetectionCmd              0x0800ea31   Thumb Code    30  stm32f4x7_eth.o(.text)
    ETH_PowerDownCmd                         0x0800ea4f   Thumb Code    50  stm32f4x7_eth.o(.text)
    ETH_MMCCounterFullPreset                 0x0800ea81   Thumb Code    16  stm32f4x7_eth.o(.text)
    ETH_MMCCounterHalfPreset                 0x0800ea91   Thumb Code    30  stm32f4x7_eth.o(.text)
    ETH_MMCCounterFreezeCmd                  0x0800eaaf   Thumb Code    34  stm32f4x7_eth.o(.text)
    ETH_MMCResetOnReadCmd                    0x0800ead1   Thumb Code    34  stm32f4x7_eth.o(.text)
    ETH_MMCCounterRolloverCmd                0x0800eaf3   Thumb Code    34  stm32f4x7_eth.o(.text)
    ETH_MMCCountersReset                     0x0800eb15   Thumb Code    16  stm32f4x7_eth.o(.text)
    ETH_MMCITConfig                          0x0800eb25   Thumb Code    78  stm32f4x7_eth.o(.text)
    ETH_GetMMCITStatus                       0x0800eb73   Thumb Code    66  stm32f4x7_eth.o(.text)
    ETH_GetMMCRegister                       0x0800ebb5   Thumb Code     8  stm32f4x7_eth.o(.text)
    __aeabi_memcpy                           0x0800ebc5   Thumb Code    36  memcpya.o(.text)
    __aeabi_memcpy4                          0x0800ebc5   Thumb Code     0  memcpya.o(.text)
    __aeabi_memcpy8                          0x0800ebc5   Thumb Code     0  memcpya.o(.text)
    __aeabi_memset                           0x0800ebe9   Thumb Code    14  memseta.o(.text)
    __aeabi_memset4                          0x0800ebe9   Thumb Code     0  memseta.o(.text)
    __aeabi_memset8                          0x0800ebe9   Thumb Code     0  memseta.o(.text)
    __aeabi_memclr                           0x0800ebf7   Thumb Code     4  memseta.o(.text)
    __aeabi_memclr4                          0x0800ebf7   Thumb Code     0  memseta.o(.text)
    __aeabi_memclr8                          0x0800ebf7   Thumb Code     0  memseta.o(.text)
    _memset$wrapper                          0x0800ebfb   Thumb Code    18  memseta.o(.text)
    memcmp                                   0x0800ec0d   Thumb Code    26  memcmp.o(.text)
    __aeabi_uldivmod                         0x0800ec27   Thumb Code    98  uldiv.o(.text)
    __scatterload                            0x0800ec89   Thumb Code    28  init.o(.text)
    __scatterload_rt2                        0x0800ec89   Thumb Code     0  init.o(.text)
    __aeabi_llsl                             0x0800ecad   Thumb Code    30  llshl.o(.text)
    _ll_shift_l                              0x0800ecad   Thumb Code     0  llshl.o(.text)
    __aeabi_llsr                             0x0800eccb   Thumb Code    32  llushr.o(.text)
    _ll_ushift_r                             0x0800eccb   Thumb Code     0  llushr.o(.text)
    __decompress                             0x0800eceb   Thumb Code     0  __dczerorl2.o(.text)
    __decompress1                            0x0800eceb   Thumb Code    86  __dczerorl2.o(.text)
    __0printf$8                              0x0800ed41   Thumb Code    22  printf8.o(i.__0printf$8)
    __1printf$8                              0x0800ed41   Thumb Code     0  printf8.o(i.__0printf$8)
    __2printf                                0x0800ed41   Thumb Code     0  printf8.o(i.__0printf$8)
    __scatterload_copy                       0x0800ed61   Thumb Code    14  handlers.o(i.__scatterload_copy)
    __scatterload_null                       0x0800ed6f   Thumb Code     2  handlers.o(i.__scatterload_null)
    __scatterload_zeroinit                   0x0800ed71   Thumb Code    14  handlers.o(i.__scatterload_zeroinit)
    CAN_baud_table                           0x0800f1e4   Data         360  can.o(.constdata)
    TEXT_Buffer                              0x0800f34c   Data          17  stmflash.o(.constdata)
    OSUnMapTbl                               0x0800f35d   Data         256  os_core.o(.constdata)
    ip_addr_any                              0x0800f45d   Data           4  ip_addr.o(.constdata)
    ip_addr_broadcast                        0x0800f461   Data           4  ip_addr.o(.constdata)
    tcp_backoff                              0x0800f48a   Data          13  tcp.o(.constdata)
    tcp_persist_backoff                      0x0800f497   Data           7  tcp.o(.constdata)
    ethbroadcast                             0x0800f49e   Data           6  etharp.o(.constdata)
    ethzero                                  0x0800f4a4   Data           6  etharp.o(.constdata)
    Region$$Table$$Base                      0x0800f6bc   Number         0  anon$$obj.o(Region$$Table)
    Region$$Table$$Limit                     0x0800f6dc   Number         0  anon$$obj.o(Region$$Table)
    tafficlight_dbg_level                    0x20000000   Data           4  main.o(.data)
    g_online_num                             0x20000004   Data           1  trafficlight.o(.data)
    start_led                                0x20000005   Data           1  trafficlight.o(.data)
    start_time                               0x20000006   Data           1  trafficlight.o(.data)
    start_ticks_qi                           0x20000008   Data           4  trafficlight.o(.data)
    TCPTimer                                 0x2000000c   Data           4  netconf.o(.data)
    ARPTimer                                 0x20000010   Data           4  netconf.o(.data)
    IPaddress                                0x20000014   Data           4  netconf.o(.data)
    __stdout                                 0x20000018   Data           4  sci.o(.data)
    USART_RX_STA                             0x2000001c   Data           2  sci.o(.data)
    USART3_RX_STA                            0x2000001e   Data           2  sci.o(.data)
    RS485_REC_Flag                           0x20000020   Data           1  sci.o(.data)
    RS485_rec_counter                        0x20000024   Data           4  sci.o(.data)
    send_buf                                 0x20000028   Data          20  sci.o(.data)
    CAN1_data                                0x2000003c   Data           8  can.o(.data)
    can1_rec_flag                            0x20000044   Data           1  can.o(.data)
    g_accept_num                             0x20000046   Data           1  tcp_server.o(.data)
    g_tcp_num                                0x20000048   Data           6  tcp_server.o(.data)
    SystemCoreClock                          0x20000060   Data           4  system_stm32f4xx.o(.data)
    AHBPrescTable                            0x20000064   Data          16  system_stm32f4xx.o(.data)
    OSCtxSwCtr                               0x20000074   Data           4  os_core.o(.data)
    OSEventFreeList                          0x20000078   Data           4  os_core.o(.data)
    OSFlagFreeList                           0x2000007c   Data           4  os_core.o(.data)
    OSCPUUsage                               0x20000080   Data           1  os_core.o(.data)
    OSIdleCtrMax                             0x20000084   Data           4  os_core.o(.data)
    OSIdleCtrRun                             0x20000088   Data           4  os_core.o(.data)
    OSStatRdy                                0x2000008c   Data           1  os_core.o(.data)
    OSIntNesting                             0x2000008d   Data           1  os_core.o(.data)
    OSLockNesting                            0x2000008e   Data           1  os_core.o(.data)
    OSPrioCur                                0x2000008f   Data           1  os_core.o(.data)
    OSPrioHighRdy                            0x20000090   Data           1  os_core.o(.data)
    OSRdyGrp                                 0x20000091   Data           1  os_core.o(.data)
    OSRdyTbl                                 0x20000092   Data           8  os_core.o(.data)
    OSRunning                                0x2000009a   Data           1  os_core.o(.data)
    OSTaskCtr                                0x2000009b   Data           1  os_core.o(.data)
    OSIdleCtr                                0x2000009c   Data           4  os_core.o(.data)
    OSTCBCur                                 0x200000a0   Data           4  os_core.o(.data)
    OSTCBFreeList                            0x200000a4   Data           4  os_core.o(.data)
    OSTCBHighRdy                             0x200000a8   Data           4  os_core.o(.data)
    OSTCBList                                0x200000ac   Data           4  os_core.o(.data)
    OSTickStepState                          0x200000b0   Data           1  os_core.o(.data)
    OSMemFreeList                            0x200000b4   Data           4  os_core.o(.data)
    OSQFreeList                              0x200000b8   Data           4  os_core.o(.data)
    OSTime                                   0x200000bc   Data           4  os_core.o(.data)
    current_netif                            0x200000c0   Data           4  ip.o(.data)
    current_header                           0x200000c4   Data           4  ip.o(.data)
    netif_list                               0x200000e8   Data           4  netif.o(.data)
    netif_default                            0x200000ec   Data           4  netif.o(.data)
    tcp_state_str                            0x200000f8   Data          44  tcp.o(.data)
    tcp_ticks                                0x20000124   Data           4  tcp.o(.data)
    tcp_bound_pcbs                           0x20000128   Data           4  tcp.o(.data)
    tcp_listen_pcbs                          0x2000012c   Data           4  tcp.o(.data)
    tcp_active_pcbs                          0x20000130   Data           4  tcp.o(.data)
    tcp_tw_pcbs                              0x20000134   Data           4  tcp.o(.data)
    tcp_tmp_pcb                              0x20000138   Data           4  tcp.o(.data)
    tcp_input_pcb                            0x20000160   Data           4  tcp_in.o(.data)
    udp_pcbs                                 0x20000164   Data           4  udp.o(.data)
    DMATxDescToSet                           0x2000016c   Data           4  stm32f4x7_eth.o(.data)
    DMARxDescToGet                           0x20000170   Data           4  stm32f4x7_eth.o(.data)
    DMA_RX_FRAME_infos                       0x20000174   Data           4  stm32f4x7_eth.o(.data)
    Frame_Rx_index                           0x20000178   Data           4  stm32f4x7_eth.o(.data)
    Stk_TaskStartUp                          0x2000017c   Data         400  main.o(.bss)
    Stk_Task_LED                             0x2000030c   Data        1600  task_trafficlight.o(.bss)
    Stk_Task_TRAFFIC                         0x2000094c   Data        1600  task_trafficlight.o(.bss)
    Stk_Task_UDP_Client                      0x20000f8c   Data        8000  task_trafficlight.o(.bss)
    Stk_Task_QIJUN                           0x20002ecc   Data        1600  task_trafficlight.o(.bss)
    g_trafficlight                           0x2000350c   Data         432  trafficlight.o(.bss)
    g_online                                 0x200036bc   Data          24  trafficlight.o(.bss)
    netif                                    0x200036d4   Data          56  netconf.o(.bss)
    USART_RX_BUF                             0x2000370c   Data         200  sci.o(.bss)
    USART3_RX_BUF                            0x200037d4   Data         200  sci.o(.bss)
    RS485_buff                               0x2000389c   Data         100  sci.o(.bss)
    g_rbuffer                                0x20003900   Data         302  ring_buffer.o(.bss)
    g_pcb                                    0x20003a30   Data          12  tcp_server.o(.bss)
    OSEventTbl                               0x20003a3c   Data         240  os_core.o(.bss)
    OSFlagTbl                                0x20003b2c   Data          80  os_core.o(.bss)
    OSTaskStatStk                            0x20003b7c   Data         512  os_core.o(.bss)
    OSTaskIdleStk                            0x20003d7c   Data         512  os_core.o(.bss)
    OSTCBPrioTbl                             0x20003f7c   Data         256  os_core.o(.bss)
    OSTCBTbl                                 0x2000407c   Data        1936  os_core.o(.bss)
    OSMemTbl                                 0x2000480c   Data         120  os_core.o(.bss)
    OSQTbl                                   0x20004884   Data          96  os_core.o(.bss)
    DMARxDscrTab                             0x20009bfc   Data         128  stm32f4x7_eth.o(.bss)
    DMATxDscrTab                             0x20009c7c   Data          64  stm32f4x7_eth.o(.bss)
    Rx_Buff                                  0x20009cbc   Data        6096  stm32f4x7_eth.o(.bss)
    Tx_Buff                                  0x2000b48c   Data        3048  stm32f4x7_eth.o(.bss)
    RX_Frame_Descriptor                      0x2000c074   Data          12  stm32f4x7_eth.o(.bss)
    __initial_sp                             0x2000c480   Data           0  startup_stm32f4xx.o(STACK)



==============================================================================

Memory Map of the image

  Image Entry point : 0x08000189

  Load Region LR_IROM1 (Base: 0x08000000, Size: 0x0000f858, Max: 0x00080000, ABSOLUTE, COMPRESSED[0x0000f738])

    Execution Region ER_IROM1 (Base: 0x08000000, Size: 0x0000f6dc, Max: 0x00080000, ABSOLUTE)

    Base Addr    Size         Type   Attr      Idx    E Section Name        Object

    0x08000000   0x00000188   Data   RO         1226    RESET               startup_stm32f4xx.o
    0x08000188   0x00000000   Code   RO         1960  * .ARM.Collect$$$$00000000  mc_w.l(entry.o)
    0x08000188   0x00000004   Code   RO         2232    .ARM.Collect$$$$00000001  mc_w.l(entry2.o)
    0x0800018c   0x00000004   Code   RO         2235    .ARM.Collect$$$$00000004  mc_w.l(entry5.o)
    0x08000190   0x00000000   Code   RO         2237    .ARM.Collect$$$$00000008  mc_w.l(entry7b.o)
    0x08000190   0x00000000   Code   RO         2239    .ARM.Collect$$$$0000000A  mc_w.l(entry8b.o)
    0x08000190   0x00000008   Code   RO         2240    .ARM.Collect$$$$0000000B  mc_w.l(entry9a.o)
    0x08000198   0x00000000   Code   RO         2242    .ARM.Collect$$$$0000000D  mc_w.l(entry10a.o)
    0x08000198   0x00000000   Code   RO         2244    .ARM.Collect$$$$0000000F  mc_w.l(entry11a.o)
    0x08000198   0x00000004   Code   RO         2233    .ARM.Collect$$$$00002712  mc_w.l(entry2.o)
    0x0800019c   0x00000240   Code   RO            2    .text               main.o
    0x080003dc   0x000001b4   Code   RO          293    .text               task_trafficlight.o
    0x08000590   0x000013fc   Code   RO          334    .text               trafficlight.o
    0x0800198c   0x000002b4   Code   RO          382    .text               rsu_parse.o
    0x08001c40   0x00000034   Code   RO          402    .text               led.o
    0x08001c74   0x00000018   Code   RO          418    .text               bsp_global.o
    0x08001c8c   0x000000aa   Code   RO          434    .text               nvic.o
    0x08001d36   0x00000002   PAD
    0x08001d38   0x000001ec   Code   RO          450    .text               stm32f4x7_eth_bsp.o
    0x08001f24   0x000002c8   Code   RO          470    .text               netconf.o
    0x080021ec   0x00000058   Code   RO          518    .text               stm32f4xx_it.o
    0x08002244   0x0000052c   Code   RO          537    .text               sci.o
    0x08002770   0x000001e4   Code   RO          569    .text               can.o
    0x08002954   0x00000150   Code   RO          593    .text               drv_trafficlight.o
    0x08002aa4   0x000001a8   Code   RO          612    .text               stmflash.o
    0x08002c4c   0x000000a8   Code   RO          654    .text               ring_buffer.o
    0x08002cf4   0x00000170   Code   RO          673    .text               tcp_server.o
    0x08002e64   0x00000034   Code   RO          693    .text               iwdg.o
    0x08002e98   0x000000e0   Code   RO          727    .text               misc.o
    0x08002f78   0x000009f0   Code   RO          759    .text               stm32f4xx_can.o
    0x08003968   0x000004bc   Code   RO          935    .text               stm32f4xx_flash.o
    0x08003e24   0x0000025c   Code   RO          967    .text               stm32f4xx_gpio.o
    0x08004080   0x00000040   Code   RO         1047    .text               stm32f4xx_iwdg.o
    0x080040c0   0x00000588   Code   RO         1079    .text               stm32f4xx_rcc.o
    0x08004648   0x0000008c   Code   RO         1161    .text               stm32f4xx_syscfg.o
    0x080046d4   0x0000041a   Code   RO         1193    .text               stm32f4xx_usart.o
    0x08004aee   0x00000002   PAD
    0x08004af0   0x00000024   Code   RO         1227    .text               startup_stm32f4xx.o
    0x08004b14   0x00000210   Code   RO         1232    .text               system_stm32f4xx.o
    0x08004d24   0x000000c4   Code   RO         1253    .text               os_cpu_a.o
    0x08004de8   0x00000148   Code   RO         1257    .text               os_cpu_c.o
    0x08004f30   0x00000cb4   Code   RO         1295    .text               os_core.o
    0x08005be4   0x000007fc   Code   RO         1319    .text               os_flag.o
    0x080063e0   0x000001d4   Code   RO         1351    .text               os_mem.o
    0x080065b4   0x000005e4   Code   RO         1383    .text               os_q.o
    0x08006b98   0x00000828   Code   RO         1415    .text               os_task.o
    0x080073c0   0x00000198   Code   RO         1431    .text               os_time.o
    0x08007558   0x000003c0   Code   RO         1507    .text               autoip.o
    0x08007918   0x00000200   Code   RO         1530    .text               icmp.o
    0x08007b18   0x0000021c   Code   RO         1557    .text               inet.o
    0x08007d34   0x00000156   Code   RO         1570    .text               inet_chksum.o
    0x08007e8a   0x00000002   PAD
    0x08007e8c   0x00000344   Code   RO         1589    .text               ip.o
    0x080081d0   0x0000004e   Code   RO         1619    .text               ip_addr.o
    0x0800821e   0x00000002   PAD
    0x08008220   0x000005ec   Code   RO         1641    .text               ip_frag.o
    0x0800880c   0x00000ff8   Code   RO         1659    .text               dhcp.o
    0x08009804   0x0000034c   Code   RO         1713    .text               mem.o
    0x08009b50   0x000000a8   Code   RO         1728    .text               memp.o
    0x08009bf8   0x00000208   Code   RO         1755    .text               netif.o
    0x08009e00   0x0000059c   Code   RO         1777    .text               pbuf.o
    0x0800a39c   0x000001a0   Code   RO         1789    .text               raw.o
    0x0800a53c   0x00000bd0   Code   RO         1815    .text               tcp.o
    0x0800b10c   0x00001294   Code   RO         1836    .text               tcp_in.o
    0x0800c3a0   0x00000a8e   Code   RO         1856    .text               tcp_out.o
    0x0800ce2e   0x00000002   PAD
    0x0800ce30   0x0000041c   Code   RO         1868    .text               udp.o
    0x0800d24c   0x00000968   Code   RO         1897    .text               etharp.o
    0x0800dbb4   0x000001bc   Code   RO         1924    .text               ethernetif.o
    0x0800dd70   0x00000e54   Code   RO         1941    .text               stm32f4x7_eth.o
    0x0800ebc4   0x00000024   Code   RO         1963    .text               mc_w.l(memcpya.o)
    0x0800ebe8   0x00000024   Code   RO         1965    .text               mc_w.l(memseta.o)
    0x0800ec0c   0x0000001a   Code   RO         1967    .text               mc_w.l(memcmp.o)
    0x0800ec26   0x00000062   Code   RO         2248    .text               mc_w.l(uldiv.o)
    0x0800ec88   0x00000024   Code   RO         2261    .text               mc_w.l(init.o)
    0x0800ecac   0x0000001e   Code   RO         2263    .text               mc_w.l(llshl.o)
    0x0800ecca   0x00000020   Code   RO         2265    .text               mc_w.l(llushr.o)
    0x0800ecea   0x00000056   Code   RO         2279    .text               mc_w.l(__dczerorl2.o)
    0x0800ed40   0x00000020   Code   RO         2178    i.__0printf$8       mc_w.l(printf8.o)
    0x0800ed60   0x0000000e   Code   RO         2273    i.__scatterload_copy  mc_w.l(handlers.o)
    0x0800ed6e   0x00000002   Code   RO         2274    i.__scatterload_null  mc_w.l(handlers.o)
    0x0800ed70   0x0000000e   Code   RO         2275    i.__scatterload_zeroinit  mc_w.l(handlers.o)
    0x0800ed7e   0x00000002   PAD
    0x0800ed80   0x00000410   Code   RO         2185    i._printf_core      mc_w.l(printf8.o)
    0x0800f190   0x00000024   Code   RO         2186    i._printf_post_padding  mc_w.l(printf8.o)
    0x0800f1b4   0x0000002e   Code   RO         2187    i._printf_pre_padding  mc_w.l(printf8.o)
    0x0800f1e2   0x00000002   PAD
    0x0800f1e4   0x00000168   Data   RO          570    .constdata          can.o
    0x0800f34c   0x00000011   Data   RO          613    .constdata          stmflash.o
    0x0800f35d   0x00000100   Data   RO         1297    .constdata          os_core.o
    0x0800f45d   0x00000008   Data   RO         1620    .constdata          ip_addr.o
    0x0800f465   0x00000001   PAD
    0x0800f466   0x00000024   Data   RO         1730    .constdata          memp.o
    0x0800f48a   0x00000014   Data   RO         1816    .constdata          tcp.o
    0x0800f49e   0x0000000c   Data   RO         1899    .constdata          etharp.o
    0x0800f4aa   0x00000002   PAD
    0x0800f4ac   0x00000198   Data   RO          336    .conststring        trafficlight.o
    0x0800f644   0x00000075   Data   RO         1817    .conststring        tcp.o
    0x0800f6b9   0x00000003   PAD
    0x0800f6bc   0x00000020   Data   RO         2271    Region$$Table       anon$$obj.o


    Execution Region RW_IRAM1 (Base: 0x20000000, Size: 0x0000c480, Max: 0x00020000, ABSOLUTE, COMPRESSED[0x0000005c])

    Base Addr    Size         Type   Attr      Idx    E Section Name        Object

    0x20000000   0x00000004   Data   RW            4    .data               main.o
    0x20000004   0x00000008   Data   RW          337    .data               trafficlight.o
    0x2000000c   0x0000000c   Data   RW          472    .data               netconf.o
    0x20000018   0x00000024   Data   RW          539    .data               sci.o
    0x2000003c   0x00000009   Data   RW          571    .data               can.o
    0x20000045   0x00000001   PAD
    0x20000046   0x00000008   Data   RW          675    .data               tcp_server.o
    0x2000004e   0x00000010   Data   RW         1080    .data               stm32f4xx_rcc.o
    0x2000005e   0x00000002   PAD
    0x20000060   0x00000014   Data   RW         1233    .data               system_stm32f4xx.o
    0x20000074   0x0000004c   Data   RW         1298    .data               os_core.o
    0x200000c0   0x0000000a   Data   RW         1590    .data               ip.o
    0x200000ca   0x00000002   PAD
    0x200000cc   0x00000006   Data   RW         1643    .data               ip_frag.o
    0x200000d2   0x00000002   PAD
    0x200000d4   0x00000004   Data   RW         1660    .data               dhcp.o
    0x200000d8   0x0000000d   Data   RW         1715    .data               mem.o
    0x200000e5   0x00000003   PAD
    0x200000e8   0x00000009   Data   RW         1756    .data               netif.o
    0x200000f1   0x00000003   PAD
    0x200000f4   0x00000004   Data   RW         1790    .data               raw.o
    0x200000f8   0x0000004c   Data   RW         1818    .data               tcp.o
    0x20000144   0x00000020   Data   RW         1838    .data               tcp_in.o
    0x20000164   0x00000004   Data   RW         1869    .data               udp.o
    0x20000168   0x00000001   Data   RW         1900    .data               etharp.o
    0x20000169   0x00000003   PAD
    0x2000016c   0x00000010   Data   RW         1943    .data               stm32f4x7_eth.o
    0x2000017c   0x00000190   Zero   RW            3    .bss                main.o
    0x2000030c   0x00003200   Zero   RW          294    .bss                task_trafficlight.o
    0x2000350c   0x000001c8   Zero   RW          335    .bss                trafficlight.o
    0x200036d4   0x00000038   Zero   RW          471    .bss                netconf.o
    0x2000370c   0x000001f4   Zero   RW          538    .bss                sci.o
    0x20003900   0x0000012e   Zero   RW          655    .bss                ring_buffer.o
    0x20003a2e   0x00000002   PAD
    0x20003a30   0x0000000c   Zero   RW          674    .bss                tcp_server.o
    0x20003a3c   0x00000ea8   Zero   RW         1296    .bss                os_core.o
    0x200048e4   0x00000010   Zero   RW         1558    .bss                inet.o
    0x200048f4   0x000005e0   Zero   RW         1642    .bss                ip_frag.o
    0x20004ed4   0x00002814   Zero   RW         1714    .bss                mem.o
    0x200076e8   0x00002437   Zero   RW         1729    .bss                memp.o
    0x20009b1f   0x00000001   PAD
    0x20009b20   0x00000014   Zero   RW         1837    .bss                tcp_in.o
    0x20009b34   0x000000c8   Zero   RW         1898    .bss                etharp.o
    0x20009bfc   0x00002484   Zero   RW         1942    .bss                stm32f4x7_eth.o
    0x2000c080   0x00000400   Zero   RW         1224    STACK               startup_stm32f4xx.o


==============================================================================

Image component sizes


      Code (inc. data)   RO Data    RW Data    ZI Data      Debug   Object Name

       960         34          0          0          0       7005   autoip.o
        24          0          0          0          0        519   bsp_global.o
       484         24        360          9          0       2605   can.o
      4088         48          0          4          0      15723   dhcp.o
       336          8          0          0          0       1090   drv_trafficlight.o
      2408         22         12          1        200      10198   etharp.o
       444         38          0          0          0       3140   ethernetif.o
       512          0          0          0          0       2826   icmp.o
       540         12          0          0         16       3544   inet.o
       342          0          0          0          0       5598   inet_chksum.o
       836         22          0         10          0       7134   ip.o
        78          0          8          0          0       5933   ip_addr.o
      1516         18          0          6       1504       6916   ip_frag.o
        52          0          0          0          0        722   iwdg.o
        52          4          0          0          0        560   led.o
       576        296          0          4        400     340708   main.o
       844         22          0         13      10260       4138   mem.o
       168         18         36          0       9271       2610   memp.o
       224         20          0          0          0       1917   misc.o
       712        214          0         12         56      10114   netconf.o
       520         22          0          9          0       6032   netif.o
       170          0          0          0          0        649   nvic.o
      3252        276        256         76       3752      20183   os_core.o
       196         32          0          0          0        356   os_cpu_a.o
       328         12          0          0          0       3520   os_cpu_c.o
      2044         40          0          0          0       7268   os_flag.o
       468         18          0          0          0       3336   os_mem.o
      1508         34          0          0          0       5837   os_q.o
      2088         68          0          0          0       8117   os_task.o
       408         24          0          0          0       1902   os_time.o
      1436          0          0          0          0       6176   pbuf.o
       416          4          0          4          0       3833   raw.o
       168          6          0          0        302       1792   ring_buffer.o
       692        334          0          0          0       1429   rsu_parse.o
      1324         94          0         36        500       6215   sci.o
        36          8        392          0       1024        880   startup_stm32f4xx.o
      3668         98          0         16       9348      20352   stm32f4x7_eth.o
       492         26          0          0          0      19680   stm32f4x7_eth_bsp.o
      2544         38          0          0          0       8248   stm32f4xx_can.o
      1212         26          0          0          0       7181   stm32f4xx_flash.o
       604         36          0          0          0       4225   stm32f4xx_gpio.o
        88          4          0          0          0       1566   stm32f4xx_it.o
        64          6          0          0          0       1393   stm32f4xx_iwdg.o
      1416         48          0         16          0      11183   stm32f4xx_rcc.o
       140         12          0          0          0       1727   stm32f4xx_syscfg.o
      1050         26          0          0          0       7960   stm32f4xx_usart.o
       424         86         17          0          0       2801   stmflash.o
       528         46          0         20          0       1979   system_stm32f4xx.o
       436         96          0          0      12800       4009   task_trafficlight.o
      3024        114        137         76          0      18684   tcp.o
      4756        214          0         32         20      13668   tcp_in.o
      2702         12          0          0          0       7398   tcp_out.o
       368         72          0          8         12       2093   tcp_server.o
      5116       1124        408          8        456       6054   trafficlight.o
      1052         10          0          4          0      14395   udp.o

    ----------------------------------------------------------------------
     59944       3866       1664        380      49924     665121   Object Totals
         0          0         32          0          0          0   (incl. Generated)
        10          0          6         16          3          0   (incl. Padding)

    ----------------------------------------------------------------------

      Code (inc. data)   RO Data    RW Data    ZI Data      Debug   Library Member Name

        86          0          0          0          0          0   __dczerorl2.o
         0          0          0          0          0          0   entry.o
         0          0          0          0          0          0   entry10a.o
         0          0          0          0          0          0   entry11a.o
         8          4          0          0          0          0   entry2.o
         4          0          0          0          0          0   entry5.o
         0          0          0          0          0          0   entry7b.o
         0          0          0          0          0          0   entry8b.o
         8          4          0          0          0          0   entry9a.o
        30          0          0          0          0          0   handlers.o
        36          8          0          0          0         68   init.o
        30          0          0          0          0         68   llshl.o
        32          0          0          0          0         68   llushr.o
        26          0          0          0          0         80   memcmp.o
        36          0          0          0          0         68   memcpya.o
        36          0          0          0          0        108   memseta.o
      1154         54          0          0          0        352   printf8.o
        98          0          0          0          0         92   uldiv.o

    ----------------------------------------------------------------------
      1588         70          0          0          0        904   Library Totals
         4          0          0          0          0          0   (incl. Padding)

    ----------------------------------------------------------------------

      Code (inc. data)   RO Data    RW Data    ZI Data      Debug   Library Name

      1584         70          0          0          0        904   mc_w.l

    ----------------------------------------------------------------------
      1588         70          0          0          0        904   Library Totals

    ----------------------------------------------------------------------

==============================================================================


      Code (inc. data)   RO Data    RW Data    ZI Data      Debug   

     61532       3936       1664        380      49924     655293   Grand Totals
     61532       3936       1664         92      49924     655293   ELF Image Totals (compressed)
     61532       3936       1664         92          0          0   ROM Totals

==============================================================================

    Total RO  Size (Code + RO Data)                63196 (  61.71kB)
    Total RW  Size (RW Data + ZI Data)             50304 (  49.13kB)
    Total ROM Size (Code + RO Data + RW Data)      63288 (  61.80kB)

==============================================================================

