<html>
<body>
<pre>
<h1>µVision Build Log</h1>
<h2>Tool Versions:</h2>
IDE-Version: ¦ÌVision V5.18.0.0
Copyright (C) 2016 ARM Ltd and ARM Germany GmbH. All rights reserved.
License Information: a a, a, LIC=YA3AR-KH22I-9U34U-SIUSJ-NZ0PU-21W4C
 
Tool Versions:
Toolchain:       MDK-ARM Standard  Version: 5.18
Toolchain Path:  E:\tools\keil\ARM\ARMCC\Bin
C Compiler:      Armcc.exe V5.06 update 1 (build 61)
Assembler:       Armasm.exe V5.06 update 1 (build 61)
Linker/Locator:  ArmLink.exe V5.06 update 1 (build 61)
Library Manager: ArmAr.exe V5.06 update 1 (build 61)
Hex Converter:   FromElf.exe V5.06 update 1 (build 61)
CPU DLL:         SARMCM3.DLL V5.18
Dialog DLL:      DCM.DLL V1.13.6.0
Target DLL:      STLink\ST-LINKIII-KEIL_SWO.dll V2.0.18.0
Dialog DLL:      TCM.DLL V1.14.8.0
 
<h2>Project:</h2>
E:\project\git\traffic_light_learning\project\Pro.uvprojx
Project File Date:  01/11/2019

<h2>Output:</h2>
*** Using Compiler 'V5.06 update 1 (build 61)', folder: 'E:\tools\keil\ARM\ARMCC\Bin'
Rebuild target 'STM32F407'
compiling iap.c...
compiling sys.c...
compiling task_trafficlight.c...
compiling LED.C...
compiling rsu_parse.c...
compiling Main.c...
compiling trafficlight.c...
..\App\trafficlight.c(321): warning:  #188-D: enumerated type mixed with another type
  			light_info->light = 'R';
..\App\trafficlight.c(328): warning:  #188-D: enumerated type mixed with another type
  			light_info->light = 'G';
..\App\trafficlight.c(335): warning:  #188-D: enumerated type mixed with another type
  			light_info->light = 'Y';
..\App\trafficlight.c: 3 warnings, 0 errors
compiling Bsp_Global.c...
compiling NVIC.C...
compiling stm32f4xx_it.c...
compiling stm32f4x7_eth_bsp.c...
compiling drv_trafficlight.c...
compiling SCI.c...
compiling netconf.c...
compiling M_Delay_P.c...
compiling M_Global.c...
compiling stmflash.c...
compiling ring_buffer.c...
compiling misc.c...
compiling stm32f4xx_adc.c...
compiling stm32f4xx_can.c...
compiling stm32f4xx_crc.c...
compiling IWDG.C...
compiling stm32f4xx_cryp.c...
compiling TCP_SERVER.C...
compiling stm32f4xx_cryp_aes.c...
compiling stm32f4xx_cryp_des.c...
compiling stm32f4xx_cryp_tdes.c...
compiling stm32f4xx_dac.c...
compiling stm32f4xx_dbgmcu.c...
compiling stm32f4xx_dcmi.c...
compiling stm32f4xx_dma.c...
compiling stm32f4xx_exti.c...
compiling stm32f4xx_flash.c...
compiling stm32f4xx_gpio.c...
compiling stm32f4xx_fsmc.c...
compiling stm32f4xx_hash.c...
compiling stm32f4xx_hash_md5.c...
compiling stm32f4xx_hash_sha1.c...
compiling stm32f4xx_i2c.c...
compiling stm32f4xx_iwdg.c...
compiling stm32f4xx_pwr.c...
compiling stm32f4xx_rng.c...
compiling stm32f4xx_sdio.c...
compiling stm32f4xx_rcc.c...
compiling stm32f4xx_rtc.c...
assembling startup_stm32f4xx.s...
assembling os_cpu_a.asm...
compiling stm32f4xx_spi.c...
compiling stm32f4xx_syscfg.c...
compiling stm32f4xx_wwdg.c...
compiling stm32f4xx_usart.c...
compiling stm32f4xx_tim.c...
compiling system_stm32f4xx.c...
compiling os_dbg.c...
compiling os_cpu_c.c...
compiling os_core.c...
compiling os_mbox.c...
compiling os_mem.c...
compiling os_flag.c...
compiling os_mutex.c...
compiling api_lib.c...
compiling api_msg.c...
compiling err.c...
compiling netbuf.c...
compiling os_q.c...
compiling os_sem.c...
compiling netdb.c...
compiling netifapi.c...
compiling sockets.c...
compiling tcpip.c...
compiling autoip.c...
compiling os_task.c...
compiling os_time.c...
compiling igmp.c...
compiling os_tmr.c...
compiling inet.c...
compiling icmp.c...
compiling inet_chksum.c...
compiling ip_addr.c...
compiling ip.c...
compiling dns.c...
compiling ip_frag.c...
compiling init.c...
compiling dhcp.c...
compiling memp.c...
compiling mem.c...
..\Utilities\Third_Party\lwip_v1.3.2\src\core\mem.c(184): warning:  #550-D: variable "mem_sem" was set but never used
  static sys_sem_t mem_sem;
..\Utilities\Third_Party\lwip_v1.3.2\src\core\mem.c: 1 warning, 0 errors
compiling pbuf.c...
compiling raw.c...
compiling stats.c...
compiling netif.c...
compiling sys.c...
compiling tcp.c...
compiling tcp_in.c...
compiling loopif.c...
compiling udp.c...
compiling tcp_out.c...
..\Utilities\Third_Party\lwip_v1.3.2\src\core\tcp_out.c(465): warning:  #550-D: variable "tcphdr" was set but never used
    struct tcp_hdr *tcphdr;
..\Utilities\Third_Party\lwip_v1.3.2\src\core\tcp_out.c(935): warning:  #550-D: variable "tcphdr" was set but never used
    struct tcp_hdr *tcphdr;
..\Utilities\Third_Party\lwip_v1.3.2\src\core\tcp_out.c: 2 warnings, 0 errors
compiling etharp.c...
compiling ethernetif.c...
compiling stm32f4x7_eth.c...
linking...
Program Size: Code=62590 RO-data=966 RW-data=384 ZI-data=62688  
FromELF: creating hex file...
After Build - User command #1: E:\tools\keil\ARM\ARMCC\bin\fromelf.exe --bin -o  .\Debug\TrafficLight.bin .\Debug\Pro.axf
".\Debug\Pro.axf" - 0 Error(s), 6 Warning(s).

<h2>Collection of Component include folders:</h2>
  E:\project\git\traffic_light_learning\project\RTE
  E:\tools\keil\ARM\PACK\Keil\STM32F4xx_DFP\2.13.0\Drivers\CMSIS\Device\ST\STM32F4xx\Include

<h2>Collection of Component Files used:</h2>
Build Time Elapsed:  00:00:12
</pre>
</body>
</html>
