Component: ARM Compiler 5.06 update 1 (build 61) Tool: armlink [4d35a8]

==============================================================================

Section Cross References

    main.o(.text) refers to printf8.o(i.__0printf$8) for __2printf
    main.o(.text) refers to os_task.o(.text) for OSTaskCreate
    main.o(.text) refers to iwdg.o(.text) for IWDG_Init
    main.o(.text) refers to os_time.o(.text) for OSTimeDlyHMSM
    main.o(.text) refers to stm32f4xx_gpio.o(.text) for GPIO_ToggleBits
    main.o(.text) refers to stmflash.o(.text) for STMFLASH_Read
    main.o(.text) refers to iap.o(.text) for iap_load_app
    main.o(.text) refers to bsp_global.o(.text) for BSP_Init
    main.o(.text) refers to os_core.o(.text) for OSInit
    main.o(.text) refers to system_stm32f4xx.o(.data) for SystemCoreClock
    main.o(.text) refers to main.o(.data) for tafficlight_dbg_level
    main.o(.text) refers to task_trafficlight.o(.bss) for Stk_Task_UDP_Client
    main.o(.text) refers to task_trafficlight.o(.text) for Task_UDP_Client
    main.o(.text) refers to main.o(.bss) for Stk_TaskStartUp
    task_trafficlight.o(.text) refers to os_time.o(.text) for OSTimeDlyHMSM
    task_trafficlight.o(.text) refers to trafficlight.o(.text) for trafficLightInit
    task_trafficlight.o(.text) refers to ring_buffer.o(.text) for ringBufRead
    task_trafficlight.o(.text) refers to printf8.o(i.__0printf$8) for __2printf
    task_trafficlight.o(.text) refers to memcpya.o(.text) for __aeabi_memcpy
    task_trafficlight.o(.text) refers to stm32f4x7_eth_bsp.o(.text) for ETH_BSP_Config
    task_trafficlight.o(.text) refers to netconf.o(.text) for LwIP_Init
    task_trafficlight.o(.text) refers to sci.o(.text) for UART3SendByte
    task_trafficlight.o(.text) refers to tcp_server.o(.text) for tcp_server_init
    task_trafficlight.o(.text) refers to iwdg.o(.text) for IWDG_Feed
    task_trafficlight.o(.text) refers to memseta.o(.text) for __aeabi_memclr4
    task_trafficlight.o(.text) refers to rsu_parse.o(.text) for rsuParse
    task_trafficlight.o(.text) refers to task_trafficlight.o(.bss) for light_info
    task_trafficlight.o(.text) refers to trafficlight.o(.data) for g_online_num
    task_trafficlight.o(.text) refers to tcp_server.o(.bss) for tcp_server_sendbuf
    task_trafficlight.o(.text) refers to tcp_server.o(.data) for tcp_server_flag
    task_trafficlight.o(.text) refers to main.o(.data) for tafficlight_dbg_level
    task_trafficlight.o(.text) refers to sci.o(.bss) for USART_RX_BUF
    task_trafficlight.o(.text) refers to sci.o(.data) for USART_RX_CNT
    trafficlight.o(.text) refers to drv_trafficlight.o(.text) for HC165D1_Read
    trafficlight.o(.text) refers to printf8.o(i.__0printf$8) for __2printf
    trafficlight.o(.text) refers to main.o(.data) for tafficlight_dbg_level
    trafficlight.o(.text) refers to trafficlight.o(.data) for g_online_num
    trafficlight.o(.text) refers to trafficlight.o(.bss) for g_online
    trafficlight.o(.text) refers to trafficlight.o(.conststring) for .conststring
    trafficlight.o(.text) refers to memseta.o(.text) for __aeabi_memclr4
    trafficlight.o(.text) refers to os_time.o(.text) for OSTimeDlyHMSM
    trafficlight.o(.text) refers to sci.o(.text) for send_wifi
    rsu_parse.o(.text) refers to stmflash.o(.text) for STMFLASH_Read
    rsu_parse.o(.text) refers to printf8.o(i.__0printf$8) for __2printf
    rsu_parse.o(.text) refers to memseta.o(.text) for __aeabi_memclr
    rsu_parse.o(.text) refers to trafficlight.o(.text) for checkSum
    rsu_parse.o(.text) refers to memcpya.o(.text) for __aeabi_memcpy
    rsu_parse.o(.text) refers to os_time.o(.text) for OSTimeDlyHMSM
    rsu_parse.o(.text) refers to iap.o(.text) for iap_write_appbin
    rsu_parse.o(.text) refers to main.o(.data) for tafficlight_dbg_level
    rsu_parse.o(.text) refers to tcp_server.o(.bss) for tcp_server_sendbuf
    rsu_parse.o(.text) refers to tcp_server.o(.data) for tcp_server_flag
    rsu_parse.o(.text) refers to trafficlight.o(.data) for g_send_light_info
    rsu_parse.o(.text) refers to rsu_parse.o(.data) for pack_offset
    iap.o(.text) refers to stmflash.o(.text) for STMFLASH_Write
    iap.o(.text) refers to sys.o(.emb_text) for MSR_MSP
    iap.o(.text) refers to iap.o(.bss) for iapbuf
    iap.o(.text) refers to iap.o(.data) for jump2app
    led.o(.text) refers to stm32f4xx_rcc.o(.text) for RCC_AHB1PeriphClockCmd
    led.o(.text) refers to stm32f4xx_gpio.o(.text) for GPIO_Init
    bsp_global.o(.text) refers to led.o(.text) for LED_Configuration
    bsp_global.o(.text) refers to nvic.o(.text) for NVIC_Configuration
    bsp_global.o(.text) refers to sci.o(.text) for USART_Configuration
    bsp_global.o(.text) refers to drv_trafficlight.o(.text) for HC165D_Config
    nvic.o(.text) refers to misc.o(.text) for NVIC_SetVectorTable
    stm32f4x7_eth_bsp.o(.text) refers to stm32f4xx_rcc.o(.text) for RCC_AHB1PeriphClockCmd
    stm32f4x7_eth_bsp.o(.text) refers to stm32f4x7_eth.o(.text) for ETH_DeInit
[...]
    _printf_longlong_oct                     0x00000000   Number         0  stubs.o ABSOLUTE
    _printf_ls                               0x00000000   Number         0  stubs.o ABSOLUTE
    _printf_mbtowc                           0x00000000   Number         0  stubs.o ABSOLUTE
    _printf_n                                0x00000000   Number         0  stubs.o ABSOLUTE
    _printf_o                                0x00000000   Number         0  stubs.o ABSOLUTE
    _printf_p                                0x00000000   Number         0  stubs.o ABSOLUTE
    _printf_percent                          0x00000000   Number         0  stubs.o ABSOLUTE
    _printf_pre_padding                      0x00000000   Number         0  stubs.o ABSOLUTE
    _printf_return_value                     0x00000000   Number         0  stubs.o ABSOLUTE
    _printf_s                                0x00000000   Number         0  stubs.o ABSOLUTE
    _printf_sizespec                         0x00000000   Number         0  stubs.o ABSOLUTE
    _printf_str                              0x00000000   Number         0  stubs.o ABSOLUTE
    _printf_truncate_signed                  0x00000000   Number         0  stubs.o ABSOLUTE
    _printf_truncate_unsigned                0x00000000   Number         0  stubs.o ABSOLUTE
    _printf_u                                0x00000000   Number         0  stubs.o ABSOLUTE
    _printf_wc                               0x00000000   Number         0  stubs.o ABSOLUTE
    _printf_wctomb                           0x00000000   Number         0  stubs.o ABSOLUTE
    _printf_widthprec                        0x00000000   Number         0  stubs.o ABSOLUTE
    _printf_x                                0x00000000   Number         0  stubs.o ABSOLUTE
    __cpp_initialize__aeabi_                  - Undefined Weak Reference
    __cxa_finalize                            - Undefined Weak Reference
    _clock_init                               - Undefined Weak Reference
    _microlib_exit                            - Undefined Weak Reference
    __Vectors_Size                           0x00000188   Number         0  startup_stm32f4xx.o ABSOLUTE
    __Vectors                                0x08000000   Data           4  startup_stm32f4xx.o(RESET)
    __Vectors_End                            0x08000188   Data           0  startup_stm32f4xx.o(RESET)
    __main                                   0x08000189   Thumb Code     0  entry.o(.ARM.Collect$$$$00000000)
    _main_stk                                0x08000189   Thumb Code     0  entry2.o(.ARM.Collect$$$$00000001)
    _main_scatterload                        0x0800018d   Thumb Code     0  entry5.o(.ARM.Collect$$$$00000004)
    __main_after_scatterload                 0x08000191   Thumb Code     0  entry5.o(.ARM.Collect$$$$00000004)
    _main_clock                              0x08000191   Thumb Code     0  entry7b.o(.ARM.Collect$$$$00000008)
    _main_cpp_init                           0x08000191   Thumb Code     0  entry8b.o(.ARM.Collect$$$$0000000A)
    _main_init                               0x08000191   Thumb Code     0  entry9a.o(.ARM.Collect$$$$0000000B)
    __rt_final_cpp                           0x08000199   Thumb Code     0  entry10a.o(.ARM.Collect$$$$0000000D)
    __rt_final_exit                          0x08000199   Thumb Code     0  entry11a.o(.ARM.Collect$$$$0000000F)
    __asm___5_sys_c_WFI_SET____REV16         0x0800019d   Thumb Code     4  sys.o(.emb_text)
    __asm___5_sys_c_WFI_SET____REVSH         0x080001a1   Thumb Code     4  sys.o(.emb_text)
    WFI_SET                                  0x080001a5   Thumb Code     2  sys.o(.emb_text)
    INTX_DISABLE                             0x080001a7   Thumb Code     4  sys.o(.emb_text)
    INTX_ENABLE                              0x080001ab   Thumb Code     4  sys.o(.emb_text)
    MSR_MSP                                  0x080001af   Thumb Code     6  sys.o(.emb_text)
    Task_StartUp                             0x080001b5   Thumb Code   238  main.o(.text)
    main                                     0x080002a3   Thumb Code   120  main.o(.text)
    Task_LED                                 0x080004c9   Thumb Code    64  task_trafficlight.o(.text)
    if_test                                  0x08000509   Thumb Code    34  task_trafficlight.o(.text)
    send_trafficlight_info                   0x0800052b   Thumb Code    76  task_trafficlight.o(.text)
    Task_UDP_Client                          0x08000577   Thumb Code   294  task_trafficlight.o(.text)
    Task_QiJun                               0x0800069d   Thumb Code    40  task_trafficlight.o(.text)
    trafficLightNum                          0x080007bd   Thumb Code   296  trafficlight.o(.text)
    trafficLightRead                         0x080008e5   Thumb Code  1156  trafficlight.o(.text)
    trafficLightInit                         0x08000d69   Thumb Code   582  trafficlight.o(.text)
    trafficLightStudy                        0x08000faf   Thumb Code  2012  trafficlight.o(.text)
    trafficLight_study_once                  0x0800178b   Thumb Code   262  trafficlight.o(.text)
    trafficLightWork                         0x08001891   Thumb Code   152  trafficlight.o(.text)
    checkSum                                 0x08001929   Thumb Code    28  trafficlight.o(.text)
    trafficLightStatus                       0x08001945   Thumb Code   944  trafficlight.o(.text)
    setIP                                    0x08001e11   Thumb Code   488  rsu_parse.o(.text)
    getInfo                                  0x08001ff9   Thumb Code   104  rsu_parse.o(.text)
    reset                                    0x08002061   Thumb Code    90  rsu_parse.o(.text)
    start_upgrade                            0x080020bb   Thumb Code   162  rsu_parse.o(.text)
    working_upgrade                          0x0800215d   Thumb Code   100  rsu_parse.o(.text)
    stop_upgrade                             0x080021c1   Thumb Code   586  rsu_parse.o(.text)
    rsuParse                                 0x0800240b   Thumb Code   522  rsu_parse.o(.text)
    iap_write_appbin                         0x0800284d   Thumb Code   100  iap.o(.text)
    iap_load_app                             0x080028b1   Thumb Code    36  iap.o(.text)
    LED_Configuration                        0x080028e1   Thumb Code    48  led.o(.text)
    BSP_Init                                 0x08002915   Thumb Code    20  bsp_global.o(.text)
    NVIC_Configuration                       0x08002929   Thumb Code   170  nvic.o(.text)
    ETH_BSP_Config                           0x08002b55   Thumb Code    82  stm32f4x7_eth_bsp.o(.text)
    LwIP_Init                                0x08002bc1   Thumb Code   672  netconf.o(.text)
    LwIP_Pkt_Handle                          0x08002e61   Thumb Code    10  netconf.o(.text)
    LwIP_Periodic_Handle                     0x08002e6b   Thumb Code    52  netconf.o(.text)
    NMI_Handler                              0x08002ffd   Thumb Code     2  stm32f4xx_it.o(.text)
    HardFault_Handler                        0x08002fff   Thumb Code     4  stm32f4xx_it.o(.text)
    MemManage_Handler                        0x08003003   Thumb Code     4  stm32f4xx_it.o(.text)
    BusFault_Handler                         0x08003007   Thumb Code     4  stm32f4xx_it.o(.text)
    UsageFault_Handler                       0x0800300b   Thumb Code     4  stm32f4xx_it.o(.text)
    SVC_Handler                              0x0800300f   Thumb Code     2  stm32f4xx_it.o(.text)
    DebugMon_Handler                         0x08003011   Thumb Code     2  stm32f4xx_it.o(.text)
    PendSV_Handler                           0x08003013   Thumb Code     2  stm32f4xx_it.o(.text)
    EXTI15_10_IRQHandler                     0x08003015   Thumb Code     2  stm32f4xx_it.o(.text)
    ETH_IRQHandler                           0x08003017   Thumb Code    58  stm32f4xx_it.o(.text)
    _sys_exit                                0x08003055   Thumb Code     4  sci.o(.text)
    fputc                                    0x08003059   Thumb Code    48  sci.o(.text)
    USART_Configuration                      0x08003093   Thumb Code   564  sci.o(.text)
    UART3SendByte                            0x080032c7   Thumb Code    28  sci.o(.text)
    send_wifi                                0x080032e3   Thumb Code    26  sci.o(.text)
    UART1GetByte                             0x080032fd   Thumb Code    40  sci.o(.text)
    Delay                                    0x08003325   Thumb Code    18  sci.o(.text)
    UART1Test                                0x08003337   Thumb Code    72  sci.o(.text)
    UART3Test                                0x0800337f   Thumb Code    60  sci.o(.text)
    USART1_IRQHandler                        0x080033bb   Thumb Code   198  sci.o(.text)
    USART2_IRQHandler                        0x08003481   Thumb Code    50  sci.o(.text)
    USART3_IRQHandler                        0x080034b3   Thumb Code    62  sci.o(.text)
    RS485_Send_Data                          0x080034f1   Thumb Code    72  sci.o(.text)
    RS485_test                               0x08003539   Thumb Code    34  sci.o(.text)
    HC165D_Config                            0x0800357d   Thumb Code   174  drv_trafficlight.o(.text)
    HC165D1_Read                             0x0800362b   Thumb Code    78  drv_trafficlight.o(.text)
    HC165D2_Read                             0x08003679   Thumb Code    76  drv_trafficlight.o(.text)
    STMFLASH_ReadWord                        0x080036cd   Thumb Code     6  stmflash.o(.text)
    STMFLASH_GetFlashSector                  0x080036d3   Thumb Code   116  stmflash.o(.text)
    STMFLASH_Write                           0x08003747   Thumb Code   146  stmflash.o(.text)
    STMFLASH_Read                            0x080037d9   Thumb Code    32  stmflash.o(.text)
    STMFLASH_Test                            0x080037f9   Thumb Code    38  stmflash.o(.text)
    ringBufWrite                             0x08003875   Thumb Code    74  ring_buffer.o(.text)
    ringBufRead                              0x080038bf   Thumb Code    58  ring_buffer.o(.text)
    read_ringbuf                             0x080038f9   Thumb Code    42  ring_buffer.o(.text)
    write_ringbuf                            0x08003923   Thumb Code    30  ring_buffer.o(.text)
    tcp_server_error                         0x08003945   Thumb Code    24  tcp_server.o(.text)
    tcp_server_recv                          0x0800395d   Thumb Code   196  tcp_server.o(.text)
    tcp_server_senddata                      0x08003a21   Thumb Code    92  tcp_server.o(.text)
    tcp_server_sent                          0x08003a7d   Thumb Code    30  tcp_server.o(.text)
    tcp_server_connection_close              0x08003a9b   Thumb Code    76  tcp_server.o(.text)
    tcp_server_remove_timewait               0x08003ae7   Thumb Code    84  tcp_server.o(.text)
    tcp_server_poll                          0x08003b3b   Thumb Code   112  tcp_server.o(.text)
    tcp_server_accept                        0x08003bab   Thumb Code   114  tcp_server.o(.text)
    tcp_server_init                          0x08003c1d   Thumb Code    72  tcp_server.o(.text)
    IWDG_Init                                0x08003c95   Thumb Code    44  iwdg.o(.text)
    IWDG_Feed                                0x08003cc1   Thumb Code     8  iwdg.o(.text)
    NVIC_PriorityGroupConfig                 0x08003cc9   Thumb Code    10  misc.o(.text)
    NVIC_Init                                0x08003cd3   Thumb Code   106  misc.o(.text)
    NVIC_SetVectorTable                      0x08003d3d   Thumb Code    14  misc.o(.text)
    NVIC_SystemLPConfig                      0x08003d4b   Thumb Code    34  misc.o(.text)
    SysTick_CLKSourceConfig                  0x08003d6d   Thumb Code    40  misc.o(.text)
    FLASH_SetLatency                         0x08003da9   Thumb Code     6  stm32f4xx_flash.o(.text)
    FLASH_PrefetchBufferCmd                  0x08003daf   Thumb Code    30  stm32f4xx_flash.o(.text)
    FLASH_InstructionCacheCmd                0x08003dcd   Thumb Code    30  stm32f4xx_flash.o(.text)
    FLASH_DataCacheCmd                       0x08003deb   Thumb Code    30  stm32f4xx_flash.o(.text)
    FLASH_InstructionCacheReset              0x08003e09   Thumb Code    14  stm32f4xx_flash.o(.text)
    FLASH_DataCacheReset                     0x08003e17   Thumb Code    14  stm32f4xx_flash.o(.text)
    FLASH_Unlock                             0x08003e25   Thumb Code    26  stm32f4xx_flash.o(.text)
    FLASH_Lock                               0x08003e3f   Thumb Code    18  stm32f4xx_flash.o(.text)
    FLASH_GetStatus                          0x08003e51   Thumb Code    74  stm32f4xx_flash.o(.text)
    FLASH_WaitForLastOperation               0x08003e9b   Thumb Code    34  stm32f4xx_flash.o(.text)
    FLASH_EraseSector                        0x08003ebd   Thumb Code   140  stm32f4xx_flash.o(.text)
    FLASH_EraseAllSectors                    0x08003f49   Thumb Code   112  stm32f4xx_flash.o(.text)
    FLASH_ProgramDoubleWord                  0x08003fb9   Thumb Code    86  stm32f4xx_flash.o(.text)
    FLASH_ProgramWord                        0x0800400f   Thumb Code    82  stm32f4xx_flash.o(.text)
    FLASH_ProgramHalfWord                    0x08004061   Thumb Code    82  stm32f4xx_flash.o(.text)
    FLASH_ProgramByte                        0x080040b3   Thumb Code    78  stm32f4xx_flash.o(.text)
    FLASH_OB_Unlock                          0x08004101   Thumb Code    26  stm32f4xx_flash.o(.text)
    FLASH_OB_Lock                            0x0800411b   Thumb Code    18  stm32f4xx_flash.o(.text)
    FLASH_OB_WRPConfig                       0x0800412d   Thumb Code    54  stm32f4xx_flash.o(.text)
    FLASH_OB_RDPConfig                       0x08004163   Thumb Code    24  stm32f4xx_flash.o(.text)
    FLASH_OB_UserConfig                      0x0800417b   Thumb Code    68  stm32f4xx_flash.o(.text)
    FLASH_OB_BORConfig                       0x080041bf   Thumb Code    22  stm32f4xx_flash.o(.text)
    FLASH_OB_Launch                          0x080041d5   Thumb Code    26  stm32f4xx_flash.o(.text)
    FLASH_OB_GetUser                         0x080041ef   Thumb Code    10  stm32f4xx_flash.o(.text)
    FLASH_OB_GetWRP                          0x080041f9   Thumb Code     8  stm32f4xx_flash.o(.text)
    FLASH_OB_GetRDP                          0x08004201   Thumb Code    20  stm32f4xx_flash.o(.text)
    FLASH_OB_GetBOR                          0x08004215   Thumb Code    10  stm32f4xx_flash.o(.text)
    FLASH_ITConfig                           0x0800421f   Thumb Code    34  stm32f4xx_flash.o(.text)
    FLASH_GetFlagStatus                      0x08004241   Thumb Code    22  stm32f4xx_flash.o(.text)
    FLASH_ClearFlag                          0x08004257   Thumb Code     8  stm32f4xx_flash.o(.text)
    GPIO_DeInit                              0x08004265   Thumb Code   220  stm32f4xx_gpio.o(.text)
    GPIO_Init                                0x08004341   Thumb Code   144  stm32f4xx_gpio.o(.text)
    GPIO_StructInit                          0x080043d1   Thumb Code    18  stm32f4xx_gpio.o(.text)
    GPIO_PinLockConfig                       0x080043e3   Thumb Code    34  stm32f4xx_gpio.o(.text)
    GPIO_ReadInputDataBit                    0x08004405   Thumb Code    18  stm32f4xx_gpio.o(.text)
    GPIO_ReadInputData                       0x08004417   Thumb Code     8  stm32f4xx_gpio.o(.text)
    GPIO_ReadOutputDataBit                   0x0800441f   Thumb Code    18  stm32f4xx_gpio.o(.text)
    GPIO_ReadOutputData                      0x08004431   Thumb Code     8  stm32f4xx_gpio.o(.text)
    GPIO_SetBits                             0x08004439   Thumb Code     4  stm32f4xx_gpio.o(.text)
    GPIO_ResetBits                           0x0800443d   Thumb Code     4  stm32f4xx_gpio.o(.text)
    GPIO_WriteBit                            0x08004441   Thumb Code    10  stm32f4xx_gpio.o(.text)
    GPIO_Write                               0x0800444b   Thumb Code     4  stm32f4xx_gpio.o(.text)
    GPIO_ToggleBits                          0x0800444f   Thumb Code     8  stm32f4xx_gpio.o(.text)
    GPIO_PinAFConfig                         0x08004457   Thumb Code    70  stm32f4xx_gpio.o(.text)
    IWDG_WriteAccessCmd                      0x080044c1   Thumb Code     6  stm32f4xx_iwdg.o(.text)
    IWDG_SetPrescaler                        0x080044c7   Thumb Code     6  stm32f4xx_iwdg.o(.text)
    IWDG_SetReload                           0x080044cd   Thumb Code     6  stm32f4xx_iwdg.o(.text)
    IWDG_ReloadCounter                       0x080044d3   Thumb Code    10  stm32f4xx_iwdg.o(.text)
    IWDG_Enable                              0x080044dd   Thumb Code    10  stm32f4xx_iwdg.o(.text)
    IWDG_GetFlagStatus                       0x080044e7   Thumb Code    20  stm32f4xx_iwdg.o(.text)
    RCC_DeInit                               0x08004501   Thumb Code    60  stm32f4xx_rcc.o(.text)
    RCC_HSEConfig                            0x0800453d   Thumb Code    14  stm32f4xx_rcc.o(.text)
    RCC_GetFlagStatus                        0x0800454b   Thumb Code    60  stm32f4xx_rcc.o(.text)
    RCC_WaitForHSEStartUp                    0x08004587   Thumb Code    56  stm32f4xx_rcc.o(.text)
    RCC_AdjustHSICalibrationValue            0x080045bf   Thumb Code    20  stm32f4xx_rcc.o(.text)
    RCC_HSICmd                               0x080045d3   Thumb Code     6  stm32f4xx_rcc.o(.text)
    RCC_LSEConfig                            0x080045d9   Thumb Code    46  stm32f4xx_rcc.o(.text)
    RCC_LSICmd                               0x08004607   Thumb Code     6  stm32f4xx_rcc.o(.text)
    RCC_PLLConfig                            0x0800460d   Thumb Code    32  stm32f4xx_rcc.o(.text)
    RCC_PLLCmd                               0x0800462d   Thumb Code     6  stm32f4xx_rcc.o(.text)
    RCC_PLLI2SConfig                         0x08004633   Thumb Code    14  stm32f4xx_rcc.o(.text)
    RCC_PLLI2SCmd                            0x08004641   Thumb Code     6  stm32f4xx_rcc.o(.text)
    RCC_ClockSecuritySystemCmd               0x08004647   Thumb Code     6  stm32f4xx_rcc.o(.text)
    RCC_MCO1Config                           0x0800464d   Thumb Code    28  stm32f4xx_rcc.o(.text)
    RCC_MCO2Config                           0x08004669   Thumb Code    28  stm32f4xx_rcc.o(.text)
    RCC_SYSCLKConfig                         0x08004685   Thumb Code    20  stm32f4xx_rcc.o(.text)
    RCC_GetSYSCLKSource                      0x08004699   Thumb Code    12  stm32f4xx_rcc.o(.text)
    RCC_HCLKConfig                           0x080046a5   Thumb Code    20  stm32f4xx_rcc.o(.text)
    RCC_PCLK1Config                          0x080046b9   Thumb Code    20  stm32f4xx_rcc.o(.text)
    RCC_PCLK2Config                          0x080046cd   Thumb Code    22  stm32f4xx_rcc.o(.text)
    RCC_GetClocksFreq                        0x080046e3   Thumb Code   222  stm32f4xx_rcc.o(.text)
    RCC_RTCCLKConfig                         0x080047c1   Thumb Code    54  stm32f4xx_rcc.o(.text)
    RCC_RTCCLKCmd                            0x080047f7   Thumb Code     8  stm32f4xx_rcc.o(.text)
    RCC_BackupResetCmd                       0x080047ff   Thumb Code     8  stm32f4xx_rcc.o(.text)
    RCC_I2SCLKConfig                         0x08004807   Thumb Code     6  stm32f4xx_rcc.o(.text)
    RCC_AHB1PeriphClockCmd                   0x0800480d   Thumb Code    34  stm32f4xx_rcc.o(.text)
    RCC_AHB2PeriphClockCmd                   0x0800482f   Thumb Code    34  stm32f4xx_rcc.o(.text)
    RCC_AHB3PeriphClockCmd                   0x08004851   Thumb Code    34  stm32f4xx_rcc.o(.text)
    RCC_APB1PeriphClockCmd                   0x08004873   Thumb Code    34  stm32f4xx_rcc.o(.text)
    RCC_APB2PeriphClockCmd                   0x08004895   Thumb Code    34  stm32f4xx_rcc.o(.text)
    RCC_AHB1PeriphResetCmd                   0x080048b7   Thumb Code    34  stm32f4xx_rcc.o(.text)
    RCC_AHB2PeriphResetCmd                   0x080048d9   Thumb Code    72  stm32f4xx_rcc.o(.text)
    RCC_AHB3PeriphResetCmd                   0x08004921   Thumb Code    34  stm32f4xx_rcc.o(.text)
    RCC_APB1PeriphResetCmd                   0x08004943   Thumb Code    34  stm32f4xx_rcc.o(.text)
    RCC_APB2PeriphResetCmd                   0x08004965   Thumb Code    34  stm32f4xx_rcc.o(.text)
    RCC_AHB1PeriphClockLPModeCmd             0x08004987   Thumb Code    34  stm32f4xx_rcc.o(.text)
    RCC_AHB2PeriphClockLPModeCmd             0x080049a9   Thumb Code    34  stm32f4xx_rcc.o(.text)
    RCC_AHB3PeriphClockLPModeCmd             0x080049cb   Thumb Code    34  stm32f4xx_rcc.o(.text)
    RCC_APB1PeriphClockLPModeCmd             0x080049ed   Thumb Code    34  stm32f4xx_rcc.o(.text)
    RCC_APB2PeriphClockLPModeCmd             0x08004a0f   Thumb Code    34  stm32f4xx_rcc.o(.text)
    RCC_ITConfig                             0x08004a31   Thumb Code    34  stm32f4xx_rcc.o(.text)
    RCC_ClearFlag                            0x08004a53   Thumb Code    18  stm32f4xx_rcc.o(.text)
    RCC_GetITStatus                          0x08004a65   Thumb Code    22  stm32f4xx_rcc.o(.text)
    RCC_ClearITPendingBit                    0x08004a7b   Thumb Code     8  stm32f4xx_rcc.o(.text)
    SYSCFG_DeInit                            0x08004a89   Thumb Code    22  stm32f4xx_syscfg.o(.text)
    SYSCFG_MemoryRemapConfig                 0x08004a9f   Thumb Code     6  stm32f4xx_syscfg.o(.text)
    SYSCFG_EXTILineConfig                    0x08004aa5   Thumb Code    66  stm32f4xx_syscfg.o(.text)
    SYSCFG_ETH_MediaInterfaceConfig          0x08004ae7   Thumb Code     6  stm32f4xx_syscfg.o(.text)
    SYSCFG_CompensationCellCmd               0x08004aed   Thumb Code     6  stm32f4xx_syscfg.o(.text)
    SYSCFG_GetCompensationCellStatus         0x08004af3   Thumb Code    22  stm32f4xx_syscfg.o(.text)
    USART_DeInit                             0x08004b15   Thumb Code   156  stm32f4xx_usart.o(.text)
    USART_Init                               0x08004bb1   Thumb Code   204  stm32f4xx_usart.o(.text)
    USART_StructInit                         0x08004c7d   Thumb Code    24  stm32f4xx_usart.o(.text)
    USART_ClockInit                          0x08004c95   Thumb Code    32  stm32f4xx_usart.o(.text)
    USART_ClockStructInit                    0x08004cb5   Thumb Code    12  stm32f4xx_usart.o(.text)
    USART_Cmd                                0x08004cc1   Thumb Code    24  stm32f4xx_usart.o(.text)
    USART_SetPrescaler                       0x08004cd9   Thumb Code    16  stm32f4xx_usart.o(.text)
    USART_OverSampling8Cmd                   0x08004ce9   Thumb Code    22  stm32f4xx_usart.o(.text)
    USART_OneBitMethodCmd                    0x08004cff   Thumb Code    24  stm32f4xx_usart.o(.text)
    USART_SendData                           0x08004d17   Thumb Code     8  stm32f4xx_usart.o(.text)
    USART_ReceiveData                        0x08004d1f   Thumb Code    10  stm32f4xx_usart.o(.text)
    USART_SetAddress                         0x08004d29   Thumb Code    18  stm32f4xx_usart.o(.text)
    USART_ReceiverWakeUpCmd                  0x08004d3b   Thumb Code    24  stm32f4xx_usart.o(.text)
    USART_WakeUpConfig                       0x08004d53   Thumb Code    18  stm32f4xx_usart.o(.text)
    USART_LINBreakDetectLengthConfig         0x08004d65   Thumb Code    18  stm32f4xx_usart.o(.text)
    USART_LINCmd                             0x08004d77   Thumb Code    24  stm32f4xx_usart.o(.text)
    USART_SendBreak                          0x08004d8f   Thumb Code    10  stm32f4xx_usart.o(.text)
    USART_HalfDuplexCmd                      0x08004d99   Thumb Code    24  stm32f4xx_usart.o(.text)
    USART_SetGuardTime                       0x08004db1   Thumb Code    16  stm32f4xx_usart.o(.text)
    USART_SmartCardCmd                       0x08004dc1   Thumb Code    24  stm32f4xx_usart.o(.text)
    USART_SmartCardNACKCmd                   0x08004dd9   Thumb Code    24  stm32f4xx_usart.o(.text)
    USART_IrDAConfig                         0x08004df1   Thumb Code    18  stm32f4xx_usart.o(.text)
    USART_IrDACmd                            0x08004e03   Thumb Code    24  stm32f4xx_usart.o(.text)
    USART_DMACmd                             0x08004e1b   Thumb Code    18  stm32f4xx_usart.o(.text)
    USART_ITConfig                           0x08004e2d   Thumb Code    74  stm32f4xx_usart.o(.text)
    USART_GetFlagStatus                      0x08004e77   Thumb Code    26  stm32f4xx_usart.o(.text)
    USART_ClearFlag                          0x08004e91   Thumb Code    18  stm32f4xx_usart.o(.text)
    USART_GetITStatus                        0x08004ea3   Thumb Code   110  stm32f4xx_usart.o(.text)
    USART_ClearITPendingBit                  0x08004f11   Thumb Code    30  stm32f4xx_usart.o(.text)
    Reset_Handler                            0x08004f31   Thumb Code     8  startup_stm32f4xx.o(.text)
    ADC_IRQHandler                           0x08004f4b   Thumb Code     0  startup_stm32f4xx.o(.text)
    CAN1_RX0_IRQHandler                      0x08004f4b   Thumb Code     0  startup_stm32f4xx.o(.text)
    CAN1_RX1_IRQHandler                      0x08004f4b   Thumb Code     0  startup_stm32f4xx.o(.text)
    CAN1_SCE_IRQHandler                      0x08004f4b   Thumb Code     0  startup_stm32f4xx.o(.text)
    CAN1_TX_IRQHandler                       0x08004f4b   Thumb Code     0  startup_stm32f4xx.o(.text)
    CAN2_RX0_IRQHandler                      0x08004f4b   Thumb Code     0  startup_stm32f4xx.o(.text)
    CAN2_RX1_IRQHandler                      0x08004f4b   Thumb Code     0  startup_stm32f4xx.o(.text)
    CAN2_SCE_IRQHandler                      0x08004f4b   Thumb Code     0  startup_stm32f4xx.o(.text)
    CAN2_TX_IRQHandler                       0x08004f4b   Thumb Code     0  startup_stm32f4xx.o(.text)
    CRYP_IRQHandler                          0x08004f4b   Thumb Code     0  startup_stm32f4xx.o(.text)
    DCMI_IRQHandler                          0x08004f4b   Thumb Code     0  startup_stm32f4xx.o(.text)
    DMA1_Stream0_IRQHandler                  0x08004f4b   Thumb Code     0  startup_stm32f4xx.o(.text)
    DMA1_Stream1_IRQHandler                  0x08004f4b   Thumb Code     0  startup_stm32f4xx.o(.text)
    DMA1_Stream2_IRQHandler                  0x08004f4b   Thumb Code     0  startup_stm32f4xx.o(.text)
    DMA1_Stream3_IRQHandler                  0x08004f4b   Thumb Code     0  startup_stm32f4xx.o(.text)
    DMA1_Stream4_IRQHandler                  0x08004f4b   Thumb Code     0  startup_stm32f4xx.o(.text)
    DMA1_Stream5_IRQHandler                  0x08004f4b   Thumb Code     0  startup_stm32f4xx.o(.text)
    DMA1_Stream6_IRQHandler                  0x08004f4b   Thumb Code     0  startup_stm32f4xx.o(.text)
    DMA1_Stream7_IRQHandler                  0x08004f4b   Thumb Code     0  startup_stm32f4xx.o(.text)
    DMA2_Stream0_IRQHandler                  0x08004f4b   Thumb Code     0  startup_stm32f4xx.o(.text)
    DMA2_Stream1_IRQHandler                  0x08004f4b   Thumb Code     0  startup_stm32f4xx.o(.text)
    DMA2_Stream2_IRQHandler                  0x08004f4b   Thumb Code     0  startup_stm32f4xx.o(.text)
    DMA2_Stream3_IRQHandler                  0x08004f4b   Thumb Code     0  startup_stm32f4xx.o(.text)
    DMA2_Stream4_IRQHandler                  0x08004f4b   Thumb Code     0  startup_stm32f4xx.o(.text)
    DMA2_Stream5_IRQHandler                  0x08004f4b   Thumb Code     0  startup_stm32f4xx.o(.text)
    DMA2_Stream6_IRQHandler                  0x08004f4b   Thumb Code     0  startup_stm32f4xx.o(.text)
    DMA2_Stream7_IRQHandler                  0x08004f4b   Thumb Code     0  startup_stm32f4xx.o(.text)
    ETH_WKUP_IRQHandler                      0x08004f4b   Thumb Code     0  startup_stm32f4xx.o(.text)
    EXTI0_IRQHandler                         0x08004f4b   Thumb Code     0  startup_stm32f4xx.o(.text)
    EXTI1_IRQHandler                         0x08004f4b   Thumb Code     0  startup_stm32f4xx.o(.text)
    EXTI2_IRQHandler                         0x08004f4b   Thumb Code     0  startup_stm32f4xx.o(.text)
    EXTI3_IRQHandler                         0x08004f4b   Thumb Code     0  startup_stm32f4xx.o(.text)
    EXTI4_IRQHandler                         0x08004f4b   Thumb Code     0  startup_stm32f4xx.o(.text)
    EXTI9_5_IRQHandler                       0x08004f4b   Thumb Code     0  startup_stm32f4xx.o(.text)
    FLASH_IRQHandler                         0x08004f4b   Thumb Code     0  startup_stm32f4xx.o(.text)
    FPU_IRQHandler                           0x08004f4b   Thumb Code     0  startup_stm32f4xx.o(.text)
    FSMC_IRQHandler                          0x08004f4b   Thumb Code     0  startup_stm32f4xx.o(.text)
    HASH_RNG_IRQHandler                      0x08004f4b   Thumb Code     0  startup_stm32f4xx.o(.text)
    I2C1_ER_IRQHandler                       0x08004f4b   Thumb Code     0  startup_stm32f4xx.o(.text)
    I2C1_EV_IRQHandler                       0x08004f4b   Thumb Code     0  startup_stm32f4xx.o(.text)
    I2C2_ER_IRQHandler                       0x08004f4b   Thumb Code     0  startup_stm32f4xx.o(.text)
    I2C2_EV_IRQHandler                       0x08004f4b   Thumb Code     0  startup_stm32f4xx.o(.text)
    I2C3_ER_IRQHandler                       0x08004f4b   Thumb Code     0  startup_stm32f4xx.o(.text)
    I2C3_EV_IRQHandler                       0x08004f4b   Thumb Code     0  startup_stm32f4xx.o(.text)
    OTG_FS_IRQHandler                        0x08004f4b   Thumb Code     0  startup_stm32f4xx.o(.text)
    OTG_FS_WKUP_IRQHandler                   0x08004f4b   Thumb Code     0  startup_stm32f4xx.o(.text)
    OTG_HS_EP1_IN_IRQHandler                 0x08004f4b   Thumb Code     0  startup_stm32f4xx.o(.text)
    OTG_HS_EP1_OUT_IRQHandler                0x08004f4b   Thumb Code     0  startup_stm32f4xx.o(.text)
    OTG_HS_IRQHandler                        0x08004f4b   Thumb Code     0  startup_stm32f4xx.o(.text)
    OTG_HS_WKUP_IRQHandler                   0x08004f4b   Thumb Code     0  startup_stm32f4xx.o(.text)
    PVD_IRQHandler                           0x08004f4b   Thumb Code     0  startup_stm32f4xx.o(.text)
    RCC_IRQHandler                           0x08004f4b   Thumb Code     0  startup_stm32f4xx.o(.text)
    RTC_Alarm_IRQHandler                     0x08004f4b   Thumb Code     0  startup_stm32f4xx.o(.text)
    RTC_WKUP_IRQHandler                      0x08004f4b   Thumb Code     0  startup_stm32f4xx.o(.text)
    SDIO_IRQHandler                          0x08004f4b   Thumb Code     0  startup_stm32f4xx.o(.text)
    SPI1_IRQHandler                          0x08004f4b   Thumb Code     0  startup_stm32f4xx.o(.text)
    SPI2_IRQHandler                          0x08004f4b   Thumb Code     0  startup_stm32f4xx.o(.text)
    SPI3_IRQHandler                          0x08004f4b   Thumb Code     0  startup_stm32f4xx.o(.text)
    TAMP_STAMP_IRQHandler                    0x08004f4b   Thumb Code     0  startup_stm32f4xx.o(.text)
    TIM1_BRK_TIM9_IRQHandler                 0x08004f4b   Thumb Code     0  startup_stm32f4xx.o(.text)
    TIM1_CC_IRQHandler                       0x08004f4b   Thumb Code     0  startup_stm32f4xx.o(.text)
    TIM1_TRG_COM_TIM11_IRQHandler            0x08004f4b   Thumb Code     0  startup_stm32f4xx.o(.text)
    TIM1_UP_TIM10_IRQHandler                 0x08004f4b   Thumb Code     0  startup_stm32f4xx.o(.text)
    TIM2_IRQHandler                          0x08004f4b   Thumb Code     0  startup_stm32f4xx.o(.text)
    TIM3_IRQHandler                          0x08004f4b   Thumb Code     0  startup_stm32f4xx.o(.text)
    TIM4_IRQHandler                          0x08004f4b   Thumb Code     0  startup_stm32f4xx.o(.text)
    TIM5_IRQHandler                          0x08004f4b   Thumb Code     0  startup_stm32f4xx.o(.text)
    TIM6_DAC_IRQHandler                      0x08004f4b   Thumb Code     0  startup_stm32f4xx.o(.text)
    TIM7_IRQHandler                          0x08004f4b   Thumb Code     0  startup_stm32f4xx.o(.text)
    TIM8_BRK_TIM12_IRQHandler                0x08004f4b   Thumb Code     0  startup_stm32f4xx.o(.text)
    TIM8_CC_IRQHandler                       0x08004f4b   Thumb Code     0  startup_stm32f4xx.o(.text)
    TIM8_TRG_COM_TIM14_IRQHandler            0x08004f4b   Thumb Code     0  startup_stm32f4xx.o(.text)
    TIM8_UP_TIM13_IRQHandler                 0x08004f4b   Thumb Code     0  startup_stm32f4xx.o(.text)
    UART4_IRQHandler                         0x08004f4b   Thumb Code     0  startup_stm32f4xx.o(.text)
    UART5_IRQHandler                         0x08004f4b   Thumb Code     0  startup_stm32f4xx.o(.text)
    USART6_IRQHandler                        0x08004f4b   Thumb Code     0  startup_stm32f4xx.o(.text)
    WWDG_IRQHandler                          0x08004f4b   Thumb Code     0  startup_stm32f4xx.o(.text)
    SystemInit                               0x08005031   Thumb Code    88  system_stm32f4xx.o(.text)
    SystemCoreClockUpdate                    0x08005089   Thumb Code   174  system_stm32f4xx.o(.text)
    OS_CPU_SR_Save                           0x08005165   Thumb Code     0  os_cpu_a.o(.text)
    OS_CPU_SR_Restore                        0x0800516d   Thumb Code     0  os_cpu_a.o(.text)
    OSStartHighRdy                           0x08005173   Thumb Code     0  os_cpu_a.o(.text)
    OSCtxSw                                  0x08005193   Thumb Code     0  os_cpu_a.o(.text)
    OSIntCtxSw                               0x0800519d   Thumb Code     0  os_cpu_a.o(.text)
    OS_CPU_PendSVHandler                     0x080051a7   Thumb Code     0  os_cpu_a.o(.text)
    CPU_IntDisable                           0x08005201   Thumb Code     0  os_cpu_a.o(.text)
    CPU_IntEnable                            0x08005205   Thumb Code     0  os_cpu_a.o(.text)
    OSInitHookBegin                          0x08005229   Thumb Code     8  os_cpu_c.o(.text)
    OSInitHookEnd                            0x08005231   Thumb Code     8  os_cpu_c.o(.text)
    OSTaskCreateHook                         0x08005239   Thumb Code     2  os_cpu_c.o(.text)
    OSTaskDelHook                            0x0800523b   Thumb Code     2  os_cpu_c.o(.text)
    OSTaskIdleHook                           0x0800523d   Thumb Code     2  os_cpu_c.o(.text)
    OSTaskReturnHook                         0x0800523f   Thumb Code     2  os_cpu_c.o(.text)
    OSTaskStatHook                           0x08005241   Thumb Code     2  os_cpu_c.o(.text)
    OSTaskStkInit                            0x08005243   Thumb Code   210  os_cpu_c.o(.text)
    OSTaskSwHook                             0x08005315   Thumb Code     2  os_cpu_c.o(.text)
    OSTCBInitHook                            0x08005317   Thumb Code     2  os_cpu_c.o(.text)
    OS_CPU_SysTickHandler                    0x08005319   Thumb Code    34  os_cpu_c.o(.text)
    OS_CPU_SysTickInit                       0x0800533b   Thumb Code    42  os_cpu_c.o(.text)
    OS_StrLen                                0x08005371   Thumb Code    20  os_core.o(.text)
    OSEventNameGet                           0x08005385   Thumb Code    98  os_core.o(.text)
    OSEventNameSet                           0x080053e7   Thumb Code    84  os_core.o(.text)
    OS_EventTaskRemoveMulti                  0x0800543b   Thumb Code    58  os_core.o(.text)
    OS_Sched                                 0x0800548f   Thumb Code    88  os_core.o(.text)
    OS_EventTaskWaitMulti                    0x080054e7   Thumb Code   136  os_core.o(.text)
    OSEventPendMulti                         0x0800556f   Thumb Code   712  os_core.o(.text)
    OS_TaskStatStkChk                        0x08005837   Thumb Code    54  os_core.o(.text)
    OS_TaskStat                              0x0800586d   Thumb Code   114  os_core.o(.text)
    OS_TaskIdle                              0x08005913   Thumb Code    32  os_core.o(.text)
    OS_MemClr                                0x08005967   Thumb Code    18  os_core.o(.text)
    OSInit                                   0x08005a57   Thumb Code    48  os_core.o(.text)
    OSIntEnter                               0x08005a87   Thumb Code    44  os_core.o(.text)
    OSIntExit                                0x08005ab3   Thumb Code   112  os_core.o(.text)
    OSSchedLock                              0x08005b23   Thumb Code    50  os_core.o(.text)
    OSSchedUnlock                            0x08005b55   Thumb Code   228  os_core.o(.text)
    OSStart                                  0x08005c39   Thumb Code    48  os_core.o(.text)
    OSStatInit                               0x08005c69   Thumb Code    62  os_core.o(.text)
    OSTimeTick                               0x08005ca7   Thumb Code   206  os_core.o(.text)
    OSVersion                                0x08005d75   Thumb Code     6  os_core.o(.text)
    OS_Dummy                                 0x08005d7b   Thumb Code     2  os_core.o(.text)
    OS_EventTaskRemove                       0x08005d7d   Thumb Code    42  os_core.o(.text)
    OS_EventTaskRdy                          0x08005da7   Thumb Code   128  os_core.o(.text)
    OS_EventTaskWait                         0x08005e27   Thumb Code   112  os_core.o(.text)
    OS_EventWaitListInit                     0x08005e97   Thumb Code    28  os_core.o(.text)
    OS_MemCopy                               0x08005eb3   Thumb Code    20  os_core.o(.text)
    OS_TCBInit                               0x08005ec7   Thumb Code   282  os_core.o(.text)
    OSFlagAccept                             0x08006025   Thumb Code   252  os_flag.o(.text)
    OSFlagCreate                             0x08006121   Thumb Code    86  os_flag.o(.text)
    OS_FlagUnlink                            0x08006177   Thumb Code    36  os_flag.o(.text)
    OSFlagDel                                0x080061ed   Thumb Code   214  os_flag.o(.text)
    OSFlagNameGet                            0x080062c3   Thumb Code    80  os_flag.o(.text)
    OSFlagNameSet                            0x08006313   Thumb Code    66  os_flag.o(.text)
    OSFlagPend                               0x080063ed   Thumb Code   614  os_flag.o(.text)
    OSFlagPendGetFlagsRdy                    0x08006653   Thumb Code    26  os_flag.o(.text)
    OSFlagPost                               0x0800666d   Thumb Code   312  os_flag.o(.text)
    OSFlagQuery                              0x080067a5   Thumb Code    48  os_flag.o(.text)
    OS_FlagInit                              0x080067d5   Thumb Code    64  os_flag.o(.text)
    OSMemCreate                              0x08006821   Thumb Code   114  os_mem.o(.text)
    OSMemGet                                 0x08006893   Thumb Code    62  os_mem.o(.text)
    OSMemNameGet                             0x080068d1   Thumb Code    60  os_mem.o(.text)
    OSMemNameSet                             0x0800690d   Thumb Code    48  os_mem.o(.text)
    OSMemPut                                 0x0800693d   Thumb Code    54  os_mem.o(.text)
    OSMemQuery                               0x08006973   Thumb Code    52  os_mem.o(.text)
    OS_MemInit                               0x080069a7   Thumb Code    60  os_mem.o(.text)
    OSQAccept                                0x080069f5   Thumb Code    88  os_q.o(.text)
    OSQCreate                                0x08006a4d   Thumb Code   144  os_q.o(.text)
    OSQDel                                   0x08006add   Thumb Code   244  os_q.o(.text)
    OSQFlush                                 0x08006bd1   Thumb Code    36  os_q.o(.text)
    OSQPend                                  0x08006bf5   Thumb Code   278  os_q.o(.text)
    OSQPendAbort                             0x08006d0b   Thumb Code   128  os_q.o(.text)
    OSQPost                                  0x08006d8b   Thumb Code   114  os_q.o(.text)
    OSQPostFront                             0x08006dfd   Thumb Code   142  os_q.o(.text)
    OSQPostOpt                               0x08006e8b   Thumb Code   182  os_q.o(.text)
    OSQQuery                                 0x08006f41   Thumb Code    98  os_q.o(.text)
    OS_QInit                                 0x08006fa3   Thumb Code    46  os_q.o(.text)
    OSTaskChangePrio                         0x08006fd9   Thumb Code   396  os_task.o(.text)
    OSTaskCreate                             0x08007165   Thumb Code   148  os_task.o(.text)
    OS_TaskStkClr                            0x080071f9   Thumb Code    26  os_task.o(.text)
    OSTaskCreateExt                          0x08007213   Thumb Code   170  os_task.o(.text)
    OSTaskDel                                0x080072bd   Thumb Code   352  os_task.o(.text)
    OSTaskDelReq                             0x0800741d   Thumb Code   100  os_task.o(.text)
    OSTaskNameGet                            0x08007481   Thumb Code   114  os_task.o(.text)
    OSTaskNameSet                            0x080074f3   Thumb Code    98  os_task.o(.text)
    OSTaskResume                             0x08007555   Thumb Code   154  os_task.o(.text)
    OSTaskStkChk                             0x080075ef   Thumb Code   132  os_task.o(.text)
    OSTaskSuspend                            0x08007673   Thumb Code   152  os_task.o(.text)
    OSTaskQuery                              0x0800770b   Thumb Code    82  os_task.o(.text)
    OSTaskRegGet                             0x0800775d   Thumb Code    60  os_task.o(.text)
    OSTaskRegSet                             0x08007799   Thumb Code    62  os_task.o(.text)
    OS_TaskReturn                            0x080077d7   Thumb Code    18  os_task.o(.text)
    OSTimeDly                                0x08007801   Thumb Code    92  os_time.o(.text)
    OSTimeDlyHMSM                            0x0800785d   Thumb Code    76  os_time.o(.text)
    OSTimeDlyResume                          0x080078a9   Thumb Code   168  os_time.o(.text)
    OSTimeGet                                0x08007951   Thumb Code    24  os_time.o(.text)
    OSTimeSet                                0x08007969   Thumb Code    24  os_time.o(.text)
    autoip_init                              0x08007999   Thumb Code     2  autoip.o(.text)
    autoip_start                             0x08007a41   Thumb Code    96  autoip.o(.text)
    autoip_network_changed                   0x08007b51   Thumb Code    28  autoip.o(.text)
    autoip_stop                              0x08007b6d   Thumb Code    20  autoip.o(.text)
    autoip_tmr                               0x08007b81   Thumb Code   262  autoip.o(.text)
    autoip_arp_reply                         0x08007c87   Thumb Code   176  autoip.o(.text)
    icmp_input                               0x08007d59   Thumb Code   368  icmp.o(.text)
    icmp_dest_unreach                        0x08007f35   Thumb Code    18  icmp.o(.text)
    icmp_time_exceeded                       0x08007f47   Thumb Code    18  icmp.o(.text)
    htonl                                    0x08007f59   Thumb Code    26  inet.o(.text)
    inet_aton                                0x08007f73   Thumb Code   336  inet.o(.text)
    inet_addr                                0x080080c3   Thumb Code    24  inet.o(.text)
    inet_ntoa                                0x080080db   Thumb Code   112  inet.o(.text)
    htons                                    0x0800814b   Thumb Code    12  inet.o(.text)
    ntohs                                    0x08008157   Thumb Code    12  inet.o(.text)
    ntohl                                    0x08008163   Thumb Code    12  inet.o(.text)
    inet_chksum_pseudo                       0x080081bf   Thumb Code   162  inet_chksum.o(.text)
    inet_chksum                              0x08008261   Thumb Code    20  inet_chksum.o(.text)
    inet_chksum_pbuf                         0x08008275   Thumb Code    86  inet_chksum.o(.text)
    ip_route                                 0x080082cd   Thumb Code    70  ip.o(.text)
    ip_input                                 0x08008313   Thumb Code   446  ip.o(.text)
    ip_output_if                             0x080084d1   Thumb Code   246  ip.o(.text)
    ip_output                                0x080085c7   Thumb Code    52  ip.o(.text)
    ip_addr_isbroadcast                      0x08008611   Thumb Code    78  ip_addr.o(.text)
    ip_reass_tmr                             0x0800870b   Thumb Code    48  ip_frag.o(.text)
    ip_reass                                 0x08008963   Thumb Code   410  ip_frag.o(.text)
    ip_frag                                  0x08008afd   Thumb Code   326  ip_frag.o(.text)
    dhcp_renew                               0x080091db   Thumb Code   148  dhcp.o(.text)
    dhcp_coarse_tmr                          0x08009341   Thumb Code    62  dhcp.o(.text)
    dhcp_release                             0x08009433   Thumb Code   180  dhcp.o(.text)
    dhcp_fine_tmr                            0x08009683   Thumb Code    82  dhcp.o(.text)
    dhcp_stop                                0x080097e1   Thumb Code    60  dhcp.o(.text)
    dhcp_start                               0x080099d1   Thumb Code   188  dhcp.o(.text)
    dhcp_inform                              0x08009a8d   Thumb Code   160  dhcp.o(.text)
    dhcp_network_changed                     0x08009b2d   Thumb Code    82  dhcp.o(.text)
    dhcp_arp_reply                           0x08009c0b   Thumb Code    46  dhcp.o(.text)
    mem_init                                 0x08009cc1   Thumb Code    80  mem.o(.text)
    mem_free                                 0x08009d11   Thumb Code    68  mem.o(.text)
    mem_realloc                              0x08009d55   Thumb Code   288  mem.o(.text)
    mem_malloc                               0x08009e75   Thumb Code   228  mem.o(.text)
    mem_calloc                               0x08009f59   Thumb Code    34  mem.o(.text)
    memp_init                                0x08009f91   Thumb Code    82  memp.o(.text)
    memp_malloc                              0x08009fe3   Thumb Code    40  memp.o(.text)
    memp_free                                0x0800a00b   Thumb Code    28  memp.o(.text)
    netif_set_gw                             0x0800a039   Thumb Code    12  netif.o(.text)
    netif_set_netmask                        0x0800a045   Thumb Code    12  netif.o(.text)
    netif_set_ipaddr                         0x0800a051   Thumb Code   110  netif.o(.text)
    netif_set_addr                           0x0800a0bf   Thumb Code    40  netif.o(.text)
    netif_add                                0x0800a0e7   Thumb Code   100  netif.o(.text)
    netif_set_default                        0x0800a14b   Thumb Code     6  netif.o(.text)
    netif_remove                             0x0800a151   Thumb Code    74  netif.o(.text)
    netif_find                               0x0800a19b   Thumb Code    64  netif.o(.text)
    netif_set_up                             0x0800a1db   Thumb Code    44  netif.o(.text)
    netif_set_down                           0x0800a207   Thumb Code    24  netif.o(.text)
    netif_is_up                              0x0800a21f   Thumb Code    12  netif.o(.text)
    pbuf_free                                0x0800a241   Thumb Code   110  pbuf.o(.text)
    pbuf_alloc                               0x0800a2af   Thumb Code   414  pbuf.o(.text)
    pbuf_realloc                             0x0800a44d   Thumb Code   120  pbuf.o(.text)
    pbuf_header                              0x0800a4c5   Thumb Code   126  pbuf.o(.text)
    pbuf_clen                                0x0800a543   Thumb Code    18  pbuf.o(.text)
    pbuf_ref                                 0x0800a555   Thumb Code    10  pbuf.o(.text)
    pbuf_cat                                 0x0800a55f   Thumb Code    56  pbuf.o(.text)
    pbuf_chain                               0x0800a597   Thumb Code    22  pbuf.o(.text)
    pbuf_dechain                             0x0800a5ad   Thumb Code    56  pbuf.o(.text)
    pbuf_copy                                0x0800a5e5   Thumb Code   182  pbuf.o(.text)
    pbuf_copy_partial                        0x0800a69b   Thumb Code   146  pbuf.o(.text)
    pbuf_take                                0x0800a72d   Thumb Code   116  pbuf.o(.text)
    pbuf_coalesce                            0x0800a7a1   Thumb Code    60  pbuf.o(.text)
    raw_input                                0x0800a7dd   Thumb Code   100  raw.o(.text)
    raw_bind                                 0x0800a841   Thumb Code    16  raw.o(.text)
    raw_connect                              0x0800a851   Thumb Code    16  raw.o(.text)
    raw_recv                                 0x0800a861   Thumb Code     6  raw.o(.text)
    raw_sendto                               0x0800a867   Thumb Code   154  raw.o(.text)
    raw_send                                 0x0800a901   Thumb Code    18  raw.o(.text)
    raw_remove                               0x0800a913   Thumb Code    60  raw.o(.text)
    raw_new                                  0x0800a94f   Thumb Code    42  raw.o(.text)
    tcp_seg_free                             0x0800a97d   Thumb Code    32  tcp.o(.text)
    tcp_segs_free                            0x0800a99d   Thumb Code    30  tcp.o(.text)
    tcp_pcb_purge                            0x0800a9bb   Thumb Code    54  tcp.o(.text)
    tcp_slowtmr                              0x0800a9f1   Thumb Code   712  tcp.o(.text)
    tcp_pcb_remove                           0x0800acb9   Thumb Code   146  tcp.o(.text)
    tcp_close                                0x0800ad4b   Thumb Code   272  tcp.o(.text)
    tcp_update_rcv_ann_wnd                   0x0800ae5b   Thumb Code    72  tcp.o(.text)
    tcp_recved                               0x0800aea3   Thumb Code    70  tcp.o(.text)
    tcp_recv_null                            0x0800aee9   Thumb Code    46  tcp.o(.text)
    tcp_fasttmr                              0x0800af17   Thumb Code   114  tcp.o(.text)
    tcp_tmr                                  0x0800af89   Thumb Code    30  tcp.o(.text)
    tcp_abandon                              0x0800afa7   Thumb Code   148  tcp.o(.text)
    tcp_bind                                 0x0800b0a3   Thumb Code   228  tcp.o(.text)
    tcp_listen_with_backlog                  0x0800b18f   Thumb Code   192  tcp.o(.text)
    tcp_eff_send_mss                         0x0800b24f   Thumb Code    46  tcp.o(.text)
    tcp_next_iss                             0x0800b27d   Thumb Code    20  tcp.o(.text)
    tcp_connect                              0x0800b291   Thumb Code   308  tcp.o(.text)
    tcp_setprio                              0x0800b3c5   Thumb Code     4  tcp.o(.text)
    tcp_alloc                                0x0800b44b   Thumb Code   172  tcp.o(.text)
    tcp_new                                  0x0800b4f7   Thumb Code    10  tcp.o(.text)
    tcp_arg                                  0x0800b501   Thumb Code     4  tcp.o(.text)
    tcp_recv                                 0x0800b505   Thumb Code     6  tcp.o(.text)
    tcp_sent                                 0x0800b50b   Thumb Code     6  tcp.o(.text)
    tcp_err                                  0x0800b511   Thumb Code     6  tcp.o(.text)
    tcp_accept                               0x0800b517   Thumb Code     4  tcp.o(.text)
    tcp_poll                                 0x0800b51b   Thumb Code    10  tcp.o(.text)
    tcp_debug_state_str                      0x0800b525   Thumb Code    10  tcp.o(.text)
    tcp_input                                0x0800c355   Thumb Code  1118  tcp_in.o(.text)
    tcp_enqueue                              0x0800c86b   Thumb Code  1014  tcp_out.o(.text)
    tcp_send_ctrl                            0x0800cc61   Thumb Code    28  tcp_out.o(.text)
    tcp_write                                0x0800cc7d   Thumb Code    72  tcp_out.o(.text)
    tcp_send_empty_ack                       0x0800ccc5   Thumb Code    94  tcp_out.o(.text)
    tcp_output                               0x0800cde5   Thumb Code   474  tcp_out.o(.text)
    tcp_rst                                  0x0800cfbf   Thumb Code   170  tcp_out.o(.text)
    tcp_rexmit_rto                           0x0800d069   Thumb Code    58  tcp_out.o(.text)
    tcp_rexmit                               0x0800d0a3   Thumb Code    80  tcp_out.o(.text)
    tcp_rexmit_fast                          0x0800d0f3   Thumb Code   130  tcp_out.o(.text)
    tcp_keepalive                            0x0800d175   Thumb Code    82  tcp_out.o(.text)
    tcp_zero_window_probe                    0x0800d1c7   Thumb Code   168  tcp_out.o(.text)
    udp_input                                0x0800d271   Thumb Code   452  udp.o(.text)
    udp_bind                                 0x0800d435   Thumb Code   106  udp.o(.text)
    udp_sendto_if                            0x0800d49f   Thumb Code   202  udp.o(.text)
    udp_sendto                               0x0800d569   Thumb Code    46  udp.o(.text)
    udp_send                                 0x0800d597   Thumb Code    20  udp.o(.text)
    udp_connect                              0x0800d5ab   Thumb Code    94  udp.o(.text)
    udp_disconnect                           0x0800d609   Thumb Code    28  udp.o(.text)
    udp_recv                                 0x0800d625   Thumb Code     6  udp.o(.text)
    udp_remove                               0x0800d62b   Thumb Code    60  udp.o(.text)
    udp_new                                  0x0800d667   Thumb Code    28  udp.o(.text)
    etharp_tmr                               0x0800d6b7   Thumb Code   154  etharp.o(.text)
    etharp_find_addr                         0x0800da5d   Thumb Code    86  etharp.o(.text)
    etharp_ip_input                          0x0800dab3   Thumb Code    60  etharp.o(.text)
    etharp_arp_input                         0x0800daef   Thumb Code   340  etharp.o(.text)
    etharp_raw                               0x0800dc43   Thumb Code   212  etharp.o(.text)
    etharp_request                           0x0800dd17   Thumb Code    36  etharp.o(.text)
    etharp_query                             0x0800dd3b   Thumb Code   386  etharp.o(.text)
    etharp_output                            0x0800debd   Thumb Code   190  etharp.o(.text)
    ethernet_input                           0x0800df7b   Thumb Code   122  etharp.o(.text)
    ethernetif_input                         0x0800e11d   Thumb Code    44  ethernetif.o(.text)
    ethernetif_init                          0x0800e149   Thumb Code    38  ethernetif.o(.text)
    ETH_DeInit                               0x0800e1b1   Thumb Code    22  stm32f4x7_eth.o(.text)
    ETH_StructInit                           0x0800e1c7   Thumb Code   178  stm32f4x7_eth.o(.text)
    ETH_WritePHYRegister                     0x0800e279   Thumb Code    96  stm32f4x7_eth.o(.text)
    ETH_ReadPHYRegister                      0x0800e2d9   Thumb Code    98  stm32f4x7_eth.o(.text)
    ETH_Init                                 0x0800e33b   Thumb Code   638  stm32f4x7_eth.o(.text)
    ETH_DMAReceptionCmd                      0x0800e5b9   Thumb Code    30  stm32f4x7_eth.o(.text)
    ETH_DMATransmissionCmd                   0x0800e5d7   Thumb Code    30  stm32f4x7_eth.o(.text)
    ETH_MACReceptionCmd                      0x0800e5f5   Thumb Code    30  stm32f4x7_eth.o(.text)
    ETH_FlushTransmitFIFO                    0x0800e613   Thumb Code    14  stm32f4x7_eth.o(.text)
    ETH_MACTransmissionCmd                   0x0800e621   Thumb Code    30  stm32f4x7_eth.o(.text)
    ETH_Start                                0x0800e63f   Thumb Code    32  stm32f4x7_eth.o(.text)
    ETH_GetFlowControlBusyStatus             0x0800e65f   Thumb Code    66  stm32f4x7_eth.o(.text)
    ETH_InitiatePauseControlFrame            0x0800e6a1   Thumb Code    14  stm32f4x7_eth.o(.text)
    ETH_BackPressureActivationCmd            0x0800e6af   Thumb Code    30  stm32f4x7_eth.o(.text)
    ETH_GetMACFlagStatus                     0x0800e6cd   Thumb Code    20  stm32f4x7_eth.o(.text)
    ETH_GetMACITStatus                       0x0800e6e1   Thumb Code    20  stm32f4x7_eth.o(.text)
    ETH_MACITConfig                          0x0800e6f5   Thumb Code    26  stm32f4x7_eth.o(.text)
    ETH_MACAddressConfig                     0x0800e70f   Thumb Code    46  stm32f4x7_eth.o(.text)
    ETH_GetMACAddress                        0x0800e73d   Thumb Code    36  stm32f4x7_eth.o(.text)
    ETH_MACAddressPerfectFilterCmd           0x0800e761   Thumb Code    38  stm32f4x7_eth.o(.text)
    ETH_MACAddressFilterConfig               0x0800e787   Thumb Code    40  stm32f4x7_eth.o(.text)
    ETH_MACAddressMaskBytesFilterConfig      0x0800e7af   Thumb Code    32  stm32f4x7_eth.o(.text)
    ETH_Get_Received_Frame                   0x0800e7cf   Thumb Code    82  stm32f4x7_eth.o(.text)
    ETH_Get_Received_Frame_interrupt         0x0800e821   Thumb Code   268  stm32f4x7_eth.o(.text)
    ETH_Prepare_Transmit_Descriptors         0x0800e92d   Thumb Code   222  stm32f4x7_eth.o(.text)
    ETH_DMARxDescChainInit                   0x0800ea0b   Thumb Code    82  stm32f4x7_eth.o(.text)
    ETH_CheckFrameReceived                   0x0800ea5d   Thumb Code   214  stm32f4x7_eth.o(.text)
    ETH_DMATxDescChainInit                   0x0800eb33   Thumb Code    70  stm32f4x7_eth.o(.text)
    ETH_GetDMATxDescFlagStatus               0x0800eb79   Thumb Code    18  stm32f4x7_eth.o(.text)
    ETH_GetDMATxDescCollisionCount           0x0800eb8b   Thumb Code    10  stm32f4x7_eth.o(.text)
    ETH_SetDMATxDescOwnBit                   0x0800eb95   Thumb Code    10  stm32f4x7_eth.o(.text)
    ETH_DMATxDescTransmitITConfig            0x0800eb9f   Thumb Code    22  stm32f4x7_eth.o(.text)
    ETH_DMATxDescFrameSegmentConfig          0x0800ebb5   Thumb Code     8  stm32f4x7_eth.o(.text)
    ETH_DMATxDescChecksumInsertionConfig     0x0800ebbd   Thumb Code     8  stm32f4x7_eth.o(.text)
    ETH_DMATxDescCRCCmd                      0x0800ebc5   Thumb Code    22  stm32f4x7_eth.o(.text)
    ETH_DMATxDescSecondAddressChainedCmd     0x0800ebdb   Thumb Code    22  stm32f4x7_eth.o(.text)
    ETH_DMATxDescShortFramePaddingCmd        0x0800ebf1   Thumb Code    22  stm32f4x7_eth.o(.text)
    ETH_DMATxDescBufferSizeConfig            0x0800ec07   Thumb Code    14  stm32f4x7_eth.o(.text)
    ETH_GetDMARxDescFlagStatus               0x0800ec15   Thumb Code    18  stm32f4x7_eth.o(.text)
    ETH_GetDMAPTPRxDescExtendedFlagStatus    0x0800ec27   Thumb Code    18  stm32f4x7_eth.o(.text)
    ETH_SetDMARxDescOwnBit                   0x0800ec39   Thumb Code    10  stm32f4x7_eth.o(.text)
    ETH_GetDMARxDescFrameLength              0x0800ec43   Thumb Code    10  stm32f4x7_eth.o(.text)
    ETH_DMARxDescReceiveITConfig             0x0800ec4d   Thumb Code    22  stm32f4x7_eth.o(.text)
    ETH_GetDMARxDescBufferSize               0x0800ec63   Thumb Code    20  stm32f4x7_eth.o(.text)
    ETH_GetRxPktSize                         0x0800ec77   Thumb Code    42  stm32f4x7_eth.o(.text)
    ETH_EnhancedDescriptorCmd                0x0800eca1   Thumb Code    30  stm32f4x7_eth.o(.text)
    ETH_SoftwareReset                        0x0800ecbf   Thumb Code    14  stm32f4x7_eth.o(.text)
    ETH_GetSoftwareResetStatus               0x0800eccd   Thumb Code    20  stm32f4x7_eth.o(.text)
    ETH_GetDMAFlagStatus                     0x0800ece1   Thumb Code    20  stm32f4x7_eth.o(.text)
    ETH_DMAClearFlag                         0x0800ecf5   Thumb Code     6  stm32f4x7_eth.o(.text)
    ETH_DMAITConfig                          0x0800ecfb   Thumb Code    26  stm32f4x7_eth.o(.text)
    ETH_GetDMAITStatus                       0x0800ed15   Thumb Code    20  stm32f4x7_eth.o(.text)
    ETH_DMAClearITPendingBit                 0x0800ed29   Thumb Code     6  stm32f4x7_eth.o(.text)
    ETH_GetTransmitProcessState              0x0800ed2f   Thumb Code    10  stm32f4x7_eth.o(.text)
    ETH_GetReceiveProcessState               0x0800ed39   Thumb Code    10  stm32f4x7_eth.o(.text)
    ETH_GetFlushTransmitFIFOStatus           0x0800ed43   Thumb Code    20  stm32f4x7_eth.o(.text)
    ETH_GetDMAOverflowStatus                 0x0800ed57   Thumb Code    20  stm32f4x7_eth.o(.text)
    ETH_GetRxOverflowMissedFrameCounter      0x0800ed6b   Thumb Code    10  stm32f4x7_eth.o(.text)
    ETH_GetBufferUnavailableMissedFrameCounter 0x0800ed75   Thumb Code     8  stm32f4x7_eth.o(.text)
    ETH_GetCurrentTxDescStartAddress         0x0800ed7d   Thumb Code     6  stm32f4x7_eth.o(.text)
    ETH_GetCurrentRxDescStartAddress         0x0800ed83   Thumb Code     6  stm32f4x7_eth.o(.text)
    ETH_GetCurrentTxBufferAddress            0x0800ed89   Thumb Code     6  stm32f4x7_eth.o(.text)
    ETH_GetCurrentRxBufferAddress            0x0800ed8f   Thumb Code     6  stm32f4x7_eth.o(.text)
    ETH_ResumeDMATransmission                0x0800ed95   Thumb Code     8  stm32f4x7_eth.o(.text)
    ETH_ResumeDMAReception                   0x0800ed9d   Thumb Code     8  stm32f4x7_eth.o(.text)
    ETH_SetReceiveWatchdogTimer              0x0800eda5   Thumb Code     6  stm32f4x7_eth.o(.text)
    ETH_PHYLoopBackCmd                       0x0800edab   Thumb Code    52  stm32f4x7_eth.o(.text)
    ETH_ResetWakeUpFrameFilterRegisterPointer 0x0800eddf   Thumb Code    14  stm32f4x7_eth.o(.text)
    ETH_SetWakeUpFrameFilterRegister         0x0800eded   Thumb Code    24  stm32f4x7_eth.o(.text)
    ETH_GlobalUnicastWakeUpCmd               0x0800ee05   Thumb Code    30  stm32f4x7_eth.o(.text)
    ETH_GetPMTFlagStatus                     0x0800ee23   Thumb Code    20  stm32f4x7_eth.o(.text)
    ETH_WakeUpFrameDetectionCmd              0x0800ee37   Thumb Code    30  stm32f4x7_eth.o(.text)
    ETH_MagicPacketDetectionCmd              0x0800ee55   Thumb Code    30  stm32f4x7_eth.o(.text)
    ETH_PowerDownCmd                         0x0800ee73   Thumb Code    50  stm32f4x7_eth.o(.text)
    ETH_MMCCounterFullPreset                 0x0800eea5   Thumb Code    16  stm32f4x7_eth.o(.text)
    ETH_MMCCounterHalfPreset                 0x0800eeb5   Thumb Code    30  stm32f4x7_eth.o(.text)
    ETH_MMCCounterFreezeCmd                  0x0800eed3   Thumb Code    34  stm32f4x7_eth.o(.text)
    ETH_MMCResetOnReadCmd                    0x0800eef5   Thumb Code    34  stm32f4x7_eth.o(.text)
    ETH_MMCCounterRolloverCmd                0x0800ef17   Thumb Code    34  stm32f4x7_eth.o(.text)
    ETH_MMCCountersReset                     0x0800ef39   Thumb Code    16  stm32f4x7_eth.o(.text)
    ETH_MMCITConfig                          0x0800ef49   Thumb Code    78  stm32f4x7_eth.o(.text)
    ETH_GetMMCITStatus                       0x0800ef97   Thumb Code    66  stm32f4x7_eth.o(.text)
    ETH_GetMMCRegister                       0x0800efd9   Thumb Code     8  stm32f4x7_eth.o(.text)
    __aeabi_memcpy                           0x0800efe9   Thumb Code    36  memcpya.o(.text)
    __aeabi_memcpy4                          0x0800efe9   Thumb Code     0  memcpya.o(.text)
    __aeabi_memcpy8                          0x0800efe9   Thumb Code     0  memcpya.o(.text)
    __aeabi_memset                           0x0800f00d   Thumb Code    14  memseta.o(.text)
    __aeabi_memset4                          0x0800f00d   Thumb Code     0  memseta.o(.text)
    __aeabi_memset8                          0x0800f00d   Thumb Code     0  memseta.o(.text)
    __aeabi_memclr                           0x0800f01b   Thumb Code     4  memseta.o(.text)
    __aeabi_memclr4                          0x0800f01b   Thumb Code     0  memseta.o(.text)
    __aeabi_memclr8                          0x0800f01b   Thumb Code     0  memseta.o(.text)
    _memset$wrapper                          0x0800f01f   Thumb Code    18  memseta.o(.text)
    memcmp                                   0x0800f031   Thumb Code    26  memcmp.o(.text)
    __aeabi_uldivmod                         0x0800f04b   Thumb Code    98  uldiv.o(.text)
    __scatterload                            0x0800f0ad   Thumb Code    28  init.o(.text)
    __scatterload_rt2                        0x0800f0ad   Thumb Code     0  init.o(.text)
    __aeabi_llsl                             0x0800f0d1   Thumb Code    30  llshl.o(.text)
    _ll_shift_l                              0x0800f0d1   Thumb Code     0  llshl.o(.text)
    __aeabi_llsr                             0x0800f0ef   Thumb Code    32  llushr.o(.text)
    _ll_ushift_r                             0x0800f0ef   Thumb Code     0  llushr.o(.text)
    __decompress                             0x0800f10f   Thumb Code     0  __dczerorl2.o(.text)
    __decompress1                            0x0800f10f   Thumb Code    86  __dczerorl2.o(.text)
    __0printf$8                              0x0800f165   Thumb Code    22  printf8.o(i.__0printf$8)
    __1printf$8                              0x0800f165   Thumb Code     0  printf8.o(i.__0printf$8)
    __2printf                                0x0800f165   Thumb Code     0  printf8.o(i.__0printf$8)
    __scatterload_copy                       0x0800f185   Thumb Code    14  handlers.o(i.__scatterload_copy)
    __scatterload_null                       0x0800f193   Thumb Code     2  handlers.o(i.__scatterload_null)
    __scatterload_zeroinit                   0x0800f195   Thumb Code    14  handlers.o(i.__scatterload_zeroinit)
    TEXT_Buffer                              0x0800f606   Data          17  stmflash.o(.constdata)
    OSUnMapTbl                               0x0800f617   Data         256  os_core.o(.constdata)
    ip_addr_any                              0x0800f717   Data           4  ip_addr.o(.constdata)
    ip_addr_broadcast                        0x0800f71b   Data           4  ip_addr.o(.constdata)
    tcp_backoff                              0x0800f744   Data          13  tcp.o(.constdata)
    tcp_persist_backoff                      0x0800f751   Data           7  tcp.o(.constdata)
    ethbroadcast                             0x0800f758   Data           6  etharp.o(.constdata)
    ethzero                                  0x0800f75e   Data           6  etharp.o(.constdata)
    Region$$Table$$Base                      0x0800f824   Number         0  anon$$obj.o(Region$$Table)
    Region$$Table$$Limit                     0x0800f844   Number         0  anon$$obj.o(Region$$Table)
    tafficlight_dbg_level                    0x20000000   Data           4  main.o(.data)
    g_online_num                             0x20000004   Data           1  trafficlight.o(.data)
    g_send_light_info                        0x20000005   Data           1  trafficlight.o(.data)
    start_led                                0x20000006   Data           1  trafficlight.o(.data)
    start_time                               0x20000007   Data           1  trafficlight.o(.data)
    start_ticks_qi                           0x20000008   Data           4  trafficlight.o(.data)
    jump2app                                 0x20000010   Data           4  iap.o(.data)
    TCPTimer                                 0x20000014   Data           4  netconf.o(.data)
    ARPTimer                                 0x20000018   Data           4  netconf.o(.data)
    IPaddress                                0x2000001c   Data           4  netconf.o(.data)
    USART_RX_CNT                             0x20000020   Data           4  sci.o(.data)
    __stdout                                 0x20000024   Data           4  sci.o(.data)
    USART_RX_STA                             0x20000028   Data           2  sci.o(.data)
    USART3_RX_STA                            0x2000002a   Data           2  sci.o(.data)
    RS485_REC_Flag                           0x2000002c   Data           1  sci.o(.data)
    RS485_rec_counter                        0x20000030   Data           4  sci.o(.data)
    send_buf                                 0x20000034   Data          20  sci.o(.data)
    tcp_server_flag                          0x20000048   Data           1  tcp_server.o(.data)
    tcppcbnew                                0x2000004c   Data           4  tcp_server.o(.data)
    tcppcbconn                               0x20000050   Data           4  tcp_server.o(.data)
    SystemCoreClock                          0x20000064   Data           4  system_stm32f4xx.o(.data)
    AHBPrescTable                            0x20000068   Data          16  system_stm32f4xx.o(.data)
    OSCtxSwCtr                               0x20000078   Data           4  os_core.o(.data)
    OSEventFreeList                          0x2000007c   Data           4  os_core.o(.data)
    OSFlagFreeList                           0x20000080   Data           4  os_core.o(.data)
    OSCPUUsage                               0x20000084   Data           1  os_core.o(.data)
    OSIdleCtrMax                             0x20000088   Data           4  os_core.o(.data)
    OSIdleCtrRun                             0x2000008c   Data           4  os_core.o(.data)
    OSStatRdy                                0x20000090   Data           1  os_core.o(.data)
    OSIntNesting                             0x20000091   Data           1  os_core.o(.data)
    OSLockNesting                            0x20000092   Data           1  os_core.o(.data)
    OSPrioCur                                0x20000093   Data           1  os_core.o(.data)
    OSPrioHighRdy                            0x20000094   Data           1  os_core.o(.data)
    OSRdyGrp                                 0x20000095   Data           1  os_core.o(.data)
    OSRdyTbl                                 0x20000096   Data           8  os_core.o(.data)
    OSRunning                                0x2000009e   Data           1  os_core.o(.data)
    OSTaskCtr                                0x2000009f   Data           1  os_core.o(.data)
    OSIdleCtr                                0x200000a0   Data           4  os_core.o(.data)
    OSTCBCur                                 0x200000a4   Data           4  os_core.o(.data)
    OSTCBFreeList                            0x200000a8   Data           4  os_core.o(.data)
    OSTCBHighRdy                             0x200000ac   Data           4  os_core.o(.data)
    OSTCBList                                0x200000b0   Data           4  os_core.o(.data)
    OSTickStepState                          0x200000b4   Data           1  os_core.o(.data)
    OSMemFreeList                            0x200000b8   Data           4  os_core.o(.data)
    OSQFreeList                              0x200000bc   Data           4  os_core.o(.data)
    OSTime                                   0x200000c0   Data           4  os_core.o(.data)
    current_netif                            0x200000c4   Data           4  ip.o(.data)
    current_header                           0x200000c8   Data           4  ip.o(.data)
    netif_list                               0x200000ec   Data           4  netif.o(.data)
    netif_default                            0x200000f0   Data           4  netif.o(.data)
    tcp_state_str                            0x200000fc   Data          44  tcp.o(.data)
    tcp_ticks                                0x20000128   Data           4  tcp.o(.data)
    tcp_bound_pcbs                           0x2000012c   Data           4  tcp.o(.data)
    tcp_listen_pcbs                          0x20000130   Data           4  tcp.o(.data)
    tcp_active_pcbs                          0x20000134   Data           4  tcp.o(.data)
    tcp_tw_pcbs                              0x20000138   Data           4  tcp.o(.data)
    tcp_tmp_pcb                              0x2000013c   Data           4  tcp.o(.data)
    tcp_input_pcb                            0x20000164   Data           4  tcp_in.o(.data)
    udp_pcbs                                 0x20000168   Data           4  udp.o(.data)
    DMATxDescToSet                           0x20000170   Data           4  stm32f4x7_eth.o(.data)
    DMARxDescToGet                           0x20000174   Data           4  stm32f4x7_eth.o(.data)
    DMA_RX_FRAME_infos                       0x20000178   Data           4  stm32f4x7_eth.o(.data)
    Frame_Rx_index                           0x2000017c   Data           4  stm32f4x7_eth.o(.data)
    Stk_TaskStartUp                          0x20000180   Data         400  main.o(.bss)
    Stk_Task_LED                             0x20000310   Data        4000  task_trafficlight.o(.bss)
    Stk_Task_TRAFFIC                         0x200012b0   Data        4000  task_trafficlight.o(.bss)
    Stk_Task_UDP_Client                      0x20002250   Data        8000  task_trafficlight.o(.bss)
    Stk_Task_QIJUN                           0x20004190   Data        4000  task_trafficlight.o(.bss)
    light_info                               0x20005130   Data         216  task_trafficlight.o(.bss)
    g_trafficlight                           0x20005208   Data         624  trafficlight.o(.bss)
    g_online                                 0x20005478   Data          24  trafficlight.o(.bss)
    iapbuf                                   0x20005490   Data        2048  iap.o(.bss)
    netif                                    0x20005c90   Data          56  netconf.o(.bss)
    USART_RX_BUF                             0x20005cc8   Data         100  sci.o(.bss)
    USART3_RX_BUF                            0x20005d2c   Data         100  sci.o(.bss)
    RS485_buff                               0x20005d90   Data         100  sci.o(.bss)
    g_rbuffer                                0x20005df4   Data        1502  ring_buffer.o(.bss)
    tcp_server_recvbuf                       0x200063d2   Data        2000  tcp_server.o(.bss)
    tcp_server_sendbuf                       0x20006ba2   Data         120  tcp_server.o(.bss)
    OSEventTbl                               0x20006c1c   Data         240  os_core.o(.bss)
    OSFlagTbl                                0x20006d0c   Data          80  os_core.o(.bss)
    OSTaskStatStk                            0x20006d5c   Data         512  os_core.o(.bss)
    OSTaskIdleStk                            0x20006f5c   Data         512  os_core.o(.bss)
    OSTCBPrioTbl                             0x2000715c   Data         256  os_core.o(.bss)
    OSTCBTbl                                 0x2000725c   Data        1936  os_core.o(.bss)
    OSMemTbl                                 0x200079ec   Data         120  os_core.o(.bss)
    OSQTbl                                   0x20007a64   Data          96  os_core.o(.bss)
    DMARxDscrTab                             0x2000cddc   Data         128  stm32f4x7_eth.o(.bss)
    DMATxDscrTab                             0x2000ce5c   Data          64  stm32f4x7_eth.o(.bss)
    Rx_Buff                                  0x2000ce9c   Data        6096  stm32f4x7_eth.o(.bss)
    Tx_Buff                                  0x2000e66c   Data        3048  stm32f4x7_eth.o(.bss)
    RX_Frame_Descriptor                      0x2000f254   Data          12  stm32f4x7_eth.o(.bss)
    __initial_sp                             0x2000f660   Data           0  startup_stm32f4xx.o(STACK)



==============================================================================

Memory Map of the image

  Image Entry point : 0x08000189

  Load Region LR_IROM1 (Base: 0x08000000, Size: 0x0000f9c4, Max: 0x00040000, ABSOLUTE, COMPRESSED[0x0000f8a4])

    Execution Region ER_IROM1 (Base: 0x08000000, Size: 0x0000f844, Max: 0x00040000, ABSOLUTE)

    Base Addr    Size         Type   Attr      Idx    E Section Name        Object

    0x08000000   0x00000188   Data   RO         1203    RESET               startup_stm32f4xx.o
    0x08000188   0x00000000   Code   RO         1940  * .ARM.Collect$$$$00000000  mc_w.l(entry.o)
    0x08000188   0x00000004   Code   RO         2212    .ARM.Collect$$$$00000001  mc_w.l(entry2.o)
    0x0800018c   0x00000004   Code   RO         2215    .ARM.Collect$$$$00000004  mc_w.l(entry5.o)
    0x08000190   0x00000000   Code   RO         2217    .ARM.Collect$$$$00000008  mc_w.l(entry7b.o)
    0x08000190   0x00000000   Code   RO         2219    .ARM.Collect$$$$0000000A  mc_w.l(entry8b.o)
    0x08000190   0x00000008   Code   RO         2220    .ARM.Collect$$$$0000000B  mc_w.l(entry9a.o)
    0x08000198   0x00000000   Code   RO         2222    .ARM.Collect$$$$0000000D  mc_w.l(entry10a.o)
    0x08000198   0x00000000   Code   RO         2224    .ARM.Collect$$$$0000000F  mc_w.l(entry11a.o)
    0x08000198   0x00000004   Code   RO         2213    .ARM.Collect$$$$00002712  mc_w.l(entry2.o)
    0x0800019c   0x00000018   Code   RO          394    .emb_text           sys.o
    0x080001b4   0x00000314   Code   RO            2    .text               main.o
    0x080004c8   0x000002f4   Code   RO          302    .text               task_trafficlight.o
    0x080007bc   0x00001654   Code   RO          343    .text               trafficlight.o
    0x08001e10   0x00000a3c   Code   RO          372    .text               rsu_parse.o
    0x0800284c   0x00000094   Code   RO          405    .text               iap.o
    0x080028e0   0x00000034   Code   RO          425    .text               led.o
    0x08002914   0x00000014   Code   RO          441    .text               bsp_global.o
    0x08002928   0x000000aa   Code   RO          457    .text               nvic.o
    0x080029d2   0x00000002   PAD
    0x080029d4   0x000001ec   Code   RO          473    .text               stm32f4x7_eth_bsp.o
    0x08002bc0   0x0000043c   Code   RO          493    .text               netconf.o
    0x08002ffc   0x00000058   Code   RO          541    .text               stm32f4xx_it.o
    0x08003054   0x00000528   Code   RO          560    .text               sci.o
    0x0800357c   0x00000150   Code   RO          592    .text               drv_trafficlight.o
    0x080036cc   0x000001a8   Code   RO          611    .text               stmflash.o
    0x08003874   0x000000d0   Code   RO          630    .text               ring_buffer.o
    0x08003944   0x00000350   Code   RO          649    .text               tcp_server.o
    0x08003c94   0x00000034   Code   RO          670    .text               iwdg.o
    0x08003cc8   0x000000e0   Code   RO          704    .text               misc.o
    0x08003da8   0x000004bc   Code   RO          912    .text               stm32f4xx_flash.o
    0x08004264   0x0000025c   Code   RO          944    .text               stm32f4xx_gpio.o
    0x080044c0   0x00000040   Code   RO         1024    .text               stm32f4xx_iwdg.o
    0x08004500   0x00000588   Code   RO         1056    .text               stm32f4xx_rcc.o
    0x08004a88   0x0000008c   Code   RO         1138    .text               stm32f4xx_syscfg.o
    0x08004b14   0x0000041a   Code   RO         1170    .text               stm32f4xx_usart.o
    0x08004f2e   0x00000002   PAD
    0x08004f30   0x00000024   Code   RO         1204    .text               startup_stm32f4xx.o
    0x08004f54   0x00000210   Code   RO         1209    .text               system_stm32f4xx.o
    0x08005164   0x000000c4   Code   RO         1230    .text               os_cpu_a.o
    0x08005228   0x00000148   Code   RO         1234    .text               os_cpu_c.o
    0x08005370   0x00000cb4   Code   RO         1272    .text               os_core.o
    0x08006024   0x000007fc   Code   RO         1296    .text               os_flag.o
    0x08006820   0x000001d4   Code   RO         1328    .text               os_mem.o
    0x080069f4   0x000005e4   Code   RO         1360    .text               os_q.o
    0x08006fd8   0x00000828   Code   RO         1392    .text               os_task.o
    0x08007800   0x00000198   Code   RO         1408    .text               os_time.o
    0x08007998   0x000003c0   Code   RO         1484    .text               autoip.o
    0x08007d58   0x00000200   Code   RO         1510    .text               icmp.o
    0x08007f58   0x0000021c   Code   RO         1537    .text               inet.o
    0x08008174   0x00000156   Code   RO         1550    .text               inet_chksum.o
    0x080082ca   0x00000002   PAD
    0x080082cc   0x00000344   Code   RO         1569    .text               ip.o
    0x08008610   0x0000004e   Code   RO         1599    .text               ip_addr.o
    0x0800865e   0x00000002   PAD
    0x08008660   0x000005ec   Code   RO         1621    .text               ip_frag.o
    0x08008c4c   0x00000ff8   Code   RO         1639    .text               dhcp.o
    0x08009c44   0x0000034c   Code   RO         1693    .text               mem.o
    0x08009f90   0x000000a8   Code   RO         1708    .text               memp.o
    0x0800a038   0x00000208   Code   RO         1735    .text               netif.o
    0x0800a240   0x0000059c   Code   RO         1757    .text               pbuf.o
    0x0800a7dc   0x000001a0   Code   RO         1769    .text               raw.o
    0x0800a97c   0x00000bd0   Code   RO         1795    .text               tcp.o
    0x0800b54c   0x00001294   Code   RO         1816    .text               tcp_in.o
    0x0800c7e0   0x00000a8e   Code   RO         1836    .text               tcp_out.o
    0x0800d26e   0x00000002   PAD
    0x0800d270   0x0000041c   Code   RO         1848    .text               udp.o
    0x0800d68c   0x00000968   Code   RO         1877    .text               etharp.o
    0x0800dff4   0x000001a0   Code   RO         1904    .text               ethernetif.o
    0x0800e194   0x00000e54   Code   RO         1921    .text               stm32f4x7_eth.o
    0x0800efe8   0x00000024   Code   RO         1943    .text               mc_w.l(memcpya.o)
    0x0800f00c   0x00000024   Code   RO         1945    .text               mc_w.l(memseta.o)
    0x0800f030   0x0000001a   Code   RO         1947    .text               mc_w.l(memcmp.o)
    0x0800f04a   0x00000062   Code   RO         2228    .text               mc_w.l(uldiv.o)
    0x0800f0ac   0x00000024   Code   RO         2241    .text               mc_w.l(init.o)
    0x0800f0d0   0x0000001e   Code   RO         2243    .text               mc_w.l(llshl.o)
    0x0800f0ee   0x00000020   Code   RO         2245    .text               mc_w.l(llushr.o)
    0x0800f10e   0x00000056   Code   RO         2259    .text               mc_w.l(__dczerorl2.o)
    0x0800f164   0x00000020   Code   RO         2158    i.__0printf$8       mc_w.l(printf8.o)
    0x0800f184   0x0000000e   Code   RO         2253    i.__scatterload_copy  mc_w.l(handlers.o)
    0x0800f192   0x00000002   Code   RO         2254    i.__scatterload_null  mc_w.l(handlers.o)
    0x0800f194   0x0000000e   Code   RO         2255    i.__scatterload_zeroinit  mc_w.l(handlers.o)
    0x0800f1a2   0x00000002   PAD
    0x0800f1a4   0x00000410   Code   RO         2165    i._printf_core      mc_w.l(printf8.o)
    0x0800f5b4   0x00000024   Code   RO         2166    i._printf_post_padding  mc_w.l(printf8.o)
    0x0800f5d8   0x0000002e   Code   RO         2167    i._printf_pre_padding  mc_w.l(printf8.o)
    0x0800f606   0x00000011   Data   RO          612    .constdata          stmflash.o
    0x0800f617   0x00000100   Data   RO         1274    .constdata          os_core.o
    0x0800f717   0x00000008   Data   RO         1600    .constdata          ip_addr.o
    0x0800f71f   0x00000001   PAD
    0x0800f720   0x00000024   Data   RO         1710    .constdata          memp.o
    0x0800f744   0x00000014   Data   RO         1796    .constdata          tcp.o
    0x0800f758   0x0000000c   Data   RO         1879    .constdata          etharp.o
    0x0800f764   0x00000046   Data   RO          345    .conststring        trafficlight.o
    0x0800f7aa   0x00000002   PAD
    0x0800f7ac   0x00000075   Data   RO         1797    .conststring        tcp.o
    0x0800f821   0x00000003   PAD
    0x0800f824   0x00000020   Data   RO         2251    Region$$Table       anon$$obj.o


    Execution Region RW_IRAM1 (Base: 0x20000000, Size: 0x0000f660, Max: 0x00020000, ABSOLUTE, COMPRESSED[0x00000060])

    Base Addr    Size         Type   Attr      Idx    E Section Name        Object

    0x20000000   0x00000004   Data   RW            4    .data               main.o
    0x20000004   0x00000008   Data   RW          346    .data               trafficlight.o
    0x2000000c   0x00000004   Data   RW          373    .data               rsu_parse.o
    0x20000010   0x00000004   Data   RW          407    .data               iap.o
    0x20000014   0x0000000c   Data   RW          495    .data               netconf.o
    0x20000020   0x00000028   Data   RW          562    .data               sci.o
    0x20000048   0x0000000c   Data   RW          651    .data               tcp_server.o
    0x20000054   0x00000010   Data   RW         1057    .data               stm32f4xx_rcc.o
    0x20000064   0x00000014   Data   RW         1210    .data               system_stm32f4xx.o
    0x20000078   0x0000004c   Data   RW         1275    .data               os_core.o
    0x200000c4   0x0000000a   Data   RW         1570    .data               ip.o
    0x200000ce   0x00000002   PAD
    0x200000d0   0x00000006   Data   RW         1623    .data               ip_frag.o
    0x200000d6   0x00000002   PAD
    0x200000d8   0x00000004   Data   RW         1640    .data               dhcp.o
    0x200000dc   0x0000000d   Data   RW         1695    .data               mem.o
    0x200000e9   0x00000003   PAD
    0x200000ec   0x00000009   Data   RW         1736    .data               netif.o
    0x200000f5   0x00000003   PAD
    0x200000f8   0x00000004   Data   RW         1770    .data               raw.o
    0x200000fc   0x0000004c   Data   RW         1798    .data               tcp.o
    0x20000148   0x00000020   Data   RW         1818    .data               tcp_in.o
    0x20000168   0x00000004   Data   RW         1849    .data               udp.o
    0x2000016c   0x00000001   Data   RW         1880    .data               etharp.o
    0x2000016d   0x00000003   PAD
    0x20000170   0x00000010   Data   RW         1923    .data               stm32f4x7_eth.o
    0x20000180   0x00000190   Zero   RW            3    .bss                main.o
    0x20000310   0x00004ef8   Zero   RW          303    .bss                task_trafficlight.o
    0x20005208   0x00000288   Zero   RW          344    .bss                trafficlight.o
    0x20005490   0x00000800   Zero   RW          406    .bss                iap.o
    0x20005c90   0x00000038   Zero   RW          494    .bss                netconf.o
    0x20005cc8   0x0000012c   Zero   RW          561    .bss                sci.o
    0x20005df4   0x000005de   Zero   RW          631    .bss                ring_buffer.o
    0x200063d2   0x00000848   Zero   RW          650    .bss                tcp_server.o
    0x20006c1a   0x00000002   PAD
    0x20006c1c   0x00000ea8   Zero   RW         1273    .bss                os_core.o
    0x20007ac4   0x00000010   Zero   RW         1538    .bss                inet.o
    0x20007ad4   0x000005e0   Zero   RW         1622    .bss                ip_frag.o
    0x200080b4   0x00002814   Zero   RW         1694    .bss                mem.o
    0x2000a8c8   0x00002437   Zero   RW         1709    .bss                memp.o
    0x2000ccff   0x00000001   PAD
    0x2000cd00   0x00000014   Zero   RW         1817    .bss                tcp_in.o
    0x2000cd14   0x000000c8   Zero   RW         1878    .bss                etharp.o
    0x2000cddc   0x00002484   Zero   RW         1922    .bss                stm32f4x7_eth.o
    0x2000f260   0x00000400   Zero   RW         1201    STACK               startup_stm32f4xx.o


==============================================================================

Image component sizes


      Code (inc. data)   RO Data    RW Data    ZI Data      Debug   Object Name

       960         34          0          0          0       6833   autoip.o
        20          0          0          0          0        475   bsp_global.o
      4088         48          0          4          0      15555   dhcp.o
       336          8          0          0          0       1046   drv_trafficlight.o
      2408         22         12          1        200      10030   etharp.o
       416         38          0          0          0       3032   ethernetif.o
       148         12          0          4       2048       1566   iap.o
       512          0          0          0          0       2746   icmp.o
       540         12          0          0         16       3456   inet.o
       342          0          0          0          0       5466   inet_chksum.o
       836         22          0         10          0       6922   ip.o
        78          0          8          0          0       5725   ip_addr.o
      1516         18          0          6       1504       6748   ip_frag.o
        52          0          0          0          0        678   iwdg.o
        52          4          0          0          0        516   led.o
       788        430          0          4        400     333412   main.o
       844         22          0         13      10260       4014   mem.o
       168         18         36          0       9271       2482   memp.o
       224         20          0          0          0       1833   misc.o
      1084        350          0         12         56       9802   netconf.o
       520         22          0          9          0       5860   netif.o
       170          0          0          0          0        609   nvic.o
      3252        276        256         76       3752      20007   os_core.o
       196         32          0          0          0        320   os_cpu_a.o
       328         12          0          0          0       3432   os_cpu_c.o
      2044         40          0          0          0       7184   os_flag.o
       468         18          0          0          0       3248   os_mem.o
      1508         34          0          0          0       5753   os_q.o
      2088         68          0          0          0       8033   os_task.o
       408         24          0          0          0       1858   os_time.o
      1436          0          0          0          0       6132   pbuf.o
       416          4          0          4          0       3713   raw.o
       208          4          0          0       1502       1950   ring_buffer.o
      2620        972          0          4          0       4208   rsu_parse.o
      1320        102          0         40        300       6144   sci.o
        36          8        392          0       1024        844   startup_stm32f4xx.o
      3668         98          0         16       9348      20232   stm32f4x7_eth.o
       492         26          0          0          0      19600   stm32f4x7_eth_bsp.o
      1212         26          0          0          0       7093   stm32f4xx_flash.o
       604         36          0          0          0       4137   stm32f4xx_gpio.o
        88          4          0          0          0       1522   stm32f4xx_it.o
        64          6          0          0          0       1349   stm32f4xx_iwdg.o
      1416         48          0         16          0      11055   stm32f4xx_rcc.o
       140         12          0          0          0       1683   stm32f4xx_syscfg.o
      1050         26          0          0          0       7872   stm32f4xx_usart.o
       424         86         17          0          0       2669   stmflash.o
        24          0          0          0          0        636   sys.o
       528         46          0         20          0       1851   system_stm32f4xx.o
       756        248          0          0      20216      22307   task_trafficlight.o
      3024        114        137         76          0      18516   tcp.o
      4756        214          0         32         20      13492   tcp_in.o
      2702         12          0          0          0       7314   tcp_out.o
       848         48          0         12       2120       4270   tcp_server.o
      5716       1404         70          8        648       6165   trafficlight.o
      1052         10          0          4          0      14099   udp.o

    ----------------------------------------------------------------------
     61004       5138        966        384      62688     667494   Object Totals
         0          0         32          0          0          0   (incl. Generated)
        10          0          6         13          3          0   (incl. Padding)

    ----------------------------------------------------------------------

      Code (inc. data)   RO Data    RW Data    ZI Data      Debug   Library Member Name

        86          0          0          0          0          0   __dczerorl2.o
         0          0          0          0          0          0   entry.o
         0          0          0          0          0          0   entry10a.o
         0          0          0          0          0          0   entry11a.o
         8          4          0          0          0          0   entry2.o
         4          0          0          0          0          0   entry5.o
         0          0          0          0          0          0   entry7b.o
         0          0          0          0          0          0   entry8b.o
         8          4          0          0          0          0   entry9a.o
        30          0          0          0          0          0   handlers.o
        36          8          0          0          0         68   init.o
        30          0          0          0          0         68   llshl.o
        32          0          0          0          0         68   llushr.o
        26          0          0          0          0         80   memcmp.o
        36          0          0          0          0         68   memcpya.o
        36          0          0          0          0        108   memseta.o
      1154         54          0          0          0        352   printf8.o
        98          0          0          0          0         92   uldiv.o

    ----------------------------------------------------------------------
      1586         70          0          0          0        904   Library Totals
         2          0          0          0          0          0   (incl. Padding)

    ----------------------------------------------------------------------

      Code (inc. data)   RO Data    RW Data    ZI Data      Debug   Library Name

      1584         70          0          0          0        904   mc_w.l

    ----------------------------------------------------------------------
      1586         70          0          0          0        904   Library Totals

    ----------------------------------------------------------------------

==============================================================================


      Code (inc. data)   RO Data    RW Data    ZI Data      Debug   

     62590       5208        966        384      62688     658066   Grand Totals
     62590       5208        966         96      62688     658066   ELF Image Totals (compressed)
     62590       5208        966         96          0          0   ROM Totals

==============================================================================

    Total RO  Size (Code + RO Data)                63556 (  62.07kB)
    Total RW  Size (RW Data + ZI Data)             63072 (  61.59kB)
    Total ROM Size (Code + RO Data + RW Data)      63652 (  62.16kB)

==============================================================================

