<html>
<body>
<pre>
<h1>µVision Build Log</h1>
<h2>Tool Versions:</h2>
IDE-Version: ¦ÌVision V5.18.0.0
Copyright (C) 2016 ARM Ltd and ARM Germany GmbH. All rights reserved.
License Information: a a, a, LIC=YA3AR-KH22I-9U34U-SIUSJ-NZ0PU-21W4C
 
Tool Versions:
Toolchain:       MDK-ARM Standard  Version: 5.18
Toolchain Path:  E:\tools\keil\ARM\ARMCC\Bin
C Compiler:      Armcc.exe V5.06 update 1 (build 61)
Assembler:       Armasm.exe V5.06 update 1 (build 61)
Linker/Locator:  ArmLink.exe V5.06 update 1 (build 61)
Library Manager: ArmAr.exe V5.06 update 1 (build 61)
Hex Converter:   FromElf.exe V5.06 update 1 (build 61)
CPU DLL:         SARMCM3.DLL V5.18
Dialog DLL:      DCM.DLL V1.13.6.0
Target DLL:      Segger\JL2CM3.dll V2.99.18.0
Dialog DLL:      TCM.DLL V1.14.8.0
 
<h2>Project:</h2>
E:\project\traffic_light_learning\traffic_light_learning_v1.0.0\project\Pro.uvprojx
Project File Date:  11/19/2018

<h2>Output:</h2>
*** Using Compiler 'V5.06 update 1 (build 61)', folder: 'E:\tools\keil\ARM\ARMCC\Bin'
Rebuild target 'STM32F407'
compiling LED.C...
..\BSP\LED.C(47): warning:  #1-D: last line of file ends without a newline
  }
..\BSP\LED.C: 1 warning, 0 errors
compiling Bsp_Global.c...
compiling netconf.c...
compiling NVIC.C...
compiling stm32f4x7_eth_bsp.c...
compiling Main.c...
compiling Task_Test.c...
..\App\Task_Test.c(166): warning:  #177-D: variable "last_ticks" was declared but never referenced
  	uint32_t last_ticks;
..\App\Task_Test.c(167): warning:  #177-D: variable "current_ticks" was declared but never referenced
  	uint32_t current_ticks;
..\App\Task_Test.c(168): warning:  #177-D: variable "current_light" was declared but never referenced
  	uint8_t	current_light;
..\App\Task_Test.c: 3 warnings, 0 errors
compiling M_Delay_P.c...
compiling M_Global.c...
compiling misc.c...
compiling stm32f4xx_can.c...
compiling stm32f4xx_adc.c...
compiling UDP_CLIENT.C...
compiling stm32f4xx_it.c...
..\BSP\stm32f4xx_it.c(159): warning:  #177-D: variable "err" was declared but never referenced
  	INT8U err;
..\BSP\stm32f4xx_it.c: 1 warning, 0 errors
compiling SCI.c...
..\BSP\SCI.c(268): warning:  #167-D: argument of type "volatile unsigned char *" is incompatible with parameter of type "unsigned char *"
  		RS485_Send_Data(RS485_buff,RS485_rec_counter);
..\BSP\SCI.c: 1 warning, 0 errors
compiling CAN.C...
..\BSP\CAN.C(150): warning:  #550-D: variable "transmit_mailbox" was set but never used
  	uint8_t transmit_mailbox = 0;
..\BSP\CAN.C(173): warning:  #1-D: last line of file ends without a newline
  }
..\BSP\CAN.C: 2 warnings, 0 errors
compiling stm32f4xx_crc.c...
compiling stm32f4xx_cryp_aes.c...
compiling stm32f4xx_cryp_tdes.c...
compiling stm32f4xx_cryp.c...
compiling stm32f4xx_dbgmcu.c...
compiling stm32f4xx_cryp_des.c...
compiling stm32f4xx_dac.c...
compiling stm32f4xx_dcmi.c...
compiling stm32f4xx_exti.c...
compiling stm32f4xx_hash.c...
compiling stm32f4xx_flash.c...
compiling stm32f4xx_gpio.c...
compiling stm32f4xx_fsmc.c...
compiling stm32f4xx_dma.c...
compiling stm32f4xx_hash_md5.c...
compiling stm32f4xx_hash_sha1.c...
compiling stm32f4xx_iwdg.c...
compiling stm32f4xx_rng.c...
compiling stm32f4xx_pwr.c...
compiling stm32f4xx_i2c.c...
compiling stm32f4xx_rcc.c...
compiling stm32f4xx_rtc.c...
assembling startup_stm32f4xx.s...
compiling stm32f4xx_sdio.c...
compiling stm32f4xx_syscfg.c...
compiling stm32f4xx_wwdg.c...
compiling stm32f4xx_spi.c...
compiling stm32f4xx_usart.c...
assembling os_cpu_a.asm...
compiling stm32f4xx_tim.c...
compiling system_stm32f4xx.c...
compiling os_dbg.c...
compiling os_cpu_c.c...
compiling os_mem.c...
compiling os_mbox.c...
compiling os_flag.c...
compiling os_core.c...
compiling api_lib.c...
compiling api_msg.c...
compiling os_mutex.c...
compiling err.c...
compiling netbuf.c...
compiling netdb.c...
compiling netifapi.c...
compiling os_q.c...
compiling os_sem.c...
compiling os_tmr.c...
compiling sockets.c...
compiling os_time.c...
compiling os_task.c...
compiling tcpip.c...
compiling igmp.c...
compiling autoip.c...
compiling icmp.c...
compiling inet.c...
compiling inet_chksum.c...
compiling ip_addr.c...
compiling ip.c...
compiling dns.c...
compiling init.c...
compiling ip_frag.c...
compiling mem.c...
..\Utilities\Third_Party\lwip_v1.3.2\src\core\mem.c(184): warning:  #550-D: variable "mem_sem" was set but never used
  static sys_sem_t mem_sem;
..\Utilities\Third_Party\lwip_v1.3.2\src\core\mem.c: 1 warning, 0 errors
compiling memp.c...
compiling netif.c...
compiling dhcp.c...
compiling pbuf.c...
compiling stats.c...
compiling raw.c...
compiling sys.c...
compiling tcp.c...
compiling loopif.c...
compiling tcp_out.c...
..\Utilities\Third_Party\lwip_v1.3.2\src\core\tcp_out.c(465): warning:  #550-D: variable "tcphdr" was set but never used
    struct tcp_hdr *tcphdr;
..\Utilities\Third_Party\lwip_v1.3.2\src\core\tcp_out.c(935): warning:  #550-D: variable "tcphdr" was set but never used
    struct tcp_hdr *tcphdr;
..\Utilities\Third_Party\lwip_v1.3.2\src\core\tcp_out.c: 2 warnings, 0 errors
compiling tcp_in.c...
compiling udp.c...
compiling etharp.c...
compiling ethernetif.c...
compiling stm32f4x7_eth.c...
linking...
Program Size: Code=52812 RO-data=1236 RW-data=388 ZI-data=47596  
FromELF: creating hex file...
".\Debug\Pro.axf" - 0 Error(s), 11 Warning(s).

<h2>Collection of Component include folders:</h2>
  E:\project\traffic_light_learning\traffic_light_learning_v1.0.0\project\RTE
  E:\tools\keil\ARM\PACK\Keil\STM32F4xx_DFP\2.13.0\Drivers\CMSIS\Device\ST\STM32F4xx\Include

<h2>Collection of Component Files used:</h2>
Build Time Elapsed:  00:00:11
</pre>
</body>
</html>
