<html>
<body>
<pre>
<h1>µVision Build Log</h1>
<h2>Tool Versions:</h2>
IDE-Version: ¦ÌVision V5.18.0.0
Copyright (C) 2016 ARM Ltd and ARM Germany GmbH. All rights reserved.
License Information: 1 1, 1, LIC=X9645-GKLYM-FVM1N-YX5EX-KSD4T-X0Y3Y
 
Tool Versions:
Toolchain:       MDK-ARM Standard  Version: 5.18
Toolchain Path:  C:\Keil_v5\ARM\ARMCC\Bin
C Compiler:      Armcc.exe V5.06 update 1 (build 61)
Assembler:       Armasm.exe V5.06 update 1 (build 61)
Linker/Locator:  ArmLink.exe V5.06 update 1 (build 61)
Library Manager: ArmAr.exe V5.06 update 1 (build 61)
Hex Converter:   FromElf.exe V5.06 update 1 (build 61)
CPU DLL:         SARMCM3.DLL V5.18
Dialog DLL:      DCM.DLL V1.13.6.0
Target DLL:      STLink\ST-LINKIII-KEIL_SWO.dll V2.0.18.0
Dialog DLL:      TCM.DLL V1.14.8.0
 
<h2>Project:</h2>
C:\Users\liusm\Desktop\ºìÂÌµÆÑ§Ï°»ú\traffic_light_learning_v1.0.2-20181214\project\Pro.uvprojx
Project File Date:  12/19/2018

<h2>Output:</h2>
*** Using Compiler 'V5.06 update 1 (build 61)', folder: 'C:\Keil_v5\ARM\ARMCC\Bin'
Rebuild target 'STM32F407'
compiling rsu_parse.c...
..\BSP\ring_buffer.h(20): warning:  #1-D: last line of file ends without a newline
  #endif
..\App\rsu_parse.h(14): warning:  #1295-D: Deprecated declaration rsuParse - give arg types
  uint8_t rsuParse();
..\App\rsu_parse.h(16): warning:  #1-D: last line of file ends without a newline
  #endif
..\App\rsu_parse.c(14): warning:  #940-D: missing return statement at end of non-void function "setIP"
  }
..\App\rsu_parse.c(43): warning:  #1-D: last line of file ends without a newline
  }
..\App\rsu_parse.c(21): warning:  #177-D: variable "ip_info" was declared but never referenced
  	IPInfo *ip_info;
..\App\rsu_parse.c: 6 warnings, 0 errors
compiling stm32f4xx_it.c...
..\BSP\ring_buffer.h(20): warning:  #1-D: last line of file ends without a newline
  #endif
..\BSP\stm32f4xx_it.c: 1 warning, 0 errors
compiling task_trafficlight.c...
..\BSP\ring_buffer.h(20): warning:  #1-D: last line of file ends without a newline
  #endif
..\App\rsu_parse.h(14): warning:  #1295-D: Deprecated declaration rsuParse - give arg types
  uint8_t rsuParse();
..\App\rsu_parse.h(16): warning:  #1-D: last line of file ends without a newline
  #endif
..\App\task_trafficlight.c(96): warning:  #223-D: function "UART3SendByte" declared implicitly
  	UART3SendByte(0x89);		//???Ú²???RS232
..\App\task_trafficlight.c(71): warning:  #177-D: variable "data" was declared but never referenced
  	uint8_t i, data;
..\App\task_trafficlight.c(125): warning:  #177-D: variable "rcv_buf" was declared but never referenced
  	uint8_t rcv_buf[512];
..\App\task_trafficlight.c(126): warning:  #177-D: variable "rcv_len" was declared but never referenced
    int  rcv_len, i;
..\App\task_trafficlight.c(126): warning:  #177-D: variable "i" was declared but never referenced
    int  rcv_len, i;
..\App\task_trafficlight.c(127): warning:  #177-D: variable "pttf_info" was declared but never referenced
  	ttf_info pttf_info;
..\App\task_trafficlight.c: 9 warnings, 0 errors
compiling netconf.c...
..\BSP\ring_buffer.h(20): warning:  #1-D: last line of file ends without a newline
  #endif
..\App\rsu_parse.h(14): warning:  #1295-D: Deprecated declaration rsuParse - give arg types
  uint8_t rsuParse();
..\App\rsu_parse.h(16): warning:  #1-D: last line of file ends without a newline
  #endif
..\BSP\netconf.c(56): warning:  #177-D: variable "a" was declared but never referenced
  	int a = 1;
..\BSP\netconf.c: 4 warnings, 0 errors
compiling NVIC.C...
..\BSP\ring_buffer.h(20): warning:  #1-D: last line of file ends without a newline
  #endif
..\BSP\NVIC.C: 1 warning, 0 errors
compiling Bsp_Global.c...
..\BSP\ring_buffer.h(20): warning:  #1-D: last line of file ends without a newline
  #endif
..\BSP\Bsp_Global.c: 1 warning, 0 errors
compiling qijun_parse.c...
..\BSP\ring_buffer.h(20): warning:  #1-D: last line of file ends without a newline
  #endif
..\App\qijun_parse.c(40): warning:  #550-D: variable "flag" was set but never used
  	char flag = 0;
..\App\qijun_parse.c(80): warning:  #550-D: variable "id" was set but never used
  	int id,i;
..\App\qijun_parse.c(347): warning:  #177-D: variable "pt" was declared but never referenced
      const char pt = ',';
..\App\qijun_parse.c(348): warning:  #177-D: variable "dest" was declared but never referenced
      char *dest;
..\App\qijun_parse.c(349): warning:  #177-D: variable "i" was declared but never referenced
      int i;
..\App\qijun_parse.c(350): warning:  #550-D: variable "tf_data" was set but never used
      tTF *tf_data = NULL;
..\App\qijun_parse.c(429): warning:  #177-D: variable "len" was declared but never referenced
  	int len;
..\App\qijun_parse.c(430): warning:  #177-D: variable "i" was declared but never referenced
  	int i;
..\App\qijun_parse.c: 9 warnings, 0 errors
compiling LED.C...
..\BSP\ring_buffer.h(20): warning:  #1-D: last line of file ends without a newline
  #endif
..\BSP\LED.C(30): warning:  #1-D: last line of file ends without a newline
  }
..\BSP\LED.C: 2 warnings, 0 errors
compiling stm32f4x7_eth_bsp.c...
..\BSP\ring_buffer.h(20): warning:  #1-D: last line of file ends without a newline
  #endif
..\BSP\stm32f4x7_eth_bsp.c: 1 warning, 0 errors
compiling Main.c...
..\BSP\ring_buffer.h(20): warning:  #1-D: last line of file ends without a newline
  #endif
..\App\Main.c: 1 warning, 0 errors
compiling trafficlight.c...
..\BSP\ring_buffer.h(20): warning:  #1-D: last line of file ends without a newline
  #endif
..\App\trafficlight.c(24): warning:  #188-D: enumerated type mixed with another type
  				g_online[g_online_num - 1].dir = i / 3;
..\App\trafficlight.c(25): warning:  #188-D: enumerated type mixed with another type
  				g_online[g_online_num - 1].to = i % 3;
..\App\trafficlight.c(42): warning:  #188-D: enumerated type mixed with another type
  				g_online[g_online_num - 1].dir = i/3 + 2;
..\App\trafficlight.c(43): warning:  #188-D: enumerated type mixed with another type
  				g_online[g_online_num - 1].to = i%3;
..\App\trafficlight.c(118): warning:  #188-D: enumerated type mixed with another type
  				g_trafficlight[dir][to].current_light = j % 3;
..\App\trafficlight.c(126): warning:  #177-D: variable "zero_num" was declared but never referenced
  	uint8_t i, j, zero_num = 0, ret = 1;
..\App\trafficlight.c(126): warning:  #177-D: variable "ret" was declared but never referenced
  	uint8_t i, j, zero_num = 0, ret = 1;
..\App\trafficlight.c(127): warning:  #177-D: variable "ret1" was declared but never referenced
  	uint32_t ret1 = 0, status = 0;
..\App\trafficlight.c(127): warning:  #177-D: variable "status" was declared but never referenced
  	uint32_t ret1 = 0, status = 0;
..\App\trafficlight.c(280): warning:  #188-D: enumerated type mixed with another type
  	light_info->direct = dir;
..\App\trafficlight.c(281): warning:  #188-D: enumerated type mixed with another type
  	light_info->to = to;
..\App\trafficlight.c(303): warning:  #188-D: enumerated type mixed with another type
  			light_info->light = 0;
..\App\trafficlight.c(314): warning:  #188-D: enumerated type mixed with another type
  			light_info->light = 'R';
..\App\trafficlight.c(320): warning:  #188-D: enumerated type mixed with another type
  			light_info->light = 'G';
..\App\trafficlight.c(326): warning:  #188-D: enumerated type mixed with another type
  			light_info->light = 'Y';
..\App\trafficlight.c: 16 warnings, 0 errors
compiling M_Delay_P.c...
compiling M_Global.c...
compiling misc.c...
compiling stm32f4xx_adc.c...
compiling stm32f4xx_can.c...
compiling TCP_SERVER.C...
..\BSP\ring_buffer.h(20): warning:  #1-D: last line of file ends without a newline
  #endif
..\BSP\TCP_SERVER.C: 1 warning, 0 errors
compiling stmflash.c...
..\BSP\ring_buffer.h(20): warning:  #1-D: last line of file ends without a newline
  #endif
..\BSP\stmflash.c(114): warning:  #181-D: argument is incompatible with corresponding format string conversion
  	printf("STM FLASH TEST %s size %d\r\n", datatemp, 
IZE);
..\BSP\stmflash.c: 2 warnings, 0 errors
compiling IWDG.C...
..\BSP\ring_buffer.h(20): warning:  #1-D: last line of file ends without a newline
  #endif
..\BSP\IWDG.C: 1 warning, 0 errors
compiling ring_buffer.c...
..\BSP\ring_buffer.h(20): warning:  #1-D: last line of file ends without a newline
  #endif
..\BSP\ring_buffer.h(20): warning:  #1-D: last line of file ends without a newline
  #endif
..\BSP\ring_buffer.c(45): warning:  #1-D: last line of file ends without a newline
  }
..\BSP\ring_buffer.c: 3 warnings, 0 errors
compiling stm32f4xx_crc.c...
compiling rtc.c...
..\BSP\ring_buffer.h(20): warning:  #1-D: last line of file ends without a newline
  #endif
..\BSP\rtc.c: 1 warning, 0 errors
compiling CAN.C...
..\BSP\ring_buffer.h(20): warning:  #1-D: last line of file ends without a newline
  #endif
..\BSP\CAN.C(150): warning:  #550-D: variable "transmit_mailbox" was set but never used
  	uint8_t transmit_mailbox = 0;
..\BSP\CAN.C(173): warning:  #1-D: last line of file ends without a newline
  }
..\BSP\CAN.C: 3 warnings, 0 errors
compiling SCI.c...
..\BSP\ring_buffer.h(20): warning:  #1-D: last line of file ends without a newline
  #endif
..\BSP\SCI.c(336): warning:  #177-D: variable "Res" was declared but never referenced
  	u8 Res;
..\BSP\SCI.c(389): warning:  #177-D: variable "Res" was declared but never referenced
  	u8 Res;
..\BSP\SCI.c(434): warning:  #167-D: argument of type "volatile unsigned char *" is incompatible with parameter of type "unsigned char *"
  		RS485_Send_Data(RS485_buff,RS485_rec_counter);
..\BSP\SCI.c: 4 warnings, 0 errors
compiling drv_trafficlight.c...
..\BSP\ring_buffer.h(20): warning:  #1-D: last line of file ends without a newline
  #endif
..\BSP\drv_trafficlight.c: 1 warning, 0 errors
compiling stm32f4xx_cryp_aes.c...
compiling stm32f4xx_cryp.c...
compiling stm32f4xx_cryp_des.c...
compiling stm32f4xx_dcmi.c...
compiling stm32f4xx_dac.c...
compiling stm32f4xx_dbgmcu.c...
compiling stm32f4xx_gpio.c...
compiling stm32f4xx_hash.c...
compiling stm32f4xx_exti.c...
compiling stm32f4xx_flash.c...
compiling stm32f4xx_dma.c...
compiling stm32f4xx_fsmc.c...
compiling stm32f4xx_cryp_tdes.c...
compiling stm32f4xx_sdio.c...
compiling stm32f4xx_hash_md5.c...
compiling stm32f4xx_syscfg.c...
compiling stm32f4xx_pwr.c...
compiling stm32f4xx_iwdg.c...
compiling stm32f4xx_rng.c...
compiling stm32f4xx_i2c.c...
compiling stm32f4xx_hash_sha1.c...
compiling stm32f4xx_rcc.c...
compiling stm32f4xx_spi.c...
compiling stm32f4xx_rtc.c...
assembling startup_stm32f4xx.s...
assembling os_cpu_a.asm...
compiling stm32f4xx_wwdg.c...
compiling system_stm32f4xx.c...
compiling stm32f4xx_usart.c...
compiling stm32f4xx_tim.c...
compiling os_dbg.c...
compiling os_flag.c...
compiling os_mem.c...
compiling os_mutex.c...
compiling os_mbox.c...
compiling os_cpu_c.c...
compiling os_core.c...
compiling api_lib.c...
compiling api_msg.c...
compiling netbuf.c...
compiling netdb.c...
compiling err.c...
compiling netifapi.c...
compiling tcpip.c...
compiling sockets.c...
compiling igmp.c...
compiling inet.c...
compiling autoip.c...
compiling icmp.c...
compiling inet_chksum.c...
compiling ip_addr.c...
compiling ip.c...
compiling ip_frag.c...
compiling os_time.c...
compiling dhcp.c...
compiling dns.c...
compiling mem.c...
..\Utilities\Third_Party\lwip_v1.3.2\src\core\mem.c(184): warning:  #550-D: variable "mem_sem" was set but never used
  static sys_sem_t mem_sem;
..\Utilities\Third_Party\lwip_v1.3.2\src\core\mem.c: 1 warning, 0 errors
compiling os_tmr.c...
compiling init.c...
compiling memp.c...
compiling os_q.c...
compiling os_sem.c...
compiling netif.c...
compiling os_task.c...
compiling stats.c...
compiling raw.c...
compiling sys.c...
compiling pbuf.c...
compiling loopif.c...
compiling udp.c...
compiling etharp.c...
compiling tcp.c...
compiling tcp_out.c...
..\Utilities\Third_Party\lwip_v1.3.2\src\core\tcp_out.c(465): warning:  #550-D: variable "tcphdr" was set but never used
    struct tcp_hdr *tcphdr;
..\Utilities\Third_Party\lwip_v1.3.2\src\core\tcp_out.c(935): warning:  #550-D: variable "tcphdr" was set but never used
    struct tcp_hdr *tcphdr;
..\Utilities\Third_Party\lwip_v1.3.2\src\core\tcp_out.c: 2 warnings, 0 errors
compiling tcp_in.c...
compiling stm32f4x7_eth.c...
compiling ethernetif.c...
..\BSP\ring_buffer.h(20): warning:  #1-D: last line of file ends without a newline
  #endif
..\Utilities\Third_Party\lwip_v1.3.2\port\STM32F4x7\Standalone\ethernetif.c: 1 warning, 0 errors
linking...
Program Size: Code=61532 RO-data=1664 RW-data=380 ZI-data=49924  
FromELF: creating hex file...
".\Debug\Pro.axf" - 0 Error(s), 71 Warning(s).

<h2>Collection of Component include folders:</h2>
  C:\Users\liusm\Desktop\ºìÂÌµÆÑ§Ï°»ú\traffic_light_learning_v1.0.2-20181214\project\RTE
  C:\Keil_v5\ARM\PACK\Keil\STM32F4xx_DFP\2.13.0\Drivers\CMSIS\Device\ST\STM32F4xx\Include

<h2>Collection of Component Files used:</h2>
Build Time Elapsed:  00:00:11
</pre>
</body>
</html>
