<html>
<body>
<pre>
<h1>µVision Build Log</h1>
<h2>Tool Versions:</h2>
IDE-Version: ¦ÌVision V5.18.0.0
Copyright (C) 2016 ARM Ltd and ARM Germany GmbH. All rights reserved.
License Information: a a, a, LIC=YA3AR-KH22I-9U34U-SIUSJ-NZ0PU-21W4C
 
Tool Versions:
Toolchain:       MDK-ARM Standard  Version: 5.18
Toolchain Path:  E:\tools\keil\ARM\ARMCC\Bin
C Compiler:      Armcc.exe V5.06 update 1 (build 61)
Assembler:       Armasm.exe V5.06 update 1 (build 61)
Linker/Locator:  ArmLink.exe V5.06 update 1 (build 61)
Library Manager: ArmAr.exe V5.06 update 1 (build 61)
Hex Converter:   FromElf.exe V5.06 update 1 (build 61)
CPU DLL:         SARMCM3.DLL V5.18
Dialog DLL:      DCM.DLL V1.13.6.0
Target DLL:      Segger\JL2CM3.dll V2.99.18.0
Dialog DLL:      TCM.DLL V1.14.8.0
 
<h2>Project:</h2>
E:\project\git\cidi_Itl\USER\Template.uvprojx
Project File Date:  02/18/2019

<h2>Output:</h2>
*** Using Compiler 'V5.06 update 1 (build 61)', folder: 'E:\tools\keil\ARM\ARMCC\Bin'
Rebuild target 'Template'
compiling iap.c...
compiling drv_trafficlight.c...
compiling stm32f4xx_it.c...
compiling system_stm32f4xx.c...
compiling trafficlight.c...
trafficlight.c(325): warning:  #188-D: enumerated type mixed with another type
  			light_info->light = 'R';
trafficlight.c(332): warning:  #188-D: enumerated type mixed with another type
  			light_info->light = 'G';
trafficlight.c(339): warning:  #188-D: enumerated type mixed with another type
  			light_info->light = 'Y';
trafficlight.c: 3 warnings, 0 errors
compiling rsu_parse.c...
compiling main.c...
assembling startup_stm32f40_41xxx.s...
compiling stmflash.c...
compiling timer.c...
compiling led.c...
compiling IWDG.C...
compiling misc.c...
compiling stm32f4x7_eth_bsp.c...
compiling stm32f4xx_gpio.c...
compiling stm32f4xx_syscfg.c...
compiling stm32f4xx_adc.c...
compiling stm32f4xx_usart.c...
compiling stm32f4xx_tim.c...
compiling stm32f4xx_rcc.c...
compiling stm32f4xx_fsmc.c...
compiling stm32f4x7_eth.c...
compiling stm32f4xx_iwdg.c...
compiling stm32f4xx_flash.c...
compiling sys.c...
compiling delay.c...
compiling usart.c...
compiling tcp_server.c...
..\LWIP\lwip_app\tcp_server\tcp_server.c(36): warning:  #68-D: integer conversion resulted in a change of sign
  	char comm_send = -1;
..\LWIP\lwip_app\tcp_server\tcp_server.c: 1 warning, 0 errors
compiling lwip_comm.c...
compiling autoip.c...
compiling igmp.c...
compiling ethernetif.c...
compiling inet.c...
compiling icmp.c...
compiling etharp.c...
compiling inet_chksum.c...
compiling def.c...
compiling dhcp.c...
compiling ip_addr.c...
compiling dns.c...
compiling ip.c...
compiling ip_frag.c...
compiling init.c...
compiling stats.c...
compiling raw.c...
compiling netif.c...
compiling pbuf.c...
compiling memp.c...
compiling tcp.c...
compiling tcp_in.c...
compiling sys_arch.c...
compiling mem.c...
compiling timers.c...
compiling udp.c...
compiling api_lib.c...
compiling tcp_out.c...
..\LWIP\lwip-1.4.1\src\core\tcp_out.c(845): warning:  #550-D: variable "tcphdr" was set but never used
    struct tcp_hdr *tcphdr;
..\LWIP\lwip-1.4.1\src\core\tcp_out.c(1367): warning:  #550-D: variable "tcphdr" was set but never used
    struct tcp_hdr *tcphdr;
..\LWIP\lwip-1.4.1\src\core\tcp_out.c: 2 warnings, 0 errors
compiling api_msg.c...
compiling netdb.c...
compiling err.c...
compiling netifapi.c...
compiling netbuf.c...
compiling os_core.c...
compiling tcpip.c...
compiling sockets.c...
compiling os_mbox.c...
compiling os_mem.c...
compiling os_mutex.c...
compiling os_flag.c...
compiling os_q.c...
compiling os_sem.c...
assembling os_cpu_a.asm...
compiling os_task.c...
compiling os_time.c...
compiling malloc.c...
compiling os_tmr.c...
compiling os_cpu_c.c...
linking...
Program Size: Code=96018 RO-data=1718 RW-data=800 ZI-data=119512  
FromELF: creating hex file...
After Build - User command #1: E:\tools\keil\ARM\ARMCC\bin\fromelf.exe --bin -o   ..\OBJ\TrafficLight.bin ..\OBJ\Template.axf
"..\OBJ\Template.axf" - 0 Error(s), 6 Warning(s).

<h2>Collection of Component include folders:</h2>
  E:\project\git\cidi_Itl\USER\RTE
  E:\tools\keil\ARM\PACK\Keil\STM32F4xx_DFP\2.13.0\Drivers\CMSIS\Device\ST\STM32F4xx\Include

<h2>Collection of Component Files used:</h2>
Build Time Elapsed:  00:00:16
</pre>
</body>
</html>
