Component: ARM Compiler 5.06 update 1 (build 61) Tool: armlink [4d35a8]

==============================================================================

Section Cross References

    main.o(.text) refers to printf6.o(i.__0printf$6) for __2printf
    main.o(.text) refers to os_task.o(.text) for OSTaskCreate
    main.o(.text) refers to os_time.o(.text) for OSTimeDlyHMSM
    main.o(.text) refers to bsp_global.o(.text) for BSP_Init
    main.o(.text) refers to os_core.o(.text) for OSInit
    main.o(.text) refers to system_stm32f4xx.o(.data) for SystemCoreClock
    main.o(.text) refers to main.o(.data) for tafficlight_dbg_level
    main.o(.text) refers to task_test.o(.bss) for Stk_Task_UDP_Client
    main.o(.text) refers to task_test.o(.text) for Task_UDP_Client
    main.o(.text) refers to main.o(.bss) for Stk_TaskStartUp
    task_test.o(.text) refers to memseta.o(.text) for __aeabi_memclr4
    task_test.o(.text) refers to stm32f4xx_gpio.o(.text) for GPIO_ReadInputDataBit
    task_test.o(.text) refers to os_time.o(.text) for OSTimeGet
    task_test.o(.text) refers to stm32f4x7_eth_bsp.o(.text) for ETH_BSP_Config
    task_test.o(.text) refers to netconf.o(.text) for LwIP_Init
    task_test.o(.text) refers to udp_client.o(.text) for UDP_client_init
    task_test.o(.text) refers to printf6.o(i.__0printf$6) for __2printf
    task_test.o(.text) refers to udp.o(.text) for udp_send
    task_test.o(.text) refers to task_test.o(.bss) for g_trafficlight
    task_test.o(.text) refers to udp_client.o(.data) for udp_p
    task_test.o(.text) refers to main.o(.data) for tafficlight_dbg_level
    led.o(.text) refers to stm32f4xx_rcc.o(.text) for RCC_AHB1PeriphClockCmd
    led.o(.text) refers to stm32f4xx_gpio.o(.text) for GPIO_Init
    bsp_global.o(.text) refers to led.o(.text) for LED_Configuration
    bsp_global.o(.text) refers to nvic.o(.text) for NVIC_Configuration
    bsp_global.o(.text) refers to can.o(.text) for CAN1_Configuration
    bsp_global.o(.text) refers to sci.o(.text) for USART_Configuration
    nvic.o(.text) refers to misc.o(.text) for NVIC_SetVectorTable
    stm32f4x7_eth_bsp.o(.text) refers to stm32f4xx_rcc.o(.text) for RCC_AHB1PeriphClockCmd
    stm32f4x7_eth_bsp.o(.text) refers to stm32f4x7_eth.o(.text) for ETH_DeInit
    stm32f4x7_eth_bsp.o(.text) refers to misc.o(.text) for NVIC_PriorityGroupConfig
    stm32f4x7_eth_bsp.o(.text) refers to stm32f4xx_syscfg.o(.text) for SYSCFG_ETH_MediaInterfaceConfig
    stm32f4x7_eth_bsp.o(.text) refers to stm32f4xx_gpio.o(.text) for GPIO_Init
    netconf.o(.text) refers to mem.o(.text) for mem_init
    netconf.o(.text) refers to memp.o(.text) for memp_init
    netconf.o(.text) refers to inet.o(.text) for htonl
    netconf.o(.text) refers to netif.o(.text) for netif_add
    netconf.o(.text) refers to ethernetif.o(.text) for ethernetif_input
    netconf.o(.text) refers to tcp.o(.text) for tcp_tmr
    netconf.o(.text) refers to etharp.o(.text) for etharp_tmr
    netconf.o(.text) refers to netconf.o(.bss) for netif
    netconf.o(.text) refers to netconf.o(.data) for TCPTimer
    stm32f4xx_it.o(.text) refers to os_cpu_a.o(.text) for OS_CPU_SR_Save
    stm32f4xx_it.o(.text) refers to netconf.o(.text) for LwIP_Pkt_Handle
    stm32f4xx_it.o(.text) refers to stm32f4x7_eth.o(.text) for ETH_CheckFrameReceived
    stm32f4xx_it.o(.text) refers to os_core.o(.text) for OSIntExit
    stm32f4xx_it.o(.text) refers to os_core.o(.data) for OSIntNesting
    udp_client.o(.text) refers to inet.o(.text) for htonl
    udp_client.o(.text) refers to pbuf.o(.text) for pbuf_alloc
    udp_client.o(.text) refers to udp.o(.text) for udp_new
    udp_client.o(.text) refers to udp_client.o(.data) for udp_p
    udp_client.o(.text) refers to ip_addr.o(.constdata) for ip_addr_any
    sci.o(.text) refers to stm32f4xx_rcc.o(.text) for RCC_AHB1PeriphClockCmd
    sci.o(.text) refers to stm32f4xx_usart.o(.text) for USART_DeInit
    sci.o(.text) refers to stm32f4xx_gpio.o(.text) for GPIO_Init
    sci.o(.text) refers to printf6.o(i.__0printf$6) for __2printf
    sci.o(.text) refers to os_core.o(.text) for OSIntEnter
    sci.o(.text) refers to sci.o(.data) for USART_RX_STA
    sci.o(.text) refers to sci.o(.bss) for USART_RX_BUF
    can.o(.text) refers to stm32f4xx_rcc.o(.text) for RCC_AHB1PeriphClockCmd
    can.o(.text) refers to stm32f4xx_gpio.o(.text) for GPIO_Init
    can.o(.text) refers to stm32f4xx_can.o(.text) for CAN_DeInit
    can.o(.text) refers to os_core.o(.text) for OSIntEnter
    can.o(.text) refers to can.o(.constdata) for CAN_baud_table
    can.o(.text) refers to can.o(.data) for can1_rec_flag
    stm32f4xx_adc.o(.text) refers to stm32f4xx_rcc.o(.text) for RCC_APB2PeriphResetCmd
    stm32f4xx_can.o(.text) refers to stm32f4xx_rcc.o(.text) for RCC_APB1PeriphResetCmd
    stm32f4xx_cryp.o(.text) refers to stm32f4xx_rcc.o(.text) for RCC_AHB2PeriphResetCmd
    stm32f4xx_cryp_aes.o(.text) refers to stm32f4xx_cryp.o(.text) for CRYP_KeyStructInit
[...]
    .data                                    0x20000000   Section        4  main.o(.data)
    .data                                    0x20000004   Section       12  netconf.o(.data)
    .data                                    0x20000010   Section       28  udp_client.o(.data)
    .data                                    0x2000002c   Section       32  sci.o(.data)
    .data                                    0x2000004c   Section        9  can.o(.data)
    .data                                    0x20000055   Section       16  stm32f4xx_rcc.o(.data)
    APBAHBPrescTable                         0x20000055   Data          16  stm32f4xx_rcc.o(.data)
    .data                                    0x20000068   Section       20  system_stm32f4xx.o(.data)
    .data                                    0x2000007c   Section       76  os_core.o(.data)
    .data                                    0x200000c8   Section       10  ip.o(.data)
    ip_id                                    0x200000d0   Data           2  ip.o(.data)
    .data                                    0x200000d4   Section        6  ip_frag.o(.data)
    reassdatagrams                           0x200000d4   Data           4  ip_frag.o(.data)
    ip_reass_pbufcount                       0x200000d8   Data           2  ip_frag.o(.data)
    .data                                    0x200000dc   Section        4  dhcp.o(.data)
    xid                                      0x200000dc   Data           4  dhcp.o(.data)
    .data                                    0x200000e0   Section       13  mem.o(.data)
    ram                                      0x200000e0   Data           4  mem.o(.data)
    ram_end                                  0x200000e4   Data           4  mem.o(.data)
    lfree                                    0x200000e8   Data           4  mem.o(.data)
    mem_sem                                  0x200000ec   Data           1  mem.o(.data)
    .data                                    0x200000f0   Section        9  netif.o(.data)
    netifnum                                 0x200000f8   Data           1  netif.o(.data)
    .data                                    0x200000fc   Section        4  raw.o(.data)
    raw_pcbs                                 0x200000fc   Data           4  raw.o(.data)
    .data                                    0x20000100   Section       76  tcp.o(.data)
    tcp_timer                                0x20000144   Data           1  tcp.o(.data)
    port                                     0x20000146   Data           2  tcp.o(.data)
    iss                                      0x20000148   Data           4  tcp.o(.data)
    .data                                    0x2000014c   Section       32  tcp_in.o(.data)
    tcphdr                                   0x2000014c   Data           4  tcp_in.o(.data)
    iphdr                                    0x20000150   Data           4  tcp_in.o(.data)
    seqno                                    0x20000154   Data           4  tcp_in.o(.data)
    ackno                                    0x20000158   Data           4  tcp_in.o(.data)
    flags                                    0x2000015c   Data           1  tcp_in.o(.data)
    tcplen                                   0x2000015e   Data           2  tcp_in.o(.data)
    recv_flags                               0x20000160   Data           1  tcp_in.o(.data)
    recv_data                                0x20000164   Data           4  tcp_in.o(.data)
    .data                                    0x2000016c   Section        4  udp.o(.data)
    .data                                    0x20000170   Section        1  etharp.o(.data)
    etharp_cached_entry                      0x20000170   Data           1  etharp.o(.data)
    .data                                    0x20000174   Section       16  stm32f4x7_eth.o(.data)
    .bss                                     0x20000184   Section      400  main.o(.bss)
    .bss                                     0x20000314   Section    11440  task_test.o(.bss)
    .bss                                     0x20002fc4   Section       56  netconf.o(.bss)
    .bss                                     0x20002ffc   Section      300  sci.o(.bss)
    .bss                                     0x20003128   Section     3752  os_core.o(.bss)
    .bss                                     0x20003fd0   Section       16  inet.o(.bss)
    str                                      0x20003fd0   Data          16  inet.o(.bss)
    .bss                                     0x20003fe0   Section     1504  ip_frag.o(.bss)
    buf                                      0x20003fe0   Data        1504  ip_frag.o(.bss)
    .bss                                     0x200045c0   Section    10260  mem.o(.bss)
    ram_heap                                 0x200045c0   Data       10260  mem.o(.bss)
    .bss                                     0x20006dd4   Section     9271  memp.o(.bss)
    memp_tab                                 0x20006dd4   Data          36  memp.o(.bss)
    memp_memory                              0x20006df8   Data        9235  memp.o(.bss)
    .bss                                     0x2000920c   Section       20  tcp_in.o(.bss)
    inseg                                    0x2000920c   Data          20  tcp_in.o(.bss)
    .bss                                     0x20009220   Section      200  etharp.o(.bss)
    arp_table                                0x20009220   Data         200  etharp.o(.bss)
    .bss                                     0x200092e8   Section     9348  stm32f4x7_eth.o(.bss)
    STACK                                    0x2000b770   Section     1024  startup_stm32f4xx.o(STACK)

    Global Symbols

    Symbol Name                              Value     Ov Type        Size  Object(Section)

    BuildAttributes$$THM_ISAv4$E$P$D$K$B$S$7EM$VFPi3$EXTD16$VFPS$VFMA$PE$A:L22UL41UL21$X:L11$S22US41US21$IEEE1$IW$USESV6$~STKCKD$USESV7$~SHL$OSPACE$ROPI$EBA8$MICROLIB$REQ8$PRES8$EABIv2 0x00000000   Number         0  anon$$obj.o ABSOLUTE
    __ARM_use_no_argv                        0x00000000   Number         0  main.o ABSOLUTE
    __use_no_errno                           0x00000000   Number         0  useno.o ABSOLUTE
    __use_no_exception_handling              0x00000000   Number         0  useno.o ABSOLUTE
    __use_no_fp                              0x00000000   Number         0  useno.o ABSOLUTE
    __use_no_heap                            0x00000000   Number         0  useno.o ABSOLUTE
    __use_no_heap_region                     0x00000000   Number         0  useno.o ABSOLUTE
    __use_no_semihosting                     0x00000000   Number         0  useno.o ABSOLUTE
    __use_no_semihosting_swi                 0x00000000   Number         0  useno.o ABSOLUTE
    __use_no_signal_handling                 0x00000000   Number         0  useno.o ABSOLUTE
    _printf_a                                0x00000000   Number         0  stubs.o ABSOLUTE
    _printf_c                                0x00000000   Number         0  stubs.o ABSOLUTE
    _printf_charcount                        0x00000000   Number         0  stubs.o ABSOLUTE
    _printf_d                                0x00000000   Number         0  stubs.o ABSOLUTE
    _printf_e                                0x00000000   Number         0  stubs.o ABSOLUTE
    _printf_f                                0x00000000   Number         0  stubs.o ABSOLUTE
    _printf_flags                            0x00000000   Number         0  stubs.o ABSOLUTE
    _printf_fp_dec                           0x00000000   Number         0  stubs.o ABSOLUTE
    _printf_fp_hex                           0x00000000   Number         0  stubs.o ABSOLUTE
    _printf_g                                0x00000000   Number         0  stubs.o ABSOLUTE
    _printf_i                                0x00000000   Number         0  stubs.o ABSOLUTE
    _printf_int_dec                          0x00000000   Number         0  stubs.o ABSOLUTE
    _printf_l                                0x00000000   Number         0  stubs.o ABSOLUTE
    _printf_lc                               0x00000000   Number         0  stubs.o ABSOLUTE
    _printf_ll                               0x00000000   Number         0  stubs.o ABSOLUTE
    _printf_lld                              0x00000000   Number         0  stubs.o ABSOLUTE
    _printf_lli                              0x00000000   Number         0  stubs.o ABSOLUTE
    _printf_llo                              0x00000000   Number         0  stubs.o ABSOLUTE
    _printf_llu                              0x00000000   Number         0  stubs.o ABSOLUTE
    _printf_llx                              0x00000000   Number         0  stubs.o ABSOLUTE
    _printf_longlong_dec                     0x00000000   Number         0  stubs.o ABSOLUTE
    _printf_longlong_hex                     0x00000000   Number         0  stubs.o ABSOLUTE
    _printf_longlong_oct                     0x00000000   Number         0  stubs.o ABSOLUTE
    _printf_ls                               0x00000000   Number         0  stubs.o ABSOLUTE
    _printf_mbtowc                           0x00000000   Number         0  stubs.o ABSOLUTE
    _printf_n                                0x00000000   Number         0  stubs.o ABSOLUTE
    _printf_o                                0x00000000   Number         0  stubs.o ABSOLUTE
    _printf_p                                0x00000000   Number         0  stubs.o ABSOLUTE
    _printf_percent                          0x00000000   Number         0  stubs.o ABSOLUTE
    _printf_pre_padding                      0x00000000   Number         0  stubs.o ABSOLUTE
    _printf_return_value                     0x00000000   Number         0  stubs.o ABSOLUTE
    _printf_s                                0x00000000   Number         0  stubs.o ABSOLUTE
    _printf_sizespec                         0x00000000   Number         0  stubs.o ABSOLUTE
    _printf_str                              0x00000000   Number         0  stubs.o ABSOLUTE
    _printf_truncate_signed                  0x00000000   Number         0  stubs.o ABSOLUTE
    _printf_truncate_unsigned                0x00000000   Number         0  stubs.o ABSOLUTE
    _printf_u                                0x00000000   Number         0  stubs.o ABSOLUTE
    _printf_wc                               0x00000000   Number         0  stubs.o ABSOLUTE
    _printf_wctomb                           0x00000000   Number         0  stubs.o ABSOLUTE
    _printf_widthprec                        0x00000000   Number         0  stubs.o ABSOLUTE
    _printf_x                                0x00000000   Number         0  stubs.o ABSOLUTE
    __cpp_initialize__aeabi_                  - Undefined Weak Reference
    __cxa_finalize                            - Undefined Weak Reference
    _clock_init                               - Undefined Weak Reference
    _microlib_exit                            - Undefined Weak Reference
    __Vectors_Size                           0x00000188   Number         0  startup_stm32f4xx.o ABSOLUTE
    __Vectors                                0x08000000   Data           4  startup_stm32f4xx.o(RESET)
    __Vectors_End                            0x08000188   Data           0  startup_stm32f4xx.o(RESET)
    __main                                   0x08000189   Thumb Code     0  entry.o(.ARM.Collect$$$$00000000)
    _main_stk                                0x08000189   Thumb Code     0  entry2.o(.ARM.Collect$$$$00000001)
    _main_scatterload                        0x0800018d   Thumb Code     0  entry5.o(.ARM.Collect$$$$00000004)
    __main_after_scatterload                 0x08000191   Thumb Code     0  entry5.o(.ARM.Collect$$$$00000004)
    _main_clock                              0x08000191   Thumb Code     0  entry7b.o(.ARM.Collect$$$$00000008)
    _main_cpp_init                           0x08000191   Thumb Code     0  entry8b.o(.ARM.Collect$$$$0000000A)
    _main_init                               0x08000191   Thumb Code     0  entry9a.o(.ARM.Collect$$$$0000000B)
    __rt_final_cpp                           0x08000199   Thumb Code     0  entry10a.o(.ARM.Collect$$$$0000000D)
    __rt_final_exit                          0x08000199   Thumb Code     0  entry11a.o(.ARM.Collect$$$$0000000F)
    Task_StartUp                             0x0800019d   Thumb Code   244  main.o(.text)
    main                                     0x08000291   Thumb Code    38  main.o(.text)
    trafficLightInit                         0x0800041d   Thumb Code   148  task_test.o(.text)
    trafficLightStudy                        0x080004b1   Thumb Code   106  task_test.o(.text)
    trafficLightWork                         0x0800051b   Thumb Code    30  task_test.o(.text)
    trafficLightRead                         0x08000539   Thumb Code   146  task_test.o(.text)
    Task_LED                                 0x080005cb   Thumb Code    32  task_test.o(.text)
    Task_TRAFFIC                             0x080005eb   Thumb Code    86  task_test.o(.text)
    Task_UDP_Client                          0x08000641   Thumb Code   314  task_test.o(.text)
    LED_Configuration                        0x08000861   Thumb Code   142  led.o(.text)
    BSP_Init                                 0x080008fd   Thumb Code    20  bsp_global.o(.text)
    NVIC_Configuration                       0x08000911   Thumb Code   142  nvic.o(.text)
    ETH_BSP_Config                           0x08000b21   Thumb Code    82  stm32f4x7_eth_bsp.o(.text)
    LwIP_Init                                0x08000b8d   Thumb Code    78  netconf.o(.text)
    LwIP_Pkt_Handle                          0x08000bdb   Thumb Code    10  netconf.o(.text)
    LwIP_Periodic_Handle                     0x08000be5   Thumb Code    52  netconf.o(.text)
    NMI_Handler                              0x08000c35   Thumb Code     2  stm32f4xx_it.o(.text)
    HardFault_Handler                        0x08000c37   Thumb Code     4  stm32f4xx_it.o(.text)
    MemManage_Handler                        0x08000c3b   Thumb Code     4  stm32f4xx_it.o(.text)
    BusFault_Handler                         0x08000c3f   Thumb Code     4  stm32f4xx_it.o(.text)
    UsageFault_Handler                       0x08000c43   Thumb Code     4  stm32f4xx_it.o(.text)
    SVC_Handler                              0x08000c47   Thumb Code     2  stm32f4xx_it.o(.text)
    DebugMon_Handler                         0x08000c49   Thumb Code     2  stm32f4xx_it.o(.text)
    PendSV_Handler                           0x08000c4b   Thumb Code     2  stm32f4xx_it.o(.text)
    EXTI15_10_IRQHandler                     0x08000c4d   Thumb Code     2  stm32f4xx_it.o(.text)
    ETH_IRQHandler                           0x08000c4f   Thumb Code    58  stm32f4xx_it.o(.text)
    My_IP4_ADDR                              0x08000c8d   Thumb Code    48  udp_client.o(.text)
    UDP_client_init                          0x08000cbd   Thumb Code    76  udp_client.o(.text)
    UDP_Send_Data                            0x08000d13   Thumb Code    22  udp_client.o(.text)
    _sys_exit                                0x08000d41   Thumb Code     4  sci.o(.text)
    fputc                                    0x08000d45   Thumb Code    22  sci.o(.text)
    USART_Configuration                      0x08000d5b   Thumb Code   386  sci.o(.text)
    UART1SendByte                            0x08000edd   Thumb Code    28  sci.o(.text)
    UART1GetByte                             0x08000ef9   Thumb Code    40  sci.o(.text)
    Delay                                    0x08000f21   Thumb Code    18  sci.o(.text)
    UART1Test                                0x08000f33   Thumb Code    72  sci.o(.text)
    USART1_IRQHandler                        0x08000f7b   Thumb Code   130  sci.o(.text)
    USART2_IRQHandler                        0x08000ffd   Thumb Code   124  sci.o(.text)
    RS485_Send_Data                          0x08001083   Thumb Code    72  sci.o(.text)
    RS485_test                               0x080010cb   Thumb Code    34  sci.o(.text)
    CAN_Baud_Process                         0x08001131   Thumb Code    84  can.o(.text)
    CAN1_Configuration                       0x08001185   Thumb Code   208  can.o(.text)
    CAN1_RX0_IRQHandler                      0x08001255   Thumb Code    86  can.o(.text)
    can1_tx                                  0x080012ab   Thumb Code    70  can.o(.text)
    can1_test                                0x080012f1   Thumb Code    12  can.o(.text)
    NVIC_PriorityGroupConfig                 0x08001315   Thumb Code    10  misc.o(.text)
    NVIC_Init                                0x0800131f   Thumb Code   106  misc.o(.text)
    NVIC_SetVectorTable                      0x08001389   Thumb Code    14  misc.o(.text)
    NVIC_SystemLPConfig                      0x08001397   Thumb Code    34  misc.o(.text)
    SysTick_CLKSourceConfig                  0x080013b9   Thumb Code    40  misc.o(.text)
    CAN_DeInit                               0x080013f5   Thumb Code    50  stm32f4xx_can.o(.text)
    CAN_Init                                 0x08001427   Thumb Code   276  stm32f4xx_can.o(.text)
    CAN_FilterInit                           0x0800153b   Thumb Code   258  stm32f4xx_can.o(.text)
    CAN_StructInit                           0x0800163d   Thumb Code    32  stm32f4xx_can.o(.text)
    CAN_SlaveStartBank                       0x0800165d   Thumb Code    48  stm32f4xx_can.o(.text)
    CAN_DBGFreeze                            0x0800168d   Thumb Code    22  stm32f4xx_can.o(.text)
    CAN_TTComModeCmd                         0x080016a3   Thumb Code   118  stm32f4xx_can.o(.text)
    CAN_Transmit                             0x08001719   Thumb Code   304  stm32f4xx_can.o(.text)
    CAN_TransmitStatus                       0x08001849   Thumb Code   138  stm32f4xx_can.o(.text)
    CAN_CancelTransmit                       0x080018d3   Thumb Code    48  stm32f4xx_can.o(.text)
    CAN_Receive                              0x08001903   Thumb Code   240  stm32f4xx_can.o(.text)
    CAN_FIFORelease                          0x080019f3   Thumb Code    22  stm32f4xx_can.o(.text)
    CAN_MessagePending                       0x08001a09   Thumb Code    30  stm32f4xx_can.o(.text)
    CAN_OperatingModeRequest                 0x08001a27   Thumb Code   162  stm32f4xx_can.o(.text)
    CAN_Sleep                                0x08001ac9   Thumb Code    30  stm32f4xx_can.o(.text)
    CAN_WakeUp                               0x08001ae7   Thumb Code    48  stm32f4xx_can.o(.text)
    CAN_GetLastErrorCode                     0x08001b17   Thumb Code    12  stm32f4xx_can.o(.text)
    CAN_GetReceiveErrorCounter               0x08001b23   Thumb Code    10  stm32f4xx_can.o(.text)
    CAN_GetLSBTransmitErrorCounter           0x08001b2d   Thumb Code    12  stm32f4xx_can.o(.text)
    CAN_ITConfig                             0x08001b39   Thumb Code    18  stm32f4xx_can.o(.text)
    CAN_GetFlagStatus                        0x08001b4b   Thumb Code   120  stm32f4xx_can.o(.text)
    CAN_ClearFlag                            0x08001bc3   Thumb Code    52  stm32f4xx_can.o(.text)
    CAN_GetITStatus                          0x08001c09   Thumb Code   310  stm32f4xx_can.o(.text)
    CAN_ClearITPendingBit                    0x08001d3f   Thumb Code   162  stm32f4xx_can.o(.text)
    GPIO_DeInit                              0x08001de5   Thumb Code   220  stm32f4xx_gpio.o(.text)
    GPIO_Init                                0x08001ec1   Thumb Code   144  stm32f4xx_gpio.o(.text)
    GPIO_StructInit                          0x08001f51   Thumb Code    18  stm32f4xx_gpio.o(.text)
    GPIO_PinLockConfig                       0x08001f63   Thumb Code    34  stm32f4xx_gpio.o(.text)
    GPIO_ReadInputDataBit                    0x08001f85   Thumb Code    18  stm32f4xx_gpio.o(.text)
    GPIO_ReadInputData                       0x08001f97   Thumb Code     8  stm32f4xx_gpio.o(.text)
    GPIO_ReadOutputDataBit                   0x08001f9f   Thumb Code    18  stm32f4xx_gpio.o(.text)
    GPIO_ReadOutputData                      0x08001fb1   Thumb Code     8  stm32f4xx_gpio.o(.text)
    GPIO_SetBits                             0x08001fb9   Thumb Code     4  stm32f4xx_gpio.o(.text)
    GPIO_ResetBits                           0x08001fbd   Thumb Code     4  stm32f4xx_gpio.o(.text)
    GPIO_WriteBit                            0x08001fc1   Thumb Code    10  stm32f4xx_gpio.o(.text)
    GPIO_Write                               0x08001fcb   Thumb Code     4  stm32f4xx_gpio.o(.text)
    GPIO_ToggleBits                          0x08001fcf   Thumb Code     8  stm32f4xx_gpio.o(.text)
    GPIO_PinAFConfig                         0x08001fd7   Thumb Code    70  stm32f4xx_gpio.o(.text)
    RCC_DeInit                               0x08002041   Thumb Code    60  stm32f4xx_rcc.o(.text)
    RCC_HSEConfig                            0x0800207d   Thumb Code    14  stm32f4xx_rcc.o(.text)
    RCC_GetFlagStatus                        0x0800208b   Thumb Code    60  stm32f4xx_rcc.o(.text)
    RCC_WaitForHSEStartUp                    0x080020c7   Thumb Code    56  stm32f4xx_rcc.o(.text)
    RCC_AdjustHSICalibrationValue            0x080020ff   Thumb Code    20  stm32f4xx_rcc.o(.text)
    RCC_HSICmd                               0x08002113   Thumb Code     6  stm32f4xx_rcc.o(.text)
    RCC_LSEConfig                            0x08002119   Thumb Code    46  stm32f4xx_rcc.o(.text)
    RCC_LSICmd                               0x08002147   Thumb Code     6  stm32f4xx_rcc.o(.text)
    RCC_PLLConfig                            0x0800214d   Thumb Code    32  stm32f4xx_rcc.o(.text)
    RCC_PLLCmd                               0x0800216d   Thumb Code     6  stm32f4xx_rcc.o(.text)
    RCC_PLLI2SConfig                         0x08002173   Thumb Code    14  stm32f4xx_rcc.o(.text)
    RCC_PLLI2SCmd                            0x08002181   Thumb Code     6  stm32f4xx_rcc.o(.text)
    RCC_ClockSecuritySystemCmd               0x08002187   Thumb Code     6  stm32f4xx_rcc.o(.text)
    RCC_MCO1Config                           0x0800218d   Thumb Code    28  stm32f4xx_rcc.o(.text)
    RCC_MCO2Config                           0x080021a9   Thumb Code    28  stm32f4xx_rcc.o(.text)
    RCC_SYSCLKConfig                         0x080021c5   Thumb Code    20  stm32f4xx_rcc.o(.text)
    RCC_GetSYSCLKSource                      0x080021d9   Thumb Code    12  stm32f4xx_rcc.o(.text)
    RCC_HCLKConfig                           0x080021e5   Thumb Code    20  stm32f4xx_rcc.o(.text)
    RCC_PCLK1Config                          0x080021f9   Thumb Code    20  stm32f4xx_rcc.o(.text)
    RCC_PCLK2Config                          0x0800220d   Thumb Code    22  stm32f4xx_rcc.o(.text)
    RCC_GetClocksFreq                        0x08002223   Thumb Code   222  stm32f4xx_rcc.o(.text)
    RCC_RTCCLKConfig                         0x08002301   Thumb Code    54  stm32f4xx_rcc.o(.text)
    RCC_RTCCLKCmd                            0x08002337   Thumb Code     8  stm32f4xx_rcc.o(.text)
    RCC_BackupResetCmd                       0x0800233f   Thumb Code     8  stm32f4xx_rcc.o(.text)
    RCC_I2SCLKConfig                         0x08002347   Thumb Code     6  stm32f4xx_rcc.o(.text)
    RCC_AHB1PeriphClockCmd                   0x0800234d   Thumb Code    34  stm32f4xx_rcc.o(.text)
    RCC_AHB2PeriphClockCmd                   0x0800236f   Thumb Code    34  stm32f4xx_rcc.o(.text)
    RCC_AHB3PeriphClockCmd                   0x08002391   Thumb Code    34  stm32f4xx_rcc.o(.text)
    RCC_APB1PeriphClockCmd                   0x080023b3   Thumb Code    34  stm32f4xx_rcc.o(.text)
    RCC_APB2PeriphClockCmd                   0x080023d5   Thumb Code    34  stm32f4xx_rcc.o(.text)
    RCC_AHB1PeriphResetCmd                   0x080023f7   Thumb Code    34  stm32f4xx_rcc.o(.text)
    RCC_AHB2PeriphResetCmd                   0x08002419   Thumb Code    72  stm32f4xx_rcc.o(.text)
    RCC_AHB3PeriphResetCmd                   0x08002461   Thumb Code    34  stm32f4xx_rcc.o(.text)
    RCC_APB1PeriphResetCmd                   0x08002483   Thumb Code    34  stm32f4xx_rcc.o(.text)
    RCC_APB2PeriphResetCmd                   0x080024a5   Thumb Code    34  stm32f4xx_rcc.o(.text)
    RCC_AHB1PeriphClockLPModeCmd             0x080024c7   Thumb Code    34  stm32f4xx_rcc.o(.text)
    RCC_AHB2PeriphClockLPModeCmd             0x080024e9   Thumb Code    34  stm32f4xx_rcc.o(.text)
    RCC_AHB3PeriphClockLPModeCmd             0x0800250b   Thumb Code    34  stm32f4xx_rcc.o(.text)
    RCC_APB1PeriphClockLPModeCmd             0x0800252d   Thumb Code    34  stm32f4xx_rcc.o(.text)
    RCC_APB2PeriphClockLPModeCmd             0x0800254f   Thumb Code    34  stm32f4xx_rcc.o(.text)
    RCC_ITConfig                             0x08002571   Thumb Code    34  stm32f4xx_rcc.o(.text)
    RCC_ClearFlag                            0x08002593   Thumb Code    18  stm32f4xx_rcc.o(.text)
    RCC_GetITStatus                          0x080025a5   Thumb Code    22  stm32f4xx_rcc.o(.text)
    RCC_ClearITPendingBit                    0x080025bb   Thumb Code     8  stm32f4xx_rcc.o(.text)
    SYSCFG_DeInit                            0x080025c9   Thumb Code    22  stm32f4xx_syscfg.o(.text)
    SYSCFG_MemoryRemapConfig                 0x080025df   Thumb Code     6  stm32f4xx_syscfg.o(.text)
    SYSCFG_EXTILineConfig                    0x080025e5   Thumb Code    66  stm32f4xx_syscfg.o(.text)
    SYSCFG_ETH_MediaInterfaceConfig          0x08002627   Thumb Code     6  stm32f4xx_syscfg.o(.text)
    SYSCFG_CompensationCellCmd               0x0800262d   Thumb Code     6  stm32f4xx_syscfg.o(.text)
    SYSCFG_GetCompensationCellStatus         0x08002633   Thumb Code    22  stm32f4xx_syscfg.o(.text)
    USART_DeInit                             0x08002655   Thumb Code   156  stm32f4xx_usart.o(.text)
    USART_Init                               0x080026f1   Thumb Code   204  stm32f4xx_usart.o(.text)
    USART_StructInit                         0x080027bd   Thumb Code    24  stm32f4xx_usart.o(.text)
    USART_ClockInit                          0x080027d5   Thumb Code    32  stm32f4xx_usart.o(.text)
    USART_ClockStructInit                    0x080027f5   Thumb Code    12  stm32f4xx_usart.o(.text)
    USART_Cmd                                0x08002801   Thumb Code    24  stm32f4xx_usart.o(.text)
    USART_SetPrescaler                       0x08002819   Thumb Code    16  stm32f4xx_usart.o(.text)
    USART_OverSampling8Cmd                   0x08002829   Thumb Code    22  stm32f4xx_usart.o(.text)
    USART_OneBitMethodCmd                    0x0800283f   Thumb Code    24  stm32f4xx_usart.o(.text)
    USART_SendData                           0x08002857   Thumb Code     8  stm32f4xx_usart.o(.text)
    USART_ReceiveData                        0x0800285f   Thumb Code    10  stm32f4xx_usart.o(.text)
    USART_SetAddress                         0x08002869   Thumb Code    18  stm32f4xx_usart.o(.text)
    USART_ReceiverWakeUpCmd                  0x0800287b   Thumb Code    24  stm32f4xx_usart.o(.text)
    USART_WakeUpConfig                       0x08002893   Thumb Code    18  stm32f4xx_usart.o(.text)
    USART_LINBreakDetectLengthConfig         0x080028a5   Thumb Code    18  stm32f4xx_usart.o(.text)
    USART_LINCmd                             0x080028b7   Thumb Code    24  stm32f4xx_usart.o(.text)
    USART_SendBreak                          0x080028cf   Thumb Code    10  stm32f4xx_usart.o(.text)
    USART_HalfDuplexCmd                      0x080028d9   Thumb Code    24  stm32f4xx_usart.o(.text)
    USART_SetGuardTime                       0x080028f1   Thumb Code    16  stm32f4xx_usart.o(.text)
    USART_SmartCardCmd                       0x08002901   Thumb Code    24  stm32f4xx_usart.o(.text)
    USART_SmartCardNACKCmd                   0x08002919   Thumb Code    24  stm32f4xx_usart.o(.text)
    USART_IrDAConfig                         0x08002931   Thumb Code    18  stm32f4xx_usart.o(.text)
    USART_IrDACmd                            0x08002943   Thumb Code    24  stm32f4xx_usart.o(.text)
    USART_DMACmd                             0x0800295b   Thumb Code    18  stm32f4xx_usart.o(.text)
    USART_ITConfig                           0x0800296d   Thumb Code    74  stm32f4xx_usart.o(.text)
    USART_GetFlagStatus                      0x080029b7   Thumb Code    26  stm32f4xx_usart.o(.text)
    USART_ClearFlag                          0x080029d1   Thumb Code    18  stm32f4xx_usart.o(.text)
    USART_GetITStatus                        0x080029e3   Thumb Code   110  stm32f4xx_usart.o(.text)
    USART_ClearITPendingBit                  0x08002a51   Thumb Code    30  stm32f4xx_usart.o(.text)
    Reset_Handler                            0x08002a71   Thumb Code     8  startup_stm32f4xx.o(.text)
    ADC_IRQHandler                           0x08002a8b   Thumb Code     0  startup_stm32f4xx.o(.text)
    CAN1_RX1_IRQHandler                      0x08002a8b   Thumb Code     0  startup_stm32f4xx.o(.text)
    CAN1_SCE_IRQHandler                      0x08002a8b   Thumb Code     0  startup_stm32f4xx.o(.text)
    CAN1_TX_IRQHandler                       0x08002a8b   Thumb Code     0  startup_stm32f4xx.o(.text)
    CAN2_RX0_IRQHandler                      0x08002a8b   Thumb Code     0  startup_stm32f4xx.o(.text)
    CAN2_RX1_IRQHandler                      0x08002a8b   Thumb Code     0  startup_stm32f4xx.o(.text)
    CAN2_SCE_IRQHandler                      0x08002a8b   Thumb Code     0  startup_stm32f4xx.o(.text)
    CAN2_TX_IRQHandler                       0x08002a8b   Thumb Code     0  startup_stm32f4xx.o(.text)
    CRYP_IRQHandler                          0x08002a8b   Thumb Code     0  startup_stm32f4xx.o(.text)
    DCMI_IRQHandler                          0x08002a8b   Thumb Code     0  startup_stm32f4xx.o(.text)
    DMA1_Stream0_IRQHandler                  0x08002a8b   Thumb Code     0  startup_stm32f4xx.o(.text)
    DMA1_Stream1_IRQHandler                  0x08002a8b   Thumb Code     0  startup_stm32f4xx.o(.text)
    DMA1_Stream2_IRQHandler                  0x08002a8b   Thumb Code     0  startup_stm32f4xx.o(.text)
    DMA1_Stream3_IRQHandler                  0x08002a8b   Thumb Code     0  startup_stm32f4xx.o(.text)
    DMA1_Stream4_IRQHandler                  0x08002a8b   Thumb Code     0  startup_stm32f4xx.o(.text)
    DMA1_Stream5_IRQHandler                  0x08002a8b   Thumb Code     0  startup_stm32f4xx.o(.text)
    DMA1_Stream6_IRQHandler                  0x08002a8b   Thumb Code     0  startup_stm32f4xx.o(.text)
    DMA1_Stream7_IRQHandler                  0x08002a8b   Thumb Code     0  startup_stm32f4xx.o(.text)
    DMA2_Stream0_IRQHandler                  0x08002a8b   Thumb Code     0  startup_stm32f4xx.o(.text)
    DMA2_Stream1_IRQHandler                  0x08002a8b   Thumb Code     0  startup_stm32f4xx.o(.text)
    DMA2_Stream2_IRQHandler                  0x08002a8b   Thumb Code     0  startup_stm32f4xx.o(.text)
    DMA2_Stream3_IRQHandler                  0x08002a8b   Thumb Code     0  startup_stm32f4xx.o(.text)
    DMA2_Stream4_IRQHandler                  0x08002a8b   Thumb Code     0  startup_stm32f4xx.o(.text)
    DMA2_Stream5_IRQHandler                  0x08002a8b   Thumb Code     0  startup_stm32f4xx.o(.text)
    DMA2_Stream6_IRQHandler                  0x08002a8b   Thumb Code     0  startup_stm32f4xx.o(.text)
    DMA2_Stream7_IRQHandler                  0x08002a8b   Thumb Code     0  startup_stm32f4xx.o(.text)
    ETH_WKUP_IRQHandler                      0x08002a8b   Thumb Code     0  startup_stm32f4xx.o(.text)
    EXTI0_IRQHandler                         0x08002a8b   Thumb Code     0  startup_stm32f4xx.o(.text)
    EXTI1_IRQHandler                         0x08002a8b   Thumb Code     0  startup_stm32f4xx.o(.text)
    EXTI2_IRQHandler                         0x08002a8b   Thumb Code     0  startup_stm32f4xx.o(.text)
    EXTI3_IRQHandler                         0x08002a8b   Thumb Code     0  startup_stm32f4xx.o(.text)
    EXTI4_IRQHandler                         0x08002a8b   Thumb Code     0  startup_stm32f4xx.o(.text)
    EXTI9_5_IRQHandler                       0x08002a8b   Thumb Code     0  startup_stm32f4xx.o(.text)
    FLASH_IRQHandler                         0x08002a8b   Thumb Code     0  startup_stm32f4xx.o(.text)
    FPU_IRQHandler                           0x08002a8b   Thumb Code     0  startup_stm32f4xx.o(.text)
    FSMC_IRQHandler                          0x08002a8b   Thumb Code     0  startup_stm32f4xx.o(.text)
    HASH_RNG_IRQHandler                      0x08002a8b   Thumb Code     0  startup_stm32f4xx.o(.text)
    I2C1_ER_IRQHandler                       0x08002a8b   Thumb Code     0  startup_stm32f4xx.o(.text)
    I2C1_EV_IRQHandler                       0x08002a8b   Thumb Code     0  startup_stm32f4xx.o(.text)
    I2C2_ER_IRQHandler                       0x08002a8b   Thumb Code     0  startup_stm32f4xx.o(.text)
    I2C2_EV_IRQHandler                       0x08002a8b   Thumb Code     0  startup_stm32f4xx.o(.text)
    I2C3_ER_IRQHandler                       0x08002a8b   Thumb Code     0  startup_stm32f4xx.o(.text)
    I2C3_EV_IRQHandler                       0x08002a8b   Thumb Code     0  startup_stm32f4xx.o(.text)
    OTG_FS_IRQHandler                        0x08002a8b   Thumb Code     0  startup_stm32f4xx.o(.text)
    OTG_FS_WKUP_IRQHandler                   0x08002a8b   Thumb Code     0  startup_stm32f4xx.o(.text)
    OTG_HS_EP1_IN_IRQHandler                 0x08002a8b   Thumb Code     0  startup_stm32f4xx.o(.text)
    OTG_HS_EP1_OUT_IRQHandler                0x08002a8b   Thumb Code     0  startup_stm32f4xx.o(.text)
    OTG_HS_IRQHandler                        0x08002a8b   Thumb Code     0  startup_stm32f4xx.o(.text)
    OTG_HS_WKUP_IRQHandler                   0x08002a8b   Thumb Code     0  startup_stm32f4xx.o(.text)
    PVD_IRQHandler                           0x08002a8b   Thumb Code     0  startup_stm32f4xx.o(.text)
    RCC_IRQHandler                           0x08002a8b   Thumb Code     0  startup_stm32f4xx.o(.text)
    RTC_Alarm_IRQHandler                     0x08002a8b   Thumb Code     0  startup_stm32f4xx.o(.text)
    RTC_WKUP_IRQHandler                      0x08002a8b   Thumb Code     0  startup_stm32f4xx.o(.text)
    SDIO_IRQHandler                          0x08002a8b   Thumb Code     0  startup_stm32f4xx.o(.text)
    SPI1_IRQHandler                          0x08002a8b   Thumb Code     0  startup_stm32f4xx.o(.text)
    SPI2_IRQHandler                          0x08002a8b   Thumb Code     0  startup_stm32f4xx.o(.text)
    SPI3_IRQHandler                          0x08002a8b   Thumb Code     0  startup_stm32f4xx.o(.text)
    TAMP_STAMP_IRQHandler                    0x08002a8b   Thumb Code     0  startup_stm32f4xx.o(.text)
    TIM1_BRK_TIM9_IRQHandler                 0x08002a8b   Thumb Code     0  startup_stm32f4xx.o(.text)
    TIM1_CC_IRQHandler                       0x08002a8b   Thumb Code     0  startup_stm32f4xx.o(.text)
    TIM1_TRG_COM_TIM11_IRQHandler            0x08002a8b   Thumb Code     0  startup_stm32f4xx.o(.text)
    TIM1_UP_TIM10_IRQHandler                 0x08002a8b   Thumb Code     0  startup_stm32f4xx.o(.text)
    TIM2_IRQHandler                          0x08002a8b   Thumb Code     0  startup_stm32f4xx.o(.text)
    TIM3_IRQHandler                          0x08002a8b   Thumb Code     0  startup_stm32f4xx.o(.text)
    TIM4_IRQHandler                          0x08002a8b   Thumb Code     0  startup_stm32f4xx.o(.text)
    TIM5_IRQHandler                          0x08002a8b   Thumb Code     0  startup_stm32f4xx.o(.text)
    TIM6_DAC_IRQHandler                      0x08002a8b   Thumb Code     0  startup_stm32f4xx.o(.text)
    TIM7_IRQHandler                          0x08002a8b   Thumb Code     0  startup_stm32f4xx.o(.text)
    TIM8_BRK_TIM12_IRQHandler                0x08002a8b   Thumb Code     0  startup_stm32f4xx.o(.text)
    TIM8_CC_IRQHandler                       0x08002a8b   Thumb Code     0  startup_stm32f4xx.o(.text)
    TIM8_TRG_COM_TIM14_IRQHandler            0x08002a8b   Thumb Code     0  startup_stm32f4xx.o(.text)
    TIM8_UP_TIM13_IRQHandler                 0x08002a8b   Thumb Code     0  startup_stm32f4xx.o(.text)
    UART4_IRQHandler                         0x08002a8b   Thumb Code     0  startup_stm32f4xx.o(.text)
    UART5_IRQHandler                         0x08002a8b   Thumb Code     0  startup_stm32f4xx.o(.text)
    USART3_IRQHandler                        0x08002a8b   Thumb Code     0  startup_stm32f4xx.o(.text)
    USART6_IRQHandler                        0x08002a8b   Thumb Code     0  startup_stm32f4xx.o(.text)
    WWDG_IRQHandler                          0x08002a8b   Thumb Code     0  startup_stm32f4xx.o(.text)
    SystemInit                               0x08002b71   Thumb Code    88  system_stm32f4xx.o(.text)
    SystemCoreClockUpdate                    0x08002bc9   Thumb Code   174  system_stm32f4xx.o(.text)
    OS_CPU_SR_Save                           0x08002ca5   Thumb Code     0  os_cpu_a.o(.text)
    OS_CPU_SR_Restore                        0x08002cad   Thumb Code     0  os_cpu_a.o(.text)
    OSStartHighRdy                           0x08002cb3   Thumb Code     0  os_cpu_a.o(.text)
    OSCtxSw                                  0x08002cd3   Thumb Code     0  os_cpu_a.o(.text)
    OSIntCtxSw                               0x08002cdd   Thumb Code     0  os_cpu_a.o(.text)
    OS_CPU_PendSVHandler                     0x08002ce7   Thumb Code     0  os_cpu_a.o(.text)
    CPU_IntDisable                           0x08002d41   Thumb Code     0  os_cpu_a.o(.text)
    CPU_IntEnable                            0x08002d45   Thumb Code     0  os_cpu_a.o(.text)
    OSInitHookBegin                          0x08002d69   Thumb Code     8  os_cpu_c.o(.text)
    OSInitHookEnd                            0x08002d71   Thumb Code     8  os_cpu_c.o(.text)
    OSTaskCreateHook                         0x08002d79   Thumb Code     2  os_cpu_c.o(.text)
    OSTaskDelHook                            0x08002d7b   Thumb Code     2  os_cpu_c.o(.text)
    OSTaskIdleHook                           0x08002d7d   Thumb Code     2  os_cpu_c.o(.text)
    OSTaskReturnHook                         0x08002d7f   Thumb Code     2  os_cpu_c.o(.text)
    OSTaskStatHook                           0x08002d81   Thumb Code     2  os_cpu_c.o(.text)
    OSTaskStkInit                            0x08002d83   Thumb Code   210  os_cpu_c.o(.text)
    OSTaskSwHook                             0x08002e55   Thumb Code     2  os_cpu_c.o(.text)
    OSTCBInitHook                            0x08002e57   Thumb Code     2  os_cpu_c.o(.text)
    OS_CPU_SysTickHandler                    0x08002e59   Thumb Code    34  os_cpu_c.o(.text)
    OS_CPU_SysTickInit                       0x08002e7b   Thumb Code    42  os_cpu_c.o(.text)
    OS_StrLen                                0x08002eb1   Thumb Code    20  os_core.o(.text)
    OSEventNameGet                           0x08002ec5   Thumb Code    98  os_core.o(.text)
    OSEventNameSet                           0x08002f27   Thumb Code    84  os_core.o(.text)
    OS_EventTaskRemoveMulti                  0x08002f7b   Thumb Code    58  os_core.o(.text)
    OS_Sched                                 0x08002fcf   Thumb Code    88  os_core.o(.text)
    OS_EventTaskWaitMulti                    0x08003027   Thumb Code   136  os_core.o(.text)
    OSEventPendMulti                         0x080030af   Thumb Code   712  os_core.o(.text)
    OS_TaskStatStkChk                        0x08003377   Thumb Code    54  os_core.o(.text)
    OS_TaskStat                              0x080033ad   Thumb Code   114  os_core.o(.text)
    OS_TaskIdle                              0x08003453   Thumb Code    32  os_core.o(.text)
    OS_MemClr                                0x080034a7   Thumb Code    18  os_core.o(.text)
    OSInit                                   0x08003597   Thumb Code    48  os_core.o(.text)
    OSIntEnter                               0x080035c7   Thumb Code    44  os_core.o(.text)
    OSIntExit                                0x080035f3   Thumb Code   112  os_core.o(.text)
    OSSchedLock                              0x08003663   Thumb Code    50  os_core.o(.text)
    OSSchedUnlock                            0x08003695   Thumb Code   228  os_core.o(.text)
    OSStart                                  0x08003779   Thumb Code    48  os_core.o(.text)
    OSStatInit                               0x080037a9   Thumb Code    62  os_core.o(.text)
    OSTimeTick                               0x080037e7   Thumb Code   206  os_core.o(.text)
    OSVersion                                0x080038b5   Thumb Code     6  os_core.o(.text)
    OS_Dummy                                 0x080038bb   Thumb Code     2  os_core.o(.text)
    OS_EventTaskRemove                       0x080038bd   Thumb Code    42  os_core.o(.text)
    OS_EventTaskRdy                          0x080038e7   Thumb Code   128  os_core.o(.text)
    OS_EventTaskWait                         0x08003967   Thumb Code   112  os_core.o(.text)
    OS_EventWaitListInit                     0x080039d7   Thumb Code    28  os_core.o(.text)
    OS_MemCopy                               0x080039f3   Thumb Code    20  os_core.o(.text)
    OS_TCBInit                               0x08003a07   Thumb Code   282  os_core.o(.text)
    OSFlagAccept                             0x08003b65   Thumb Code   252  os_flag.o(.text)
    OSFlagCreate                             0x08003c61   Thumb Code    86  os_flag.o(.text)
    OS_FlagUnlink                            0x08003cb7   Thumb Code    36  os_flag.o(.text)
    OSFlagDel                                0x08003d2d   Thumb Code   214  os_flag.o(.text)
    OSFlagNameGet                            0x08003e03   Thumb Code    80  os_flag.o(.text)
    OSFlagNameSet                            0x08003e53   Thumb Code    66  os_flag.o(.text)
    OSFlagPend                               0x08003f2d   Thumb Code   614  os_flag.o(.text)
    OSFlagPendGetFlagsRdy                    0x08004193   Thumb Code    26  os_flag.o(.text)
    OSFlagPost                               0x080041ad   Thumb Code   312  os_flag.o(.text)
    OSFlagQuery                              0x080042e5   Thumb Code    48  os_flag.o(.text)
    OS_FlagInit                              0x08004315   Thumb Code    64  os_flag.o(.text)
    OSMemCreate                              0x08004361   Thumb Code   114  os_mem.o(.text)
    OSMemGet                                 0x080043d3   Thumb Code    62  os_mem.o(.text)
    OSMemNameGet                             0x08004411   Thumb Code    60  os_mem.o(.text)
    OSMemNameSet                             0x0800444d   Thumb Code    48  os_mem.o(.text)
    OSMemPut                                 0x0800447d   Thumb Code    54  os_mem.o(.text)
    OSMemQuery                               0x080044b3   Thumb Code    52  os_mem.o(.text)
    OS_MemInit                               0x080044e7   Thumb Code    60  os_mem.o(.text)
    OSQAccept                                0x08004535   Thumb Code    88  os_q.o(.text)
    OSQCreate                                0x0800458d   Thumb Code   144  os_q.o(.text)
    OSQDel                                   0x0800461d   Thumb Code   244  os_q.o(.text)
    OSQFlush                                 0x08004711   Thumb Code    36  os_q.o(.text)
    OSQPend                                  0x08004735   Thumb Code   278  os_q.o(.text)
    OSQPendAbort                             0x0800484b   Thumb Code   128  os_q.o(.text)
    OSQPost                                  0x080048cb   Thumb Code   114  os_q.o(.text)
    OSQPostFront                             0x0800493d   Thumb Code   142  os_q.o(.text)
    OSQPostOpt                               0x080049cb   Thumb Code   182  os_q.o(.text)
    OSQQuery                                 0x08004a81   Thumb Code    98  os_q.o(.text)
    OS_QInit                                 0x08004ae3   Thumb Code    46  os_q.o(.text)
    OSTaskChangePrio                         0x08004b19   Thumb Code   396  os_task.o(.text)
    OSTaskCreate                             0x08004ca5   Thumb Code   148  os_task.o(.text)
    OS_TaskStkClr                            0x08004d39   Thumb Code    26  os_task.o(.text)
    OSTaskCreateExt                          0x08004d53   Thumb Code   170  os_task.o(.text)
    OSTaskDel                                0x08004dfd   Thumb Code   352  os_task.o(.text)
    OSTaskDelReq                             0x08004f5d   Thumb Code   100  os_task.o(.text)
    OSTaskNameGet                            0x08004fc1   Thumb Code   114  os_task.o(.text)
    OSTaskNameSet                            0x08005033   Thumb Code    98  os_task.o(.text)
    OSTaskResume                             0x08005095   Thumb Code   154  os_task.o(.text)
    OSTaskStkChk                             0x0800512f   Thumb Code   132  os_task.o(.text)
    OSTaskSuspend                            0x080051b3   Thumb Code   152  os_task.o(.text)
    OSTaskQuery                              0x0800524b   Thumb Code    82  os_task.o(.text)
    OSTaskRegGet                             0x0800529d   Thumb Code    60  os_task.o(.text)
    OSTaskRegSet                             0x080052d9   Thumb Code    62  os_task.o(.text)
    OS_TaskReturn                            0x08005317   Thumb Code    18  os_task.o(.text)
    OSTimeDly                                0x08005341   Thumb Code    92  os_time.o(.text)
    OSTimeDlyHMSM                            0x0800539d   Thumb Code    76  os_time.o(.text)
    OSTimeDlyResume                          0x080053e9   Thumb Code   168  os_time.o(.text)
    OSTimeGet                                0x08005491   Thumb Code    24  os_time.o(.text)
    OSTimeSet                                0x080054a9   Thumb Code    24  os_time.o(.text)
    autoip_init                              0x080054d9   Thumb Code     2  autoip.o(.text)
    autoip_start                             0x08005581   Thumb Code    96  autoip.o(.text)
    autoip_network_changed                   0x08005691   Thumb Code    28  autoip.o(.text)
    autoip_stop                              0x080056ad   Thumb Code    20  autoip.o(.text)
    autoip_tmr                               0x080056c1   Thumb Code   262  autoip.o(.text)
    autoip_arp_reply                         0x080057c7   Thumb Code   176  autoip.o(.text)
    icmp_input                               0x08005899   Thumb Code   368  icmp.o(.text)
    icmp_dest_unreach                        0x08005a75   Thumb Code    18  icmp.o(.text)
    icmp_time_exceeded                       0x08005a87   Thumb Code    18  icmp.o(.text)
    htonl                                    0x08005a99   Thumb Code    26  inet.o(.text)
    inet_aton                                0x08005ab3   Thumb Code   336  inet.o(.text)
    inet_addr                                0x08005c03   Thumb Code    24  inet.o(.text)
    inet_ntoa                                0x08005c1b   Thumb Code   112  inet.o(.text)
    htons                                    0x08005c8b   Thumb Code    12  inet.o(.text)
    ntohs                                    0x08005c97   Thumb Code    12  inet.o(.text)
    ntohl                                    0x08005ca3   Thumb Code    12  inet.o(.text)
    inet_chksum_pseudo                       0x08005cff   Thumb Code   162  inet_chksum.o(.text)
    inet_chksum                              0x08005da1   Thumb Code    20  inet_chksum.o(.text)
    inet_chksum_pbuf                         0x08005db5   Thumb Code    86  inet_chksum.o(.text)
    ip_route                                 0x08005e0d   Thumb Code    70  ip.o(.text)
    ip_input                                 0x08005e53   Thumb Code   446  ip.o(.text)
    ip_output_if                             0x08006011   Thumb Code   246  ip.o(.text)
    ip_output                                0x08006107   Thumb Code    52  ip.o(.text)
    ip_addr_isbroadcast                      0x08006151   Thumb Code    78  ip_addr.o(.text)
    ip_reass_tmr                             0x0800624b   Thumb Code    48  ip_frag.o(.text)
    ip_reass                                 0x080064a3   Thumb Code   410  ip_frag.o(.text)
    ip_frag                                  0x0800663d   Thumb Code   326  ip_frag.o(.text)
    dhcp_renew                               0x08006d1b   Thumb Code   148  dhcp.o(.text)
    dhcp_coarse_tmr                          0x08006e81   Thumb Code    62  dhcp.o(.text)
    dhcp_release                             0x08006f73   Thumb Code   180  dhcp.o(.text)
    dhcp_fine_tmr                            0x080071c3   Thumb Code    82  dhcp.o(.text)
    dhcp_stop                                0x08007321   Thumb Code    60  dhcp.o(.text)
    dhcp_start                               0x08007511   Thumb Code   188  dhcp.o(.text)
    dhcp_inform                              0x080075cd   Thumb Code   160  dhcp.o(.text)
    dhcp_network_changed                     0x0800766d   Thumb Code    82  dhcp.o(.text)
    dhcp_arp_reply                           0x0800774b   Thumb Code    46  dhcp.o(.text)
    mem_init                                 0x08007801   Thumb Code    80  mem.o(.text)
    mem_free                                 0x08007851   Thumb Code    68  mem.o(.text)
    mem_realloc                              0x08007895   Thumb Code   288  mem.o(.text)
    mem_malloc                               0x080079b5   Thumb Code   228  mem.o(.text)
    mem_calloc                               0x08007a99   Thumb Code    34  mem.o(.text)
    memp_init                                0x08007ad1   Thumb Code    82  memp.o(.text)
    memp_malloc                              0x08007b23   Thumb Code    40  memp.o(.text)
    memp_free                                0x08007b4b   Thumb Code    28  memp.o(.text)
    netif_set_gw                             0x08007b79   Thumb Code    12  netif.o(.text)
    netif_set_netmask                        0x08007b85   Thumb Code    12  netif.o(.text)
    netif_set_ipaddr                         0x08007b91   Thumb Code   110  netif.o(.text)
    netif_set_addr                           0x08007bff   Thumb Code    40  netif.o(.text)
    netif_add                                0x08007c27   Thumb Code   100  netif.o(.text)
    netif_set_default                        0x08007c8b   Thumb Code     6  netif.o(.text)
    netif_remove                             0x08007c91   Thumb Code    74  netif.o(.text)
    netif_find                               0x08007cdb   Thumb Code    64  netif.o(.text)
    netif_set_up                             0x08007d1b   Thumb Code    44  netif.o(.text)
    netif_set_down                           0x08007d47   Thumb Code    24  netif.o(.text)
    netif_is_up                              0x08007d5f   Thumb Code    12  netif.o(.text)
    pbuf_free                                0x08007d81   Thumb Code   110  pbuf.o(.text)
    pbuf_alloc                               0x08007def   Thumb Code   414  pbuf.o(.text)
    pbuf_realloc                             0x08007f8d   Thumb Code   120  pbuf.o(.text)
    pbuf_header                              0x08008005   Thumb Code   126  pbuf.o(.text)
    pbuf_clen                                0x08008083   Thumb Code    18  pbuf.o(.text)
    pbuf_ref                                 0x08008095   Thumb Code    10  pbuf.o(.text)
    pbuf_cat                                 0x0800809f   Thumb Code    56  pbuf.o(.text)
    pbuf_chain                               0x080080d7   Thumb Code    22  pbuf.o(.text)
    pbuf_dechain                             0x080080ed   Thumb Code    56  pbuf.o(.text)
    pbuf_copy                                0x08008125   Thumb Code   182  pbuf.o(.text)
    pbuf_copy_partial                        0x080081db   Thumb Code   146  pbuf.o(.text)
    pbuf_take                                0x0800826d   Thumb Code   116  pbuf.o(.text)
    pbuf_coalesce                            0x080082e1   Thumb Code    60  pbuf.o(.text)
    raw_input                                0x0800831d   Thumb Code   100  raw.o(.text)
    raw_bind                                 0x08008381   Thumb Code    16  raw.o(.text)
    raw_connect                              0x08008391   Thumb Code    16  raw.o(.text)
    raw_recv                                 0x080083a1   Thumb Code     6  raw.o(.text)
    raw_sendto                               0x080083a7   Thumb Code   154  raw.o(.text)
    raw_send                                 0x08008441   Thumb Code    18  raw.o(.text)
    raw_remove                               0x08008453   Thumb Code    60  raw.o(.text)
    raw_new                                  0x0800848f   Thumb Code    42  raw.o(.text)
    tcp_seg_free                             0x080084bd   Thumb Code    32  tcp.o(.text)
    tcp_segs_free                            0x080084dd   Thumb Code    30  tcp.o(.text)
    tcp_pcb_purge                            0x080084fb   Thumb Code    54  tcp.o(.text)
    tcp_slowtmr                              0x08008531   Thumb Code   712  tcp.o(.text)
    tcp_pcb_remove                           0x080087f9   Thumb Code   146  tcp.o(.text)
    tcp_close                                0x0800888b   Thumb Code   272  tcp.o(.text)
    tcp_update_rcv_ann_wnd                   0x0800899b   Thumb Code    72  tcp.o(.text)
    tcp_recved                               0x080089e3   Thumb Code    70  tcp.o(.text)
    tcp_recv_null                            0x08008a29   Thumb Code    46  tcp.o(.text)
    tcp_fasttmr                              0x08008a57   Thumb Code   114  tcp.o(.text)
    tcp_tmr                                  0x08008ac9   Thumb Code    30  tcp.o(.text)
    tcp_abandon                              0x08008ae7   Thumb Code   148  tcp.o(.text)
    tcp_bind                                 0x08008be3   Thumb Code   228  tcp.o(.text)
    tcp_listen_with_backlog                  0x08008ccf   Thumb Code   192  tcp.o(.text)
    tcp_eff_send_mss                         0x08008d8f   Thumb Code    46  tcp.o(.text)
    tcp_next_iss                             0x08008dbd   Thumb Code    20  tcp.o(.text)
    tcp_connect                              0x08008dd1   Thumb Code   308  tcp.o(.text)
    tcp_setprio                              0x08008f05   Thumb Code     4  tcp.o(.text)
    tcp_alloc                                0x08008f8b   Thumb Code   172  tcp.o(.text)
    tcp_new                                  0x08009037   Thumb Code    10  tcp.o(.text)
    tcp_arg                                  0x08009041   Thumb Code     4  tcp.o(.text)
    tcp_recv                                 0x08009045   Thumb Code     6  tcp.o(.text)
    tcp_sent                                 0x0800904b   Thumb Code     6  tcp.o(.text)
    tcp_err                                  0x08009051   Thumb Code     6  tcp.o(.text)
    tcp_accept                               0x08009057   Thumb Code     4  tcp.o(.text)
    tcp_poll                                 0x0800905b   Thumb Code    10  tcp.o(.text)
    tcp_debug_state_str                      0x08009065   Thumb Code    10  tcp.o(.text)
    tcp_input                                0x08009e95   Thumb Code  1118  tcp_in.o(.text)
    tcp_enqueue                              0x0800a3ab   Thumb Code  1014  tcp_out.o(.text)
    tcp_send_ctrl                            0x0800a7a1   Thumb Code    28  tcp_out.o(.text)
    tcp_write                                0x0800a7bd   Thumb Code    72  tcp_out.o(.text)
    tcp_send_empty_ack                       0x0800a805   Thumb Code    94  tcp_out.o(.text)
    tcp_output                               0x0800a925   Thumb Code   474  tcp_out.o(.text)
    tcp_rst                                  0x0800aaff   Thumb Code   170  tcp_out.o(.text)
    tcp_rexmit_rto                           0x0800aba9   Thumb Code    58  tcp_out.o(.text)
    tcp_rexmit                               0x0800abe3   Thumb Code    80  tcp_out.o(.text)
    tcp_rexmit_fast                          0x0800ac33   Thumb Code   130  tcp_out.o(.text)
    tcp_keepalive                            0x0800acb5   Thumb Code    82  tcp_out.o(.text)
    tcp_zero_window_probe                    0x0800ad07   Thumb Code   168  tcp_out.o(.text)
    udp_input                                0x0800adb1   Thumb Code   452  udp.o(.text)
    udp_bind                                 0x0800af75   Thumb Code   106  udp.o(.text)
    udp_sendto_if                            0x0800afdf   Thumb Code   202  udp.o(.text)
    udp_sendto                               0x0800b0a9   Thumb Code    46  udp.o(.text)
    udp_send                                 0x0800b0d7   Thumb Code    20  udp.o(.text)
    udp_connect                              0x0800b0eb   Thumb Code    94  udp.o(.text)
    udp_disconnect                           0x0800b149   Thumb Code    28  udp.o(.text)
    udp_recv                                 0x0800b165   Thumb Code     6  udp.o(.text)
    udp_remove                               0x0800b16b   Thumb Code    60  udp.o(.text)
    udp_new                                  0x0800b1a7   Thumb Code    28  udp.o(.text)
    etharp_tmr                               0x0800b1f7   Thumb Code   154  etharp.o(.text)
    etharp_find_addr                         0x0800b59d   Thumb Code    86  etharp.o(.text)
    etharp_ip_input                          0x0800b5f3   Thumb Code    60  etharp.o(.text)
    etharp_arp_input                         0x0800b62f   Thumb Code   340  etharp.o(.text)
    etharp_raw                               0x0800b783   Thumb Code   212  etharp.o(.text)
    etharp_request                           0x0800b857   Thumb Code    36  etharp.o(.text)
    etharp_query                             0x0800b87b   Thumb Code   386  etharp.o(.text)
    etharp_output                            0x0800b9fd   Thumb Code   190  etharp.o(.text)
    ethernet_input                           0x0800babb   Thumb Code   122  etharp.o(.text)
    ethernetif_input                         0x0800bc79   Thumb Code    44  ethernetif.o(.text)
    ethernetif_init                          0x0800bca5   Thumb Code    38  ethernetif.o(.text)
    ETH_DeInit                               0x0800bd0d   Thumb Code    22  stm32f4x7_eth.o(.text)
    ETH_StructInit                           0x0800bd23   Thumb Code   178  stm32f4x7_eth.o(.text)
    ETH_WritePHYRegister                     0x0800bdd5   Thumb Code    96  stm32f4x7_eth.o(.text)
    ETH_ReadPHYRegister                      0x0800be35   Thumb Code    98  stm32f4x7_eth.o(.text)
    ETH_Init                                 0x0800be97   Thumb Code   638  stm32f4x7_eth.o(.text)
    ETH_DMAReceptionCmd                      0x0800c115   Thumb Code    30  stm32f4x7_eth.o(.text)
    ETH_DMATransmissionCmd                   0x0800c133   Thumb Code    30  stm32f4x7_eth.o(.text)
    ETH_MACReceptionCmd                      0x0800c151   Thumb Code    30  stm32f4x7_eth.o(.text)
    ETH_FlushTransmitFIFO                    0x0800c16f   Thumb Code    14  stm32f4x7_eth.o(.text)
    ETH_MACTransmissionCmd                   0x0800c17d   Thumb Code    30  stm32f4x7_eth.o(.text)
    ETH_Start                                0x0800c19b   Thumb Code    32  stm32f4x7_eth.o(.text)
    ETH_GetFlowControlBusyStatus             0x0800c1bb   Thumb Code    66  stm32f4x7_eth.o(.text)
    ETH_InitiatePauseControlFrame            0x0800c1fd   Thumb Code    14  stm32f4x7_eth.o(.text)
    ETH_BackPressureActivationCmd            0x0800c20b   Thumb Code    30  stm32f4x7_eth.o(.text)
    ETH_GetMACFlagStatus                     0x0800c229   Thumb Code    20  stm32f4x7_eth.o(.text)
    ETH_GetMACITStatus                       0x0800c23d   Thumb Code    20  stm32f4x7_eth.o(.text)
    ETH_MACITConfig                          0x0800c251   Thumb Code    26  stm32f4x7_eth.o(.text)
    ETH_MACAddressConfig                     0x0800c26b   Thumb Code    46  stm32f4x7_eth.o(.text)
    ETH_GetMACAddress                        0x0800c299   Thumb Code    36  stm32f4x7_eth.o(.text)
    ETH_MACAddressPerfectFilterCmd           0x0800c2bd   Thumb Code    38  stm32f4x7_eth.o(.text)
    ETH_MACAddressFilterConfig               0x0800c2e3   Thumb Code    40  stm32f4x7_eth.o(.text)
    ETH_MACAddressMaskBytesFilterConfig      0x0800c30b   Thumb Code    32  stm32f4x7_eth.o(.text)
    ETH_Get_Received_Frame                   0x0800c32b   Thumb Code    82  stm32f4x7_eth.o(.text)
    ETH_Get_Received_Frame_interrupt         0x0800c37d   Thumb Code   268  stm32f4x7_eth.o(.text)
    ETH_Prepare_Transmit_Descriptors         0x0800c489   Thumb Code   222  stm32f4x7_eth.o(.text)
    ETH_DMARxDescChainInit                   0x0800c567   Thumb Code    82  stm32f4x7_eth.o(.text)
    ETH_CheckFrameReceived                   0x0800c5b9   Thumb Code   214  stm32f4x7_eth.o(.text)
    ETH_DMATxDescChainInit                   0x0800c68f   Thumb Code    70  stm32f4x7_eth.o(.text)
    ETH_GetDMATxDescFlagStatus               0x0800c6d5   Thumb Code    18  stm32f4x7_eth.o(.text)
    ETH_GetDMATxDescCollisionCount           0x0800c6e7   Thumb Code    10  stm32f4x7_eth.o(.text)
    ETH_SetDMATxDescOwnBit                   0x0800c6f1   Thumb Code    10  stm32f4x7_eth.o(.text)
    ETH_DMATxDescTransmitITConfig            0x0800c6fb   Thumb Code    22  stm32f4x7_eth.o(.text)
    ETH_DMATxDescFrameSegmentConfig          0x0800c711   Thumb Code     8  stm32f4x7_eth.o(.text)
    ETH_DMATxDescChecksumInsertionConfig     0x0800c719   Thumb Code     8  stm32f4x7_eth.o(.text)
    ETH_DMATxDescCRCCmd                      0x0800c721   Thumb Code    22  stm32f4x7_eth.o(.text)
    ETH_DMATxDescSecondAddressChainedCmd     0x0800c737   Thumb Code    22  stm32f4x7_eth.o(.text)
    ETH_DMATxDescShortFramePaddingCmd        0x0800c74d   Thumb Code    22  stm32f4x7_eth.o(.text)
    ETH_DMATxDescBufferSizeConfig            0x0800c763   Thumb Code    14  stm32f4x7_eth.o(.text)
    ETH_GetDMARxDescFlagStatus               0x0800c771   Thumb Code    18  stm32f4x7_eth.o(.text)
    ETH_GetDMAPTPRxDescExtendedFlagStatus    0x0800c783   Thumb Code    18  stm32f4x7_eth.o(.text)
    ETH_SetDMARxDescOwnBit                   0x0800c795   Thumb Code    10  stm32f4x7_eth.o(.text)
    ETH_GetDMARxDescFrameLength              0x0800c79f   Thumb Code    10  stm32f4x7_eth.o(.text)
    ETH_DMARxDescReceiveITConfig             0x0800c7a9   Thumb Code    22  stm32f4x7_eth.o(.text)
    ETH_GetDMARxDescBufferSize               0x0800c7bf   Thumb Code    20  stm32f4x7_eth.o(.text)
    ETH_GetRxPktSize                         0x0800c7d3   Thumb Code    42  stm32f4x7_eth.o(.text)
    ETH_EnhancedDescriptorCmd                0x0800c7fd   Thumb Code    30  stm32f4x7_eth.o(.text)
    ETH_SoftwareReset                        0x0800c81b   Thumb Code    14  stm32f4x7_eth.o(.text)
    ETH_GetSoftwareResetStatus               0x0800c829   Thumb Code    20  stm32f4x7_eth.o(.text)
    ETH_GetDMAFlagStatus                     0x0800c83d   Thumb Code    20  stm32f4x7_eth.o(.text)
    ETH_DMAClearFlag                         0x0800c851   Thumb Code     6  stm32f4x7_eth.o(.text)
    ETH_DMAITConfig                          0x0800c857   Thumb Code    26  stm32f4x7_eth.o(.text)
    ETH_GetDMAITStatus                       0x0800c871   Thumb Code    20  stm32f4x7_eth.o(.text)
    ETH_DMAClearITPendingBit                 0x0800c885   Thumb Code     6  stm32f4x7_eth.o(.text)
    ETH_GetTransmitProcessState              0x0800c88b   Thumb Code    10  stm32f4x7_eth.o(.text)
    ETH_GetReceiveProcessState               0x0800c895   Thumb Code    10  stm32f4x7_eth.o(.text)
    ETH_GetFlushTransmitFIFOStatus           0x0800c89f   Thumb Code    20  stm32f4x7_eth.o(.text)
    ETH_GetDMAOverflowStatus                 0x0800c8b3   Thumb Code    20  stm32f4x7_eth.o(.text)
    ETH_GetRxOverflowMissedFrameCounter      0x0800c8c7   Thumb Code    10  stm32f4x7_eth.o(.text)
    ETH_GetBufferUnavailableMissedFrameCounter 0x0800c8d1   Thumb Code     8  stm32f4x7_eth.o(.text)
    ETH_GetCurrentTxDescStartAddress         0x0800c8d9   Thumb Code     6  stm32f4x7_eth.o(.text)
    ETH_GetCurrentRxDescStartAddress         0x0800c8df   Thumb Code     6  stm32f4x7_eth.o(.text)
    ETH_GetCurrentTxBufferAddress            0x0800c8e5   Thumb Code     6  stm32f4x7_eth.o(.text)
    ETH_GetCurrentRxBufferAddress            0x0800c8eb   Thumb Code     6  stm32f4x7_eth.o(.text)
    ETH_ResumeDMATransmission                0x0800c8f1   Thumb Code     8  stm32f4x7_eth.o(.text)
    ETH_ResumeDMAReception                   0x0800c8f9   Thumb Code     8  stm32f4x7_eth.o(.text)
    ETH_SetReceiveWatchdogTimer              0x0800c901   Thumb Code     6  stm32f4x7_eth.o(.text)
    ETH_PHYLoopBackCmd                       0x0800c907   Thumb Code    52  stm32f4x7_eth.o(.text)
    ETH_ResetWakeUpFrameFilterRegisterPointer 0x0800c93b   Thumb Code    14  stm32f4x7_eth.o(.text)
    ETH_SetWakeUpFrameFilterRegister         0x0800c949   Thumb Code    24  stm32f4x7_eth.o(.text)
    ETH_GlobalUnicastWakeUpCmd               0x0800c961   Thumb Code    30  stm32f4x7_eth.o(.text)
    ETH_GetPMTFlagStatus                     0x0800c97f   Thumb Code    20  stm32f4x7_eth.o(.text)
    ETH_WakeUpFrameDetectionCmd              0x0800c993   Thumb Code    30  stm32f4x7_eth.o(.text)
    ETH_MagicPacketDetectionCmd              0x0800c9b1   Thumb Code    30  stm32f4x7_eth.o(.text)
    ETH_PowerDownCmd                         0x0800c9cf   Thumb Code    50  stm32f4x7_eth.o(.text)
    ETH_MMCCounterFullPreset                 0x0800ca01   Thumb Code    16  stm32f4x7_eth.o(.text)
    ETH_MMCCounterHalfPreset                 0x0800ca11   Thumb Code    30  stm32f4x7_eth.o(.text)
    ETH_MMCCounterFreezeCmd                  0x0800ca2f   Thumb Code    34  stm32f4x7_eth.o(.text)
    ETH_MMCResetOnReadCmd                    0x0800ca51   Thumb Code    34  stm32f4x7_eth.o(.text)
    ETH_MMCCounterRolloverCmd                0x0800ca73   Thumb Code    34  stm32f4x7_eth.o(.text)
    ETH_MMCCountersReset                     0x0800ca95   Thumb Code    16  stm32f4x7_eth.o(.text)
    ETH_MMCITConfig                          0x0800caa5   Thumb Code    78  stm32f4x7_eth.o(.text)
    ETH_GetMMCITStatus                       0x0800caf3   Thumb Code    66  stm32f4x7_eth.o(.text)
    ETH_GetMMCRegister                       0x0800cb35   Thumb Code     8  stm32f4x7_eth.o(.text)
    __aeabi_memcpy                           0x0800cb45   Thumb Code    36  memcpya.o(.text)
    __aeabi_memcpy4                          0x0800cb45   Thumb Code     0  memcpya.o(.text)
    __aeabi_memcpy8                          0x0800cb45   Thumb Code     0  memcpya.o(.text)
    __aeabi_memset                           0x0800cb69   Thumb Code    14  memseta.o(.text)
    __aeabi_memset4                          0x0800cb69   Thumb Code     0  memseta.o(.text)
    __aeabi_memset8                          0x0800cb69   Thumb Code     0  memseta.o(.text)
    __aeabi_memclr                           0x0800cb77   Thumb Code     4  memseta.o(.text)
    __aeabi_memclr4                          0x0800cb77   Thumb Code     0  memseta.o(.text)
    __aeabi_memclr8                          0x0800cb77   Thumb Code     0  memseta.o(.text)
    _memset$wrapper                          0x0800cb7b   Thumb Code    18  memseta.o(.text)
    memcmp                                   0x0800cb8d   Thumb Code    26  memcmp.o(.text)
    __aeabi_uidiv                            0x0800cba7   Thumb Code     0  uidiv.o(.text)
    __aeabi_uidivmod                         0x0800cba7   Thumb Code    44  uidiv.o(.text)
    __scatterload                            0x0800cbd5   Thumb Code    28  init.o(.text)
    __scatterload_rt2                        0x0800cbd5   Thumb Code     0  init.o(.text)
    __decompress                             0x0800cbf9   Thumb Code     0  __dczerorl2.o(.text)
    __decompress1                            0x0800cbf9   Thumb Code    86  __dczerorl2.o(.text)
    __0printf$6                              0x0800cc51   Thumb Code    22  printf6.o(i.__0printf$6)
    __1printf$6                              0x0800cc51   Thumb Code     0  printf6.o(i.__0printf$6)
    __2printf                                0x0800cc51   Thumb Code     0  printf6.o(i.__0printf$6)
    __scatterload_copy                       0x0800cc71   Thumb Code    14  handlers.o(i.__scatterload_copy)
    __scatterload_null                       0x0800cc7f   Thumb Code     2  handlers.o(i.__scatterload_null)
    __scatterload_zeroinit                   0x0800cc81   Thumb Code    14  handlers.o(i.__scatterload_zeroinit)
    CAN_baud_table                           0x0800cfd4   Data         360  can.o(.constdata)
    OSUnMapTbl                               0x0800d13c   Data         256  os_core.o(.constdata)
    ip_addr_any                              0x0800d23c   Data           4  ip_addr.o(.constdata)
    ip_addr_broadcast                        0x0800d240   Data           4  ip_addr.o(.constdata)
    tcp_backoff                              0x0800d268   Data          13  tcp.o(.constdata)
    tcp_persist_backoff                      0x0800d275   Data           7  tcp.o(.constdata)
    ethbroadcast                             0x0800d27c   Data           6  etharp.o(.constdata)
    ethzero                                  0x0800d282   Data           6  etharp.o(.constdata)
    Region$$Table$$Base                      0x0800d300   Number         0  anon$$obj.o(Region$$Table)
    Region$$Table$$Limit                     0x0800d320   Number         0  anon$$obj.o(Region$$Table)
    tafficlight_dbg_level                    0x20000000   Data           4  main.o(.data)
    TCPTimer                                 0x20000004   Data           4  netconf.o(.data)
    ARPTimer                                 0x20000008   Data           4  netconf.o(.data)
    IPaddress                                0x2000000c   Data           4  netconf.o(.data)
    UDPData                                  0x20000010   Data          15  udp_client.o(.data)
    udp_pcb                                  0x20000020   Data           4  udp_client.o(.data)
    ipaddr                                   0x20000024   Data           4  udp_client.o(.data)
    udp_p                                    0x20000028   Data           4  udp_client.o(.data)
    __stdout                                 0x2000002c   Data           4  sci.o(.data)
    USART_RX_STA                             0x20000030   Data           2  sci.o(.data)
    RS485_REC_Flag                           0x20000032   Data           1  sci.o(.data)
    RS485_rec_counter                        0x20000034   Data           4  sci.o(.data)
    send_buf                                 0x20000038   Data          20  sci.o(.data)
    CAN1_data                                0x2000004c   Data           8  can.o(.data)
    can1_rec_flag                            0x20000054   Data           1  can.o(.data)
    SystemCoreClock                          0x20000068   Data           4  system_stm32f4xx.o(.data)
    AHBPrescTable                            0x2000006c   Data          16  system_stm32f4xx.o(.data)
    OSCtxSwCtr                               0x2000007c   Data           4  os_core.o(.data)
    OSEventFreeList                          0x20000080   Data           4  os_core.o(.data)
    OSFlagFreeList                           0x20000084   Data           4  os_core.o(.data)
    OSCPUUsage                               0x20000088   Data           1  os_core.o(.data)
    OSIdleCtrMax                             0x2000008c   Data           4  os_core.o(.data)
    OSIdleCtrRun                             0x20000090   Data           4  os_core.o(.data)
    OSStatRdy                                0x20000094   Data           1  os_core.o(.data)
    OSIntNesting                             0x20000095   Data           1  os_core.o(.data)
    OSLockNesting                            0x20000096   Data           1  os_core.o(.data)
    OSPrioCur                                0x20000097   Data           1  os_core.o(.data)
    OSPrioHighRdy                            0x20000098   Data           1  os_core.o(.data)
    OSRdyGrp                                 0x20000099   Data           1  os_core.o(.data)
    OSRdyTbl                                 0x2000009a   Data           8  os_core.o(.data)
    OSRunning                                0x200000a2   Data           1  os_core.o(.data)
    OSTaskCtr                                0x200000a3   Data           1  os_core.o(.data)
    OSIdleCtr                                0x200000a4   Data           4  os_core.o(.data)
    OSTCBCur                                 0x200000a8   Data           4  os_core.o(.data)
    OSTCBFreeList                            0x200000ac   Data           4  os_core.o(.data)
    OSTCBHighRdy                             0x200000b0   Data           4  os_core.o(.data)
    OSTCBList                                0x200000b4   Data           4  os_core.o(.data)
    OSTickStepState                          0x200000b8   Data           1  os_core.o(.data)
    OSMemFreeList                            0x200000bc   Data           4  os_core.o(.data)
    OSQFreeList                              0x200000c0   Data           4  os_core.o(.data)
    OSTime                                   0x200000c4   Data           4  os_core.o(.data)
    current_netif                            0x200000c8   Data           4  ip.o(.data)
    current_header                           0x200000cc   Data           4  ip.o(.data)
    netif_list                               0x200000f0   Data           4  netif.o(.data)
    netif_default                            0x200000f4   Data           4  netif.o(.data)
    tcp_state_str                            0x20000100   Data          44  tcp.o(.data)
    tcp_ticks                                0x2000012c   Data           4  tcp.o(.data)
    tcp_bound_pcbs                           0x20000130   Data           4  tcp.o(.data)
    tcp_listen_pcbs                          0x20000134   Data           4  tcp.o(.data)
    tcp_active_pcbs                          0x20000138   Data           4  tcp.o(.data)
    tcp_tw_pcbs                              0x2000013c   Data           4  tcp.o(.data)
    tcp_tmp_pcb                              0x20000140   Data           4  tcp.o(.data)
    tcp_input_pcb                            0x20000168   Data           4  tcp_in.o(.data)
    udp_pcbs                                 0x2000016c   Data           4  udp.o(.data)
    DMATxDescToSet                           0x20000174   Data           4  stm32f4x7_eth.o(.data)
    DMARxDescToGet                           0x20000178   Data           4  stm32f4x7_eth.o(.data)
    DMA_RX_FRAME_infos                       0x2000017c   Data           4  stm32f4x7_eth.o(.data)
    Frame_Rx_index                           0x20000180   Data           4  stm32f4x7_eth.o(.data)
    Stk_TaskStartUp                          0x20000184   Data         400  main.o(.bss)
    Stk_Task_LED                             0x20000314   Data        1600  task_test.o(.bss)
    Stk_Task_TRAFFIC                         0x20000954   Data        1600  task_test.o(.bss)
    Stk_Task_UDP_Client                      0x20000f94   Data        8000  task_test.o(.bss)
    g_trafficlight                           0x20002ed4   Data         240  task_test.o(.bss)
    netif                                    0x20002fc4   Data          56  netconf.o(.bss)
    USART_RX_BUF                             0x20002ffc   Data         200  sci.o(.bss)
    RS485_buff                               0x200030c4   Data         100  sci.o(.bss)
    OSEventTbl                               0x20003128   Data         240  os_core.o(.bss)
    OSFlagTbl                                0x20003218   Data          80  os_core.o(.bss)
    OSTaskStatStk                            0x20003268   Data         512  os_core.o(.bss)
    OSTaskIdleStk                            0x20003468   Data         512  os_core.o(.bss)
    OSTCBPrioTbl                             0x20003668   Data         256  os_core.o(.bss)
    OSTCBTbl                                 0x20003768   Data        1936  os_core.o(.bss)
    OSMemTbl                                 0x20003ef8   Data         120  os_core.o(.bss)
    OSQTbl                                   0x20003f70   Data          96  os_core.o(.bss)
    DMARxDscrTab                             0x200092e8   Data         128  stm32f4x7_eth.o(.bss)
    DMATxDscrTab                             0x20009368   Data          64  stm32f4x7_eth.o(.bss)
    Rx_Buff                                  0x200093a8   Data        6096  stm32f4x7_eth.o(.bss)
    Tx_Buff                                  0x2000ab78   Data        3048  stm32f4x7_eth.o(.bss)
    RX_Frame_Descriptor                      0x2000b760   Data          12  stm32f4x7_eth.o(.bss)
    __initial_sp                             0x2000bb70   Data           0  startup_stm32f4xx.o(STACK)



==============================================================================

Memory Map of the image

  Image Entry point : 0x08000189

  Load Region LR_IROM1 (Base: 0x08000000, Size: 0x0000d4a4, Max: 0x00080000, ABSOLUTE, COMPRESSED[0x0000d388])

    Execution Region ER_IROM1 (Base: 0x08000000, Size: 0x0000d320, Max: 0x00080000, ABSOLUTE)

    Base Addr    Size         Type   Attr      Idx    E Section Name        Object

    0x08000000   0x00000188   Data   RO         1043    RESET               startup_stm32f4xx.o
    0x08000188   0x00000000   Code   RO         1780  * .ARM.Collect$$$$00000000  mc_w.l(entry.o)
    0x08000188   0x00000004   Code   RO         2052    .ARM.Collect$$$$00000001  mc_w.l(entry2.o)
    0x0800018c   0x00000004   Code   RO         2055    .ARM.Collect$$$$00000004  mc_w.l(entry5.o)
    0x08000190   0x00000000   Code   RO         2057    .ARM.Collect$$$$00000008  mc_w.l(entry7b.o)
    0x08000190   0x00000000   Code   RO         2059    .ARM.Collect$$$$0000000A  mc_w.l(entry8b.o)
    0x08000190   0x00000008   Code   RO         2060    .ARM.Collect$$$$0000000B  mc_w.l(entry9a.o)
    0x08000198   0x00000000   Code   RO         2062    .ARM.Collect$$$$0000000D  mc_w.l(entry10a.o)
    0x08000198   0x00000000   Code   RO         2064    .ARM.Collect$$$$0000000F  mc_w.l(entry11a.o)
    0x08000198   0x00000004   Code   RO         2053    .ARM.Collect$$$$00002712  mc_w.l(entry2.o)
    0x0800019c   0x00000280   Code   RO            2    .text               main.o
    0x0800041c   0x00000444   Code   RO          264    .text               task_test.o
    0x08000860   0x0000009c   Code   RO          299    .text               led.o
    0x080008fc   0x00000014   Code   RO          315    .text               bsp_global.o
    0x08000910   0x0000008e   Code   RO          331    .text               nvic.o
    0x0800099e   0x00000002   PAD
    0x080009a0   0x000001ec   Code   RO          347    .text               stm32f4x7_eth_bsp.o
    0x08000b8c   0x000000a8   Code   RO          367    .text               netconf.o
    0x08000c34   0x00000058   Code   RO          432    .text               stm32f4xx_it.o
    0x08000c8c   0x000000b4   Code   RO          451    .text               udp_client.o
    0x08000d40   0x000003f0   Code   RO          473    .text               sci.o
    0x08001130   0x000001e4   Code   RO          505    .text               can.o
    0x08001314   0x000000e0   Code   RO          544    .text               misc.o
    0x080013f4   0x000009f0   Code   RO          576    .text               stm32f4xx_can.o
    0x08001de4   0x0000025c   Code   RO          784    .text               stm32f4xx_gpio.o
    0x08002040   0x00000588   Code   RO          896    .text               stm32f4xx_rcc.o
    0x080025c8   0x0000008c   Code   RO          978    .text               stm32f4xx_syscfg.o
    0x08002654   0x0000041a   Code   RO         1010    .text               stm32f4xx_usart.o
    0x08002a6e   0x00000002   PAD
    0x08002a70   0x00000024   Code   RO         1044    .text               startup_stm32f4xx.o
    0x08002a94   0x00000210   Code   RO         1049    .text               system_stm32f4xx.o
    0x08002ca4   0x000000c4   Code   RO         1070    .text               os_cpu_a.o
    0x08002d68   0x00000148   Code   RO         1074    .text               os_cpu_c.o
    0x08002eb0   0x00000cb4   Code   RO         1112    .text               os_core.o
    0x08003b64   0x000007fc   Code   RO         1136    .text               os_flag.o
    0x08004360   0x000001d4   Code   RO         1168    .text               os_mem.o
    0x08004534   0x000005e4   Code   RO         1200    .text               os_q.o
    0x08004b18   0x00000828   Code   RO         1232    .text               os_task.o
    0x08005340   0x00000198   Code   RO         1248    .text               os_time.o
    0x080054d8   0x000003c0   Code   RO         1324    .text               autoip.o
    0x08005898   0x00000200   Code   RO         1350    .text               icmp.o
    0x08005a98   0x0000021c   Code   RO         1377    .text               inet.o
    0x08005cb4   0x00000156   Code   RO         1390    .text               inet_chksum.o
    0x08005e0a   0x00000002   PAD
    0x08005e0c   0x00000344   Code   RO         1409    .text               ip.o
    0x08006150   0x0000004e   Code   RO         1439    .text               ip_addr.o
    0x0800619e   0x00000002   PAD
    0x080061a0   0x000005ec   Code   RO         1461    .text               ip_frag.o
    0x0800678c   0x00000ff8   Code   RO         1479    .text               dhcp.o
    0x08007784   0x0000034c   Code   RO         1533    .text               mem.o
    0x08007ad0   0x000000a8   Code   RO         1548    .text               memp.o
    0x08007b78   0x00000208   Code   RO         1575    .text               netif.o
    0x08007d80   0x0000059c   Code   RO         1597    .text               pbuf.o
    0x0800831c   0x000001a0   Code   RO         1609    .text               raw.o
    0x080084bc   0x00000bd0   Code   RO         1635    .text               tcp.o
    0x0800908c   0x00001294   Code   RO         1656    .text               tcp_in.o
    0x0800a320   0x00000a8e   Code   RO         1676    .text               tcp_out.o
    0x0800adae   0x00000002   PAD
    0x0800adb0   0x0000041c   Code   RO         1688    .text               udp.o
    0x0800b1cc   0x00000968   Code   RO         1717    .text               etharp.o
    0x0800bb34   0x000001bc   Code   RO         1744    .text               ethernetif.o
    0x0800bcf0   0x00000e54   Code   RO         1761    .text               stm32f4x7_eth.o
    0x0800cb44   0x00000024   Code   RO         1783    .text               mc_w.l(memcpya.o)
    0x0800cb68   0x00000024   Code   RO         1785    .text               mc_w.l(memseta.o)
    0x0800cb8c   0x0000001a   Code   RO         1787    .text               mc_w.l(memcmp.o)
    0x0800cba6   0x0000002c   Code   RO         2066    .text               mc_w.l(uidiv.o)
    0x0800cbd2   0x00000002   PAD
    0x0800cbd4   0x00000024   Code   RO         2081    .text               mc_w.l(init.o)
    0x0800cbf8   0x00000056   Code   RO         2099    .text               mc_w.l(__dczerorl2.o)
    0x0800cc4e   0x00000002   PAD
    0x0800cc50   0x00000020   Code   RO         1946    i.__0printf$6       mc_w.l(printf6.o)
    0x0800cc70   0x0000000e   Code   RO         2093    i.__scatterload_copy  mc_w.l(handlers.o)
    0x0800cc7e   0x00000002   Code   RO         2094    i.__scatterload_null  mc_w.l(handlers.o)
    0x0800cc80   0x0000000e   Code   RO         2095    i.__scatterload_zeroinit  mc_w.l(handlers.o)
    0x0800cc8e   0x00000002   PAD
    0x0800cc90   0x000002f0   Code   RO         1953    i._printf_core      mc_w.l(printf6.o)
    0x0800cf80   0x00000024   Code   RO         1954    i._printf_post_padding  mc_w.l(printf6.o)
    0x0800cfa4   0x0000002e   Code   RO         1955    i._printf_pre_padding  mc_w.l(printf6.o)
    0x0800cfd2   0x00000002   PAD
    0x0800cfd4   0x00000168   Data   RO          506    .constdata          can.o
    0x0800d13c   0x00000100   Data   RO         1114    .constdata          os_core.o
    0x0800d23c   0x00000008   Data   RO         1440    .constdata          ip_addr.o
    0x0800d244   0x00000024   Data   RO         1550    .constdata          memp.o
    0x0800d268   0x00000014   Data   RO         1636    .constdata          tcp.o
    0x0800d27c   0x0000000c   Data   RO         1719    .constdata          etharp.o
    0x0800d288   0x00000075   Data   RO         1637    .conststring        tcp.o
    0x0800d2fd   0x00000003   PAD
    0x0800d300   0x00000020   Data   RO         2091    Region$$Table       anon$$obj.o


    Execution Region RW_IRAM1 (Base: 0x20000000, Size: 0x0000bb70, Max: 0x00020000, ABSOLUTE, COMPRESSED[0x00000068])

    Base Addr    Size         Type   Attr      Idx    E Section Name        Object

    0x20000000   0x00000004   Data   RW            4    .data               main.o
    0x20000004   0x0000000c   Data   RW          369    .data               netconf.o
    0x20000010   0x0000001c   Data   RW          452    .data               udp_client.o
    0x2000002c   0x00000020   Data   RW          475    .data               sci.o
    0x2000004c   0x00000009   Data   RW          507    .data               can.o
    0x20000055   0x00000010   Data   RW          897    .data               stm32f4xx_rcc.o
    0x20000065   0x00000003   PAD
    0x20000068   0x00000014   Data   RW         1050    .data               system_stm32f4xx.o
    0x2000007c   0x0000004c   Data   RW         1115    .data               os_core.o
    0x200000c8   0x0000000a   Data   RW         1410    .data               ip.o
    0x200000d2   0x00000002   PAD
    0x200000d4   0x00000006   Data   RW         1463    .data               ip_frag.o
    0x200000da   0x00000002   PAD
    0x200000dc   0x00000004   Data   RW         1480    .data               dhcp.o
    0x200000e0   0x0000000d   Data   RW         1535    .data               mem.o
    0x200000ed   0x00000003   PAD
    0x200000f0   0x00000009   Data   RW         1576    .data               netif.o
    0x200000f9   0x00000003   PAD
    0x200000fc   0x00000004   Data   RW         1610    .data               raw.o
    0x20000100   0x0000004c   Data   RW         1638    .data               tcp.o
    0x2000014c   0x00000020   Data   RW         1658    .data               tcp_in.o
    0x2000016c   0x00000004   Data   RW         1689    .data               udp.o
    0x20000170   0x00000001   Data   RW         1720    .data               etharp.o
    0x20000171   0x00000003   PAD
    0x20000174   0x00000010   Data   RW         1763    .data               stm32f4x7_eth.o
    0x20000184   0x00000190   Zero   RW            3    .bss                main.o
    0x20000314   0x00002cb0   Zero   RW          265    .bss                task_test.o
    0x20002fc4   0x00000038   Zero   RW          368    .bss                netconf.o
    0x20002ffc   0x0000012c   Zero   RW          474    .bss                sci.o
    0x20003128   0x00000ea8   Zero   RW         1113    .bss                os_core.o
    0x20003fd0   0x00000010   Zero   RW         1378    .bss                inet.o
    0x20003fe0   0x000005e0   Zero   RW         1462    .bss                ip_frag.o
    0x200045c0   0x00002814   Zero   RW         1534    .bss                mem.o
    0x20006dd4   0x00002437   Zero   RW         1549    .bss                memp.o
    0x2000920b   0x00000001   PAD
    0x2000920c   0x00000014   Zero   RW         1657    .bss                tcp_in.o
    0x20009220   0x000000c8   Zero   RW         1718    .bss                etharp.o
    0x200092e8   0x00002484   Zero   RW         1762    .bss                stm32f4x7_eth.o
    0x2000b76c   0x00000004   PAD
    0x2000b770   0x00000400   Zero   RW         1041    STACK               startup_stm32f4xx.o


==============================================================================

Image component sizes


      Code (inc. data)   RO Data    RW Data    ZI Data      Debug   Object Name

       960         34          0          0          0       6941   autoip.o
        20          0          0          0          0        499   bsp_global.o
       484         24        360          9          0       2553   can.o
      4088         48          0          4          0      15663   dhcp.o
      2408         22         12          1        200      10130   etharp.o
       444         38          0          0          0       3108   ethernetif.o
       512          0          0          0          0       2798   icmp.o
       540         12          0          0         16       3512   inet.o
       342          0          0          0          0       5550   inet_chksum.o
       836         22          0         10          0       7046   ip.o
        78          0          8          0          0       5845   ip_addr.o
      1516         18          0          6       1504       6856   ip_frag.o
       156         14          0          0          0        596   led.o
       640        358          0          4        400     323759   main.o
       844         22          0         13      10260       4094   mem.o
       168         18         36          0       9271       2558   memp.o
       224         20          0          0          0       1885   misc.o
       168         28          0         12         56      20304   netconf.o
       520         22          0          9          0       5960   netif.o
       142          0          0          0          0        613   nvic.o
      3252        276        256         76       3752      20115   os_core.o
       196         32          0          0          0        344   os_cpu_a.o
       328         12          0          0          0       3488   os_cpu_c.o
      2044         40          0          0          0       7236   os_flag.o
       468         18          0          0          0       3300   os_mem.o
      1508         34          0          0          0       5805   os_q.o
      2088         68          0          0          0       8085   os_task.o
       408         24          0          0          0       1882   os_time.o
      1436          0          0          0          0       6156   pbuf.o
       416          4          0          4          0       3785   raw.o
      1008         68          0         32        300       5353   sci.o
        36          8        392          0       1024        868   startup_stm32f4xx.o
      3668         98          0         16       9348      20308   stm32f4x7_eth.o
       492         26          0          0          0      19652   stm32f4x7_eth_bsp.o
      2544         38          0          0          0       8212   stm32f4xx_can.o
       604         36          0          0          0       4189   stm32f4xx_gpio.o
        88          4          0          0          0       1558   stm32f4xx_it.o
      1416         48          0         16          0      11135   stm32f4xx_rcc.o
       140         12          0          0          0       1711   stm32f4xx_syscfg.o
      1050         26          0          0          0       7924   stm32f4xx_usart.o
       528         46          0         20          0       1927   system_stm32f4xx.o
      1092        230          0          0      11440       4818   task_test.o
      3024        114        137         76          0      18616   tcp.o
      4756        214          0         32         20      13600   tcp_in.o
      2702         12          0          0          0       7366   tcp_out.o
      1052         10          0          4          0      14275   udp.o
       180         24          0         28          0       1859   udp_client.o

    ----------------------------------------------------------------------
     51624       2222       1236        388      47596     633837   Object Totals
         0          0         32          0          0          0   (incl. Generated)
        10          0          3         16          5          0   (incl. Padding)

    ----------------------------------------------------------------------

      Code (inc. data)   RO Data    RW Data    ZI Data      Debug   Library Member Name

        86          0          0          0          0          0   __dczerorl2.o
         0          0          0          0          0          0   entry.o
         0          0          0          0          0          0   entry10a.o
         0          0          0          0          0          0   entry11a.o
         8          4          0          0          0          0   entry2.o
         4          0          0          0          0          0   entry5.o
         0          0          0          0          0          0   entry7b.o
         0          0          0          0          0          0   entry8b.o
         8          4          0          0          0          0   entry9a.o
        30          0          0          0          0          0   handlers.o
        36          8          0          0          0         68   init.o
        26          0          0          0          0         80   memcmp.o
        36          0          0          0          0         68   memcpya.o
        36          0          0          0          0        108   memseta.o
       866         14          0          0          0        352   printf6.o
        44          0          0          0          0         80   uidiv.o

    ----------------------------------------------------------------------
      1188         30          0          0          0        756   Library Totals
         8          0          0          0          0          0   (incl. Padding)

    ----------------------------------------------------------------------

      Code (inc. data)   RO Data    RW Data    ZI Data      Debug   Library Name

      1180         30          0          0          0        756   mc_w.l

    ----------------------------------------------------------------------
      1188         30          0          0          0        756   Library Totals

    ----------------------------------------------------------------------

==============================================================================


      Code (inc. data)   RO Data    RW Data    ZI Data      Debug   

     52812       2252       1236        388      47596     625465   Grand Totals
     52812       2252       1236        104      47596     625465   ELF Image Totals (compressed)
     52812       2252       1236        104          0          0   ROM Totals

==============================================================================

    Total RO  Size (Code + RO Data)                54048 (  52.78kB)
    Total RW  Size (RW Data + ZI Data)             47984 (  46.86kB)
    Total ROM Size (Code + RO Data + RW Data)      54152 (  52.88kB)

==============================================================================

