Component: ARM Compiler 5.06 update 1 (build 61) Tool: armlink [4d35a8]

==============================================================================

Section Cross References

    main.o(.text) refers to printf8.o(i.__0printf$8) for __2printf
    main.o(.text) refers to os_task.o(.text) for OSTaskCreate
    main.o(.text) refers to os_time.o(.text) for OSTimeDlyHMSM
    main.o(.text) refers to stm32f4xx_gpio.o(.text) for GPIO_ToggleBits
    main.o(.text) refers to bsp_global.o(.text) for BSP_Init
    main.o(.text) refers to os_core.o(.text) for OSInit
    main.o(.text) refers to system_stm32f4xx.o(.data) for SystemCoreClock
    main.o(.text) refers to main.o(.data) for tafficlight_dbg_level
    main.o(.text) refers to task_trafficlight.o(.bss) for Stk_Task_UDP_Client
    main.o(.text) refers to task_trafficlight.o(.text) for Task_UDP_Client
    main.o(.text) refers to main.o(.bss) for Stk_TaskStartUp
    task_trafficlight.o(.text) refers to os_time.o(.text) for OSTimeDlyHMSM
    task_trafficlight.o(.text) refers to trafficlight.o(.text) for trafficLightInit
    task_trafficlight.o(.text) refers to ring_buffer.o(.text) for ringBufRead
    task_trafficlight.o(.text) refers to printf8.o(i.__0printf$8) for __2printf
    task_trafficlight.o(.text) refers to tcp.o(.text) for tcp_close
    task_trafficlight.o(.text) refers to stm32f4x7_eth_bsp.o(.text) for ETH_BSP_Config
    task_trafficlight.o(.text) refers to netconf.o(.text) for LwIP_Init
    task_trafficlight.o(.text) refers to tcp_server.o(.text) for TCP_server_init
    task_trafficlight.o(.text) refers to pbuf.o(.text) for pbuf_alloc
    task_trafficlight.o(.text) refers to qijun_parse.o(.text) for init_qijunReader
    task_trafficlight.o(.text) refers to tcp_server.o(.bss) for g_pcb
    task_trafficlight.o(.text) refers to tcp_server.o(.data) for g_tcp_num
    task_trafficlight.o(.text) refers to trafficlight.o(.data) for g_online_num
    task_trafficlight.o(.text) refers to main.o(.data) for tafficlight_dbg_level
    trafficlight.o(.text) refers to drv_trafficlight.o(.text) for HC165D1_Read
    trafficlight.o(.text) refers to printf8.o(i.__0printf$8) for __2printf
    trafficlight.o(.text) refers to memseta.o(.text) for __aeabi_memclr4
    trafficlight.o(.text) refers to main.o(.data) for tafficlight_dbg_level
    trafficlight.o(.text) refers to trafficlight.o(.data) for g_online_num
    trafficlight.o(.text) refers to trafficlight.o(.bss) for g_online
    trafficlight.o(.text) refers to os_time.o(.text) for OSTimeGet
    trafficlight.o(.text) refers to sci.o(.text) for send_wifi
    qijun_parse.o(.text) refers to printf8.o(i.__0printf$8) for __2printf
    qijun_parse.o(.text) refers to memseta.o(.text) for __aeabi_memclr4
    qijun_parse.o(.text) refers to qijun_parse.o(.conststring) for .conststring
    qijun_parse.o(.text) refers to qijun_parse.o(.bss) for Qinifo
    qijun_parse.o(.text) refers to os_time.o(.text) for OSTimeGet
    qijun_parse.o(.text) refers to trafficlight.o(.data) for start_led
    qijun_parse.o(.text) refers to main.o(.data) for tafficlight_dbg_level
    led.o(.text) refers to stm32f4xx_rcc.o(.text) for RCC_AHB1PeriphClockCmd
    led.o(.text) refers to stm32f4xx_gpio.o(.text) for GPIO_Init
    bsp_global.o(.text) refers to led.o(.text) for LED_Configuration
    bsp_global.o(.text) refers to nvic.o(.text) for NVIC_Configuration
    bsp_global.o(.text) refers to can.o(.text) for CAN1_Configuration
    bsp_global.o(.text) refers to sci.o(.text) for USART_Configuration
    bsp_global.o(.text) refers to drv_trafficlight.o(.text) for HC165D_Config
    nvic.o(.text) refers to misc.o(.text) for NVIC_SetVectorTable
    stm32f4x7_eth_bsp.o(.text) refers to stm32f4xx_rcc.o(.text) for RCC_AHB1PeriphClockCmd
    stm32f4x7_eth_bsp.o(.text) refers to stm32f4x7_eth.o(.text) for ETH_DeInit
    stm32f4x7_eth_bsp.o(.text) refers to misc.o(.text) for NVIC_PriorityGroupConfig
    stm32f4x7_eth_bsp.o(.text) refers to stm32f4xx_syscfg.o(.text) for SYSCFG_ETH_MediaInterfaceConfig
    stm32f4x7_eth_bsp.o(.text) refers to stm32f4xx_gpio.o(.text) for GPIO_Init
    netconf.o(.text) refers to mem.o(.text) for mem_init
    netconf.o(.text) refers to memp.o(.text) for memp_init
    netconf.o(.text) refers to inet.o(.text) for htonl
    netconf.o(.text) refers to netif.o(.text) for netif_add
    netconf.o(.text) refers to ethernetif.o(.text) for ethernetif_input
    netconf.o(.text) refers to tcp.o(.text) for tcp_tmr
    netconf.o(.text) refers to etharp.o(.text) for etharp_tmr
    netconf.o(.text) refers to netconf.o(.bss) for netif
    netconf.o(.text) refers to netconf.o(.data) for TCPTimer
    stm32f4xx_it.o(.text) refers to os_cpu_a.o(.text) for OS_CPU_SR_Save
    stm32f4xx_it.o(.text) refers to netconf.o(.text) for LwIP_Pkt_Handle
    stm32f4xx_it.o(.text) refers to stm32f4x7_eth.o(.text) for ETH_CheckFrameReceived
    stm32f4xx_it.o(.text) refers to os_core.o(.text) for OSIntExit
    stm32f4xx_it.o(.text) refers to os_core.o(.data) for OSIntNesting
[...]
    .bss                                     0x2000a448   Section      200  etharp.o(.bss)
    arp_table                                0x2000a448   Data         200  etharp.o(.bss)
    .bss                                     0x2000a510   Section     9348  stm32f4x7_eth.o(.bss)
    STACK                                    0x2000c998   Section     1024  startup_stm32f4xx.o(STACK)

    Global Symbols

    Symbol Name                              Value     Ov Type        Size  Object(Section)

    BuildAttributes$$THM_ISAv4$E$P$D$K$B$S$7EM$VFPi3$EXTD16$VFPS$VFMA$PE$A:L22UL41UL21$X:L11$S22US41US21$IEEE1$IW$USESV6$~STKCKD$USESV7$~SHL$OSPACE$ROPI$EBA8$MICROLIB$REQ8$PRES8$EABIv2 0x00000000   Number         0  anon$$obj.o ABSOLUTE
    __ARM_use_no_argv                        0x00000000   Number         0  main.o ABSOLUTE
    __use_no_errno                           0x00000000   Number         0  useno.o ABSOLUTE
    __use_no_exception_handling              0x00000000   Number         0  useno.o ABSOLUTE
    __use_no_fp                              0x00000000   Number         0  useno.o ABSOLUTE
    __use_no_heap                            0x00000000   Number         0  useno.o ABSOLUTE
    __use_no_heap_region                     0x00000000   Number         0  useno.o ABSOLUTE
    __use_no_semihosting                     0x00000000   Number         0  useno.o ABSOLUTE
    __use_no_semihosting_swi                 0x00000000   Number         0  useno.o ABSOLUTE
    __use_no_signal_handling                 0x00000000   Number         0  useno.o ABSOLUTE
    _printf_a                                0x00000000   Number         0  stubs.o ABSOLUTE
    _printf_c                                0x00000000   Number         0  stubs.o ABSOLUTE
    _printf_charcount                        0x00000000   Number         0  stubs.o ABSOLUTE
    _printf_d                                0x00000000   Number         0  stubs.o ABSOLUTE
    _printf_e                                0x00000000   Number         0  stubs.o ABSOLUTE
    _printf_f                                0x00000000   Number         0  stubs.o ABSOLUTE
    _printf_flags                            0x00000000   Number         0  stubs.o ABSOLUTE
    _printf_fp_dec                           0x00000000   Number         0  stubs.o ABSOLUTE
    _printf_fp_hex                           0x00000000   Number         0  stubs.o ABSOLUTE
    _printf_g                                0x00000000   Number         0  stubs.o ABSOLUTE
    _printf_i                                0x00000000   Number         0  stubs.o ABSOLUTE
    _printf_int_dec                          0x00000000   Number         0  stubs.o ABSOLUTE
    _printf_l                                0x00000000   Number         0  stubs.o ABSOLUTE
    _printf_lc                               0x00000000   Number         0  stubs.o ABSOLUTE
    _printf_ll                               0x00000000   Number         0  stubs.o ABSOLUTE
    _printf_lld                              0x00000000   Number         0  stubs.o ABSOLUTE
    _printf_lli                              0x00000000   Number         0  stubs.o ABSOLUTE
    _printf_llo                              0x00000000   Number         0  stubs.o ABSOLUTE
    _printf_llu                              0x00000000   Number         0  stubs.o ABSOLUTE
    _printf_llx                              0x00000000   Number         0  stubs.o ABSOLUTE
    _printf_longlong_dec                     0x00000000   Number         0  stubs.o ABSOLUTE
    _printf_longlong_hex                     0x00000000   Number         0  stubs.o ABSOLUTE
    _printf_longlong_oct                     0x00000000   Number         0  stubs.o ABSOLUTE
    _printf_ls                               0x00000000   Number         0  stubs.o ABSOLUTE
    _printf_mbtowc                           0x00000000   Number         0  stubs.o ABSOLUTE
    _printf_n                                0x00000000   Number         0  stubs.o ABSOLUTE
    _printf_o                                0x00000000   Number         0  stubs.o ABSOLUTE
    _printf_p                                0x00000000   Number         0  stubs.o ABSOLUTE
    _printf_percent                          0x00000000   Number         0  stubs.o ABSOLUTE
    _printf_pre_padding                      0x00000000   Number         0  stubs.o ABSOLUTE
    _printf_return_value                     0x00000000   Number         0  stubs.o ABSOLUTE
    _printf_s                                0x00000000   Number         0  stubs.o ABSOLUTE
    _printf_sizespec                         0x00000000   Number         0  stubs.o ABSOLUTE
    _printf_str                              0x00000000   Number         0  stubs.o ABSOLUTE
    _printf_truncate_signed                  0x00000000   Number         0  stubs.o ABSOLUTE
    _printf_truncate_unsigned                0x00000000   Number         0  stubs.o ABSOLUTE
    _printf_u                                0x00000000   Number         0  stubs.o ABSOLUTE
    _printf_wc                               0x00000000   Number         0  stubs.o ABSOLUTE
    _printf_wctomb                           0x00000000   Number         0  stubs.o ABSOLUTE
    _printf_widthprec                        0x00000000   Number         0  stubs.o ABSOLUTE
    _printf_x                                0x00000000   Number         0  stubs.o ABSOLUTE
    __cpp_initialize__aeabi_                  - Undefined Weak Reference
    __cxa_finalize                            - Undefined Weak Reference
    _clock_init                               - Undefined Weak Reference
    _microlib_exit                            - Undefined Weak Reference
    __Vectors_Size                           0x00000188   Number         0  startup_stm32f4xx.o ABSOLUTE
    __Vectors                                0x08000000   Data           4  startup_stm32f4xx.o(RESET)
    __Vectors_End                            0x08000188   Data           0  startup_stm32f4xx.o(RESET)
    __main                                   0x08000189   Thumb Code     0  entry.o(.ARM.Collect$$$$00000000)
    _main_stk                                0x08000189   Thumb Code     0  entry2.o(.ARM.Collect$$$$00000001)
    _main_scatterload                        0x0800018d   Thumb Code     0  entry5.o(.ARM.Collect$$$$00000004)
    __main_after_scatterload                 0x08000191   Thumb Code     0  entry5.o(.ARM.Collect$$$$00000004)
    _main_clock                              0x08000191   Thumb Code     0  entry7b.o(.ARM.Collect$$$$00000008)
    _main_cpp_init                           0x08000191   Thumb Code     0  entry8b.o(.ARM.Collect$$$$0000000A)
    _main_init                               0x08000191   Thumb Code     0  entry9a.o(.ARM.Collect$$$$0000000B)
    __rt_final_cpp                           0x08000199   Thumb Code     0  entry10a.o(.ARM.Collect$$$$0000000D)
    __rt_final_exit                          0x08000199   Thumb Code     0  entry11a.o(.ARM.Collect$$$$0000000F)
    Task_StartUp                             0x0800019d   Thumb Code   228  main.o(.text)
    main                                     0x08000281   Thumb Code    38  main.o(.text)
    Task_LED                                 0x080003d1   Thumb Code    44  task_trafficlight.o(.text)
    if_test                                  0x080003fd   Thumb Code    34  task_trafficlight.o(.text)
    close_tcp_accept                         0x0800041f   Thumb Code    82  task_trafficlight.o(.text)
    Task_UDP_Client                          0x08000471   Thumb Code   126  task_trafficlight.o(.text)
    Task_QiJun                               0x080004ef   Thumb Code    22  task_trafficlight.o(.text)
    trafficLightNum                          0x08000561   Thumb Code   292  trafficlight.o(.text)
    trafficLightRead                         0x08000685   Thumb Code   612  trafficlight.o(.text)
    trafficLightInit                         0x080008e9   Thumb Code   796  trafficlight.o(.text)
    trafficLightStudy                        0x08000c05   Thumb Code  1326  trafficlight.o(.text)
    trafficLightWork                         0x08001133   Thumb Code   104  trafficlight.o(.text)
    checkSum                                 0x0800119b   Thumb Code    28  trafficlight.o(.text)
    trafficLightStatus                       0x080011b7   Thumb Code   532  trafficlight.o(.text)
    IsStageStep1                             0x08001581   Thumb Code    16  qijun_parse.o(.text)
    IsStageStep2                             0x08001591   Thumb Code    18  qijun_parse.o(.text)
    getStageSy                               0x080015a3   Thumb Code    50  qijun_parse.o(.text)
    newStage                                 0x080015d5   Thumb Code   106  qijun_parse.o(.text)
    updateStage                              0x0800163f   Thumb Code   108  qijun_parse.o(.text)
    isLearningEnding                         0x080016ab   Thumb Code   152  qijun_parse.o(.text)
    RestMode                                 0x08001743   Thumb Code    20  qijun_parse.o(.text)
    LearningMode                             0x08001757   Thumb Code   110  qijun_parse.o(.text)
    MonitorComp                              0x080017c5   Thumb Code   170  qijun_parse.o(.text)
    Monitoring                               0x0800186f   Thumb Code   152  qijun_parse.o(.text)
    WorkingMode                              0x08001907   Thumb Code   850  qijun_parse.o(.text)
    get_qijun_info                           0x08001c59   Thumb Code    64  qijun_parse.o(.text)
    qijun_setting_info                       0x08001c99   Thumb Code    74  qijun_parse.o(.text)
    qijun_parse                              0x08001ce3   Thumb Code   184  qijun_parse.o(.text)
    qijun_reader                             0x08001d9b   Thumb Code   138  qijun_parse.o(.text)
    init_qijunReader                         0x08001e25   Thumb Code    56  qijun_parse.o(.text)
    LED_Configuration                        0x08001fc1   Thumb Code    48  led.o(.text)
    BSP_Init                                 0x08001ff5   Thumb Code    24  bsp_global.o(.text)
    NVIC_Configuration                       0x0800200d   Thumb Code   170  nvic.o(.text)
    ETH_BSP_Config                           0x08002239   Thumb Code    82  stm32f4x7_eth_bsp.o(.text)
    LwIP_Init                                0x080022a5   Thumb Code    80  netconf.o(.text)
    LwIP_Pkt_Handle                          0x080022f5   Thumb Code    10  netconf.o(.text)
    LwIP_Periodic_Handle                     0x080022ff   Thumb Code    52  netconf.o(.text)
    NMI_Handler                              0x0800234d   Thumb Code     2  stm32f4xx_it.o(.text)
    HardFault_Handler                        0x0800234f   Thumb Code     4  stm32f4xx_it.o(.text)
    MemManage_Handler                        0x08002353   Thumb Code     4  stm32f4xx_it.o(.text)
    BusFault_Handler                         0x08002357   Thumb Code     4  stm32f4xx_it.o(.text)
    UsageFault_Handler                       0x0800235b   Thumb Code     4  stm32f4xx_it.o(.text)
    SVC_Handler                              0x0800235f   Thumb Code     2  stm32f4xx_it.o(.text)
    DebugMon_Handler                         0x08002361   Thumb Code     2  stm32f4xx_it.o(.text)
    PendSV_Handler                           0x08002363   Thumb Code     2  stm32f4xx_it.o(.text)
    EXTI15_10_IRQHandler                     0x08002365   Thumb Code     2  stm32f4xx_it.o(.text)
    ETH_IRQHandler                           0x08002367   Thumb Code    58  stm32f4xx_it.o(.text)
    _sys_exit                                0x080023a5   Thumb Code     4  sci.o(.text)
    fputc                                    0x080023a9   Thumb Code    24  sci.o(.text)
    USART_Configuration                      0x080023cb   Thumb Code   564  sci.o(.text)
    UART3SendByte                            0x080025ff   Thumb Code    28  sci.o(.text)
    send_wifi                                0x0800261b   Thumb Code    26  sci.o(.text)
    UART1GetByte                             0x08002635   Thumb Code    40  sci.o(.text)
    Delay                                    0x0800265d   Thumb Code    18  sci.o(.text)
    UART1Test                                0x0800266f   Thumb Code    72  sci.o(.text)
    UART3Test                                0x080026b7   Thumb Code    60  sci.o(.text)
    USART1_IRQHandler                        0x080026f3   Thumb Code   130  sci.o(.text)
    USART2_IRQHandler                        0x08002775   Thumb Code   204  sci.o(.text)
    USART3_IRQHandler                        0x08002841   Thumb Code    62  sci.o(.text)
    RS485_Send_Data                          0x0800287f   Thumb Code    72  sci.o(.text)
    RS485_test                               0x080028c7   Thumb Code    34  sci.o(.text)
    CAN_Baud_Process                         0x08002901   Thumb Code    84  can.o(.text)
    CAN1_Configuration                       0x08002955   Thumb Code   208  can.o(.text)
    CAN1_RX0_IRQHandler                      0x08002a25   Thumb Code    86  can.o(.text)
    can1_tx                                  0x08002a7b   Thumb Code    70  can.o(.text)
    can1_test                                0x08002ac1   Thumb Code    12  can.o(.text)
    HC165D_Config                            0x08002ae5   Thumb Code   174  drv_trafficlight.o(.text)
    HC165D1_Read                             0x08002b93   Thumb Code    78  drv_trafficlight.o(.text)
    HC165D2_Read                             0x08002be1   Thumb Code    76  drv_trafficlight.o(.text)
    ringBufWrite                             0x08002c35   Thumb Code    66  ring_buffer.o(.text)
    ringBufRead                              0x08002c77   Thumb Code    54  ring_buffer.o(.text)
    read_ringbuf                             0x08002cad   Thumb Code    42  ring_buffer.o(.text)
    TCP_server_init                          0x08002dc3   Thumb Code    66  tcp_server.o(.text)
    NVIC_PriorityGroupConfig                 0x08002e4d   Thumb Code    10  misc.o(.text)
    NVIC_Init                                0x08002e57   Thumb Code   106  misc.o(.text)
    NVIC_SetVectorTable                      0x08002ec1   Thumb Code    14  misc.o(.text)
    NVIC_SystemLPConfig                      0x08002ecf   Thumb Code    34  misc.o(.text)
    SysTick_CLKSourceConfig                  0x08002ef1   Thumb Code    40  misc.o(.text)
    CAN_DeInit                               0x08002f2d   Thumb Code    50  stm32f4xx_can.o(.text)
    CAN_Init                                 0x08002f5f   Thumb Code   276  stm32f4xx_can.o(.text)
    CAN_FilterInit                           0x08003073   Thumb Code   258  stm32f4xx_can.o(.text)
    CAN_StructInit                           0x08003175   Thumb Code    32  stm32f4xx_can.o(.text)
    CAN_SlaveStartBank                       0x08003195   Thumb Code    48  stm32f4xx_can.o(.text)
    CAN_DBGFreeze                            0x080031c5   Thumb Code    22  stm32f4xx_can.o(.text)
    CAN_TTComModeCmd                         0x080031db   Thumb Code   118  stm32f4xx_can.o(.text)
    CAN_Transmit                             0x08003251   Thumb Code   304  stm32f4xx_can.o(.text)
    CAN_TransmitStatus                       0x08003381   Thumb Code   138  stm32f4xx_can.o(.text)
    CAN_CancelTransmit                       0x0800340b   Thumb Code    48  stm32f4xx_can.o(.text)
    CAN_Receive                              0x0800343b   Thumb Code   240  stm32f4xx_can.o(.text)
    CAN_FIFORelease                          0x0800352b   Thumb Code    22  stm32f4xx_can.o(.text)
    CAN_MessagePending                       0x08003541   Thumb Code    30  stm32f4xx_can.o(.text)
    CAN_OperatingModeRequest                 0x0800355f   Thumb Code   162  stm32f4xx_can.o(.text)
    CAN_Sleep                                0x08003601   Thumb Code    30  stm32f4xx_can.o(.text)
    CAN_WakeUp                               0x0800361f   Thumb Code    48  stm32f4xx_can.o(.text)
    CAN_GetLastErrorCode                     0x0800364f   Thumb Code    12  stm32f4xx_can.o(.text)
    CAN_GetReceiveErrorCounter               0x0800365b   Thumb Code    10  stm32f4xx_can.o(.text)
    CAN_GetLSBTransmitErrorCounter           0x08003665   Thumb Code    12  stm32f4xx_can.o(.text)
    CAN_ITConfig                             0x08003671   Thumb Code    18  stm32f4xx_can.o(.text)
    CAN_GetFlagStatus                        0x08003683   Thumb Code   120  stm32f4xx_can.o(.text)
    CAN_ClearFlag                            0x080036fb   Thumb Code    52  stm32f4xx_can.o(.text)
    CAN_GetITStatus                          0x08003741   Thumb Code   310  stm32f4xx_can.o(.text)
    CAN_ClearITPendingBit                    0x08003877   Thumb Code   162  stm32f4xx_can.o(.text)
    GPIO_DeInit                              0x0800391d   Thumb Code   220  stm32f4xx_gpio.o(.text)
    GPIO_Init                                0x080039f9   Thumb Code   144  stm32f4xx_gpio.o(.text)
    GPIO_StructInit                          0x08003a89   Thumb Code    18  stm32f4xx_gpio.o(.text)
    GPIO_PinLockConfig                       0x08003a9b   Thumb Code    34  stm32f4xx_gpio.o(.text)
    GPIO_ReadInputDataBit                    0x08003abd   Thumb Code    18  stm32f4xx_gpio.o(.text)
    GPIO_ReadInputData                       0x08003acf   Thumb Code     8  stm32f4xx_gpio.o(.text)
    GPIO_ReadOutputDataBit                   0x08003ad7   Thumb Code    18  stm32f4xx_gpio.o(.text)
    GPIO_ReadOutputData                      0x08003ae9   Thumb Code     8  stm32f4xx_gpio.o(.text)
    GPIO_SetBits                             0x08003af1   Thumb Code     4  stm32f4xx_gpio.o(.text)
    GPIO_ResetBits                           0x08003af5   Thumb Code     4  stm32f4xx_gpio.o(.text)
    GPIO_WriteBit                            0x08003af9   Thumb Code    10  stm32f4xx_gpio.o(.text)
    GPIO_Write                               0x08003b03   Thumb Code     4  stm32f4xx_gpio.o(.text)
    GPIO_ToggleBits                          0x08003b07   Thumb Code     8  stm32f4xx_gpio.o(.text)
    GPIO_PinAFConfig                         0x08003b0f   Thumb Code    70  stm32f4xx_gpio.o(.text)
    RCC_DeInit                               0x08003b79   Thumb Code    60  stm32f4xx_rcc.o(.text)
    RCC_HSEConfig                            0x08003bb5   Thumb Code    14  stm32f4xx_rcc.o(.text)
    RCC_GetFlagStatus                        0x08003bc3   Thumb Code    60  stm32f4xx_rcc.o(.text)
    RCC_WaitForHSEStartUp                    0x08003bff   Thumb Code    56  stm32f4xx_rcc.o(.text)
    RCC_AdjustHSICalibrationValue            0x08003c37   Thumb Code    20  stm32f4xx_rcc.o(.text)
    RCC_HSICmd                               0x08003c4b   Thumb Code     6  stm32f4xx_rcc.o(.text)
    RCC_LSEConfig                            0x08003c51   Thumb Code    46  stm32f4xx_rcc.o(.text)
    RCC_LSICmd                               0x08003c7f   Thumb Code     6  stm32f4xx_rcc.o(.text)
    RCC_PLLConfig                            0x08003c85   Thumb Code    32  stm32f4xx_rcc.o(.text)
    RCC_PLLCmd                               0x08003ca5   Thumb Code     6  stm32f4xx_rcc.o(.text)
    RCC_PLLI2SConfig                         0x08003cab   Thumb Code    14  stm32f4xx_rcc.o(.text)
    RCC_PLLI2SCmd                            0x08003cb9   Thumb Code     6  stm32f4xx_rcc.o(.text)
    RCC_ClockSecuritySystemCmd               0x08003cbf   Thumb Code     6  stm32f4xx_rcc.o(.text)
    RCC_MCO1Config                           0x08003cc5   Thumb Code    28  stm32f4xx_rcc.o(.text)
    RCC_MCO2Config                           0x08003ce1   Thumb Code    28  stm32f4xx_rcc.o(.text)
    RCC_SYSCLKConfig                         0x08003cfd   Thumb Code    20  stm32f4xx_rcc.o(.text)
    RCC_GetSYSCLKSource                      0x08003d11   Thumb Code    12  stm32f4xx_rcc.o(.text)
    RCC_HCLKConfig                           0x08003d1d   Thumb Code    20  stm32f4xx_rcc.o(.text)
    RCC_PCLK1Config                          0x08003d31   Thumb Code    20  stm32f4xx_rcc.o(.text)
    RCC_PCLK2Config                          0x08003d45   Thumb Code    22  stm32f4xx_rcc.o(.text)
    RCC_GetClocksFreq                        0x08003d5b   Thumb Code   222  stm32f4xx_rcc.o(.text)
    RCC_RTCCLKConfig                         0x08003e39   Thumb Code    54  stm32f4xx_rcc.o(.text)
    RCC_RTCCLKCmd                            0x08003e6f   Thumb Code     8  stm32f4xx_rcc.o(.text)
    RCC_BackupResetCmd                       0x08003e77   Thumb Code     8  stm32f4xx_rcc.o(.text)
    RCC_I2SCLKConfig                         0x08003e7f   Thumb Code     6  stm32f4xx_rcc.o(.text)
    RCC_AHB1PeriphClockCmd                   0x08003e85   Thumb Code    34  stm32f4xx_rcc.o(.text)
    RCC_AHB2PeriphClockCmd                   0x08003ea7   Thumb Code    34  stm32f4xx_rcc.o(.text)
    RCC_AHB3PeriphClockCmd                   0x08003ec9   Thumb Code    34  stm32f4xx_rcc.o(.text)
    RCC_APB1PeriphClockCmd                   0x08003eeb   Thumb Code    34  stm32f4xx_rcc.o(.text)
    RCC_APB2PeriphClockCmd                   0x08003f0d   Thumb Code    34  stm32f4xx_rcc.o(.text)
    RCC_AHB1PeriphResetCmd                   0x08003f2f   Thumb Code    34  stm32f4xx_rcc.o(.text)
    RCC_AHB2PeriphResetCmd                   0x08003f51   Thumb Code    72  stm32f4xx_rcc.o(.text)
    RCC_AHB3PeriphResetCmd                   0x08003f99   Thumb Code    34  stm32f4xx_rcc.o(.text)
    RCC_APB1PeriphResetCmd                   0x08003fbb   Thumb Code    34  stm32f4xx_rcc.o(.text)
    RCC_APB2PeriphResetCmd                   0x08003fdd   Thumb Code    34  stm32f4xx_rcc.o(.text)
    RCC_AHB1PeriphClockLPModeCmd             0x08003fff   Thumb Code    34  stm32f4xx_rcc.o(.text)
    RCC_AHB2PeriphClockLPModeCmd             0x08004021   Thumb Code    34  stm32f4xx_rcc.o(.text)
    RCC_AHB3PeriphClockLPModeCmd             0x08004043   Thumb Code    34  stm32f4xx_rcc.o(.text)
    RCC_APB1PeriphClockLPModeCmd             0x08004065   Thumb Code    34  stm32f4xx_rcc.o(.text)
    RCC_APB2PeriphClockLPModeCmd             0x08004087   Thumb Code    34  stm32f4xx_rcc.o(.text)
    RCC_ITConfig                             0x080040a9   Thumb Code    34  stm32f4xx_rcc.o(.text)
    RCC_ClearFlag                            0x080040cb   Thumb Code    18  stm32f4xx_rcc.o(.text)
    RCC_GetITStatus                          0x080040dd   Thumb Code    22  stm32f4xx_rcc.o(.text)
    RCC_ClearITPendingBit                    0x080040f3   Thumb Code     8  stm32f4xx_rcc.o(.text)
    SYSCFG_DeInit                            0x08004101   Thumb Code    22  stm32f4xx_syscfg.o(.text)
    SYSCFG_MemoryRemapConfig                 0x08004117   Thumb Code     6  stm32f4xx_syscfg.o(.text)
    SYSCFG_EXTILineConfig                    0x0800411d   Thumb Code    66  stm32f4xx_syscfg.o(.text)
    SYSCFG_ETH_MediaInterfaceConfig          0x0800415f   Thumb Code     6  stm32f4xx_syscfg.o(.text)
    SYSCFG_CompensationCellCmd               0x08004165   Thumb Code     6  stm32f4xx_syscfg.o(.text)
    SYSCFG_GetCompensationCellStatus         0x0800416b   Thumb Code    22  stm32f4xx_syscfg.o(.text)
    USART_DeInit                             0x0800418d   Thumb Code   156  stm32f4xx_usart.o(.text)
    USART_Init                               0x08004229   Thumb Code   204  stm32f4xx_usart.o(.text)
    USART_StructInit                         0x080042f5   Thumb Code    24  stm32f4xx_usart.o(.text)
    USART_ClockInit                          0x0800430d   Thumb Code    32  stm32f4xx_usart.o(.text)
    USART_ClockStructInit                    0x0800432d   Thumb Code    12  stm32f4xx_usart.o(.text)
    USART_Cmd                                0x08004339   Thumb Code    24  stm32f4xx_usart.o(.text)
    USART_SetPrescaler                       0x08004351   Thumb Code    16  stm32f4xx_usart.o(.text)
    USART_OverSampling8Cmd                   0x08004361   Thumb Code    22  stm32f4xx_usart.o(.text)
    USART_OneBitMethodCmd                    0x08004377   Thumb Code    24  stm32f4xx_usart.o(.text)
    USART_SendData                           0x0800438f   Thumb Code     8  stm32f4xx_usart.o(.text)
    USART_ReceiveData                        0x08004397   Thumb Code    10  stm32f4xx_usart.o(.text)
    USART_SetAddress                         0x080043a1   Thumb Code    18  stm32f4xx_usart.o(.text)
    USART_ReceiverWakeUpCmd                  0x080043b3   Thumb Code    24  stm32f4xx_usart.o(.text)
    USART_WakeUpConfig                       0x080043cb   Thumb Code    18  stm32f4xx_usart.o(.text)
    USART_LINBreakDetectLengthConfig         0x080043dd   Thumb Code    18  stm32f4xx_usart.o(.text)
    USART_LINCmd                             0x080043ef   Thumb Code    24  stm32f4xx_usart.o(.text)
    USART_SendBreak                          0x08004407   Thumb Code    10  stm32f4xx_usart.o(.text)
    USART_HalfDuplexCmd                      0x08004411   Thumb Code    24  stm32f4xx_usart.o(.text)
    USART_SetGuardTime                       0x08004429   Thumb Code    16  stm32f4xx_usart.o(.text)
    USART_SmartCardCmd                       0x08004439   Thumb Code    24  stm32f4xx_usart.o(.text)
    USART_SmartCardNACKCmd                   0x08004451   Thumb Code    24  stm32f4xx_usart.o(.text)
    USART_IrDAConfig                         0x08004469   Thumb Code    18  stm32f4xx_usart.o(.text)
    USART_IrDACmd                            0x0800447b   Thumb Code    24  stm32f4xx_usart.o(.text)
    USART_DMACmd                             0x08004493   Thumb Code    18  stm32f4xx_usart.o(.text)
    USART_ITConfig                           0x080044a5   Thumb Code    74  stm32f4xx_usart.o(.text)
    USART_GetFlagStatus                      0x080044ef   Thumb Code    26  stm32f4xx_usart.o(.text)
    USART_ClearFlag                          0x08004509   Thumb Code    18  stm32f4xx_usart.o(.text)
    USART_GetITStatus                        0x0800451b   Thumb Code   110  stm32f4xx_usart.o(.text)
    USART_ClearITPendingBit                  0x08004589   Thumb Code    30  stm32f4xx_usart.o(.text)
    Reset_Handler                            0x080045a9   Thumb Code     8  startup_stm32f4xx.o(.text)
    ADC_IRQHandler                           0x080045c3   Thumb Code     0  startup_stm32f4xx.o(.text)
    CAN1_RX1_IRQHandler                      0x080045c3   Thumb Code     0  startup_stm32f4xx.o(.text)
    CAN1_SCE_IRQHandler                      0x080045c3   Thumb Code     0  startup_stm32f4xx.o(.text)
    CAN1_TX_IRQHandler                       0x080045c3   Thumb Code     0  startup_stm32f4xx.o(.text)
    CAN2_RX0_IRQHandler                      0x080045c3   Thumb Code     0  startup_stm32f4xx.o(.text)
    CAN2_RX1_IRQHandler                      0x080045c3   Thumb Code     0  startup_stm32f4xx.o(.text)
    CAN2_SCE_IRQHandler                      0x080045c3   Thumb Code     0  startup_stm32f4xx.o(.text)
    CAN2_TX_IRQHandler                       0x080045c3   Thumb Code     0  startup_stm32f4xx.o(.text)
    CRYP_IRQHandler                          0x080045c3   Thumb Code     0  startup_stm32f4xx.o(.text)
    DCMI_IRQHandler                          0x080045c3   Thumb Code     0  startup_stm32f4xx.o(.text)
    DMA1_Stream0_IRQHandler                  0x080045c3   Thumb Code     0  startup_stm32f4xx.o(.text)
    DMA1_Stream1_IRQHandler                  0x080045c3   Thumb Code     0  startup_stm32f4xx.o(.text)
    DMA1_Stream2_IRQHandler                  0x080045c3   Thumb Code     0  startup_stm32f4xx.o(.text)
    DMA1_Stream3_IRQHandler                  0x080045c3   Thumb Code     0  startup_stm32f4xx.o(.text)
    DMA1_Stream4_IRQHandler                  0x080045c3   Thumb Code     0  startup_stm32f4xx.o(.text)
    DMA1_Stream5_IRQHandler                  0x080045c3   Thumb Code     0  startup_stm32f4xx.o(.text)
    DMA1_Stream6_IRQHandler                  0x080045c3   Thumb Code     0  startup_stm32f4xx.o(.text)
    DMA1_Stream7_IRQHandler                  0x080045c3   Thumb Code     0  startup_stm32f4xx.o(.text)
    DMA2_Stream0_IRQHandler                  0x080045c3   Thumb Code     0  startup_stm32f4xx.o(.text)
    DMA2_Stream1_IRQHandler                  0x080045c3   Thumb Code     0  startup_stm32f4xx.o(.text)
    DMA2_Stream2_IRQHandler                  0x080045c3   Thumb Code     0  startup_stm32f4xx.o(.text)
    DMA2_Stream3_IRQHandler                  0x080045c3   Thumb Code     0  startup_stm32f4xx.o(.text)
    DMA2_Stream4_IRQHandler                  0x080045c3   Thumb Code     0  startup_stm32f4xx.o(.text)
    DMA2_Stream5_IRQHandler                  0x080045c3   Thumb Code     0  startup_stm32f4xx.o(.text)
    DMA2_Stream6_IRQHandler                  0x080045c3   Thumb Code     0  startup_stm32f4xx.o(.text)
    DMA2_Stream7_IRQHandler                  0x080045c3   Thumb Code     0  startup_stm32f4xx.o(.text)
    ETH_WKUP_IRQHandler                      0x080045c3   Thumb Code     0  startup_stm32f4xx.o(.text)
    EXTI0_IRQHandler                         0x080045c3   Thumb Code     0  startup_stm32f4xx.o(.text)
    EXTI1_IRQHandler                         0x080045c3   Thumb Code     0  startup_stm32f4xx.o(.text)
    EXTI2_IRQHandler                         0x080045c3   Thumb Code     0  startup_stm32f4xx.o(.text)
    EXTI3_IRQHandler                         0x080045c3   Thumb Code     0  startup_stm32f4xx.o(.text)
    EXTI4_IRQHandler                         0x080045c3   Thumb Code     0  startup_stm32f4xx.o(.text)
    EXTI9_5_IRQHandler                       0x080045c3   Thumb Code     0  startup_stm32f4xx.o(.text)
    FLASH_IRQHandler                         0x080045c3   Thumb Code     0  startup_stm32f4xx.o(.text)
    FPU_IRQHandler                           0x080045c3   Thumb Code     0  startup_stm32f4xx.o(.text)
    FSMC_IRQHandler                          0x080045c3   Thumb Code     0  startup_stm32f4xx.o(.text)
    HASH_RNG_IRQHandler                      0x080045c3   Thumb Code     0  startup_stm32f4xx.o(.text)
    I2C1_ER_IRQHandler                       0x080045c3   Thumb Code     0  startup_stm32f4xx.o(.text)
    I2C1_EV_IRQHandler                       0x080045c3   Thumb Code     0  startup_stm32f4xx.o(.text)
    I2C2_ER_IRQHandler                       0x080045c3   Thumb Code     0  startup_stm32f4xx.o(.text)
    I2C2_EV_IRQHandler                       0x080045c3   Thumb Code     0  startup_stm32f4xx.o(.text)
    I2C3_ER_IRQHandler                       0x080045c3   Thumb Code     0  startup_stm32f4xx.o(.text)
    I2C3_EV_IRQHandler                       0x080045c3   Thumb Code     0  startup_stm32f4xx.o(.text)
    OTG_FS_IRQHandler                        0x080045c3   Thumb Code     0  startup_stm32f4xx.o(.text)
    OTG_FS_WKUP_IRQHandler                   0x080045c3   Thumb Code     0  startup_stm32f4xx.o(.text)
    OTG_HS_EP1_IN_IRQHandler                 0x080045c3   Thumb Code     0  startup_stm32f4xx.o(.text)
    OTG_HS_EP1_OUT_IRQHandler                0x080045c3   Thumb Code     0  startup_stm32f4xx.o(.text)
    OTG_HS_IRQHandler                        0x080045c3   Thumb Code     0  startup_stm32f4xx.o(.text)
    OTG_HS_WKUP_IRQHandler                   0x080045c3   Thumb Code     0  startup_stm32f4xx.o(.text)
    PVD_IRQHandler                           0x080045c3   Thumb Code     0  startup_stm32f4xx.o(.text)
    RCC_IRQHandler                           0x080045c3   Thumb Code     0  startup_stm32f4xx.o(.text)
    RTC_Alarm_IRQHandler                     0x080045c3   Thumb Code     0  startup_stm32f4xx.o(.text)
    RTC_WKUP_IRQHandler                      0x080045c3   Thumb Code     0  startup_stm32f4xx.o(.text)
    SDIO_IRQHandler                          0x080045c3   Thumb Code     0  startup_stm32f4xx.o(.text)
    SPI1_IRQHandler                          0x080045c3   Thumb Code     0  startup_stm32f4xx.o(.text)
    SPI2_IRQHandler                          0x080045c3   Thumb Code     0  startup_stm32f4xx.o(.text)
    SPI3_IRQHandler                          0x080045c3   Thumb Code     0  startup_stm32f4xx.o(.text)
    TAMP_STAMP_IRQHandler                    0x080045c3   Thumb Code     0  startup_stm32f4xx.o(.text)
    TIM1_BRK_TIM9_IRQHandler                 0x080045c3   Thumb Code     0  startup_stm32f4xx.o(.text)
    TIM1_CC_IRQHandler                       0x080045c3   Thumb Code     0  startup_stm32f4xx.o(.text)
    TIM1_TRG_COM_TIM11_IRQHandler            0x080045c3   Thumb Code     0  startup_stm32f4xx.o(.text)
    TIM1_UP_TIM10_IRQHandler                 0x080045c3   Thumb Code     0  startup_stm32f4xx.o(.text)
    TIM2_IRQHandler                          0x080045c3   Thumb Code     0  startup_stm32f4xx.o(.text)
    TIM3_IRQHandler                          0x080045c3   Thumb Code     0  startup_stm32f4xx.o(.text)
    TIM4_IRQHandler                          0x080045c3   Thumb Code     0  startup_stm32f4xx.o(.text)
    TIM5_IRQHandler                          0x080045c3   Thumb Code     0  startup_stm32f4xx.o(.text)
    TIM6_DAC_IRQHandler                      0x080045c3   Thumb Code     0  startup_stm32f4xx.o(.text)
    TIM7_IRQHandler                          0x080045c3   Thumb Code     0  startup_stm32f4xx.o(.text)
    TIM8_BRK_TIM12_IRQHandler                0x080045c3   Thumb Code     0  startup_stm32f4xx.o(.text)
    TIM8_CC_IRQHandler                       0x080045c3   Thumb Code     0  startup_stm32f4xx.o(.text)
    TIM8_TRG_COM_TIM14_IRQHandler            0x080045c3   Thumb Code     0  startup_stm32f4xx.o(.text)
    TIM8_UP_TIM13_IRQHandler                 0x080045c3   Thumb Code     0  startup_stm32f4xx.o(.text)
    UART4_IRQHandler                         0x080045c3   Thumb Code     0  startup_stm32f4xx.o(.text)
    UART5_IRQHandler                         0x080045c3   Thumb Code     0  startup_stm32f4xx.o(.text)
    USART6_IRQHandler                        0x080045c3   Thumb Code     0  startup_stm32f4xx.o(.text)
    WWDG_IRQHandler                          0x080045c3   Thumb Code     0  startup_stm32f4xx.o(.text)
    SystemInit                               0x080046a9   Thumb Code    88  system_stm32f4xx.o(.text)
    SystemCoreClockUpdate                    0x08004701   Thumb Code   174  system_stm32f4xx.o(.text)
    OS_CPU_SR_Save                           0x080047dd   Thumb Code     0  os_cpu_a.o(.text)
    OS_CPU_SR_Restore                        0x080047e5   Thumb Code     0  os_cpu_a.o(.text)
    OSStartHighRdy                           0x080047eb   Thumb Code     0  os_cpu_a.o(.text)
    OSCtxSw                                  0x0800480b   Thumb Code     0  os_cpu_a.o(.text)
    OSIntCtxSw                               0x08004815   Thumb Code     0  os_cpu_a.o(.text)
    OS_CPU_PendSVHandler                     0x0800481f   Thumb Code     0  os_cpu_a.o(.text)
    CPU_IntDisable                           0x08004879   Thumb Code     0  os_cpu_a.o(.text)
    CPU_IntEnable                            0x0800487d   Thumb Code     0  os_cpu_a.o(.text)
    OSInitHookBegin                          0x080048a1   Thumb Code     8  os_cpu_c.o(.text)
    OSInitHookEnd                            0x080048a9   Thumb Code     8  os_cpu_c.o(.text)
    OSTaskCreateHook                         0x080048b1   Thumb Code     2  os_cpu_c.o(.text)
    OSTaskDelHook                            0x080048b3   Thumb Code     2  os_cpu_c.o(.text)
    OSTaskIdleHook                           0x080048b5   Thumb Code     2  os_cpu_c.o(.text)
    OSTaskReturnHook                         0x080048b7   Thumb Code     2  os_cpu_c.o(.text)
    OSTaskStatHook                           0x080048b9   Thumb Code     2  os_cpu_c.o(.text)
    OSTaskStkInit                            0x080048bb   Thumb Code   210  os_cpu_c.o(.text)
    OSTaskSwHook                             0x0800498d   Thumb Code     2  os_cpu_c.o(.text)
    OSTCBInitHook                            0x0800498f   Thumb Code     2  os_cpu_c.o(.text)
    OS_CPU_SysTickHandler                    0x08004991   Thumb Code    34  os_cpu_c.o(.text)
    OS_CPU_SysTickInit                       0x080049b3   Thumb Code    42  os_cpu_c.o(.text)
    OS_StrLen                                0x080049e9   Thumb Code    20  os_core.o(.text)
    OSEventNameGet                           0x080049fd   Thumb Code    98  os_core.o(.text)
    OSEventNameSet                           0x08004a5f   Thumb Code    84  os_core.o(.text)
    OS_EventTaskRemoveMulti                  0x08004ab3   Thumb Code    58  os_core.o(.text)
    OS_Sched                                 0x08004b07   Thumb Code    88  os_core.o(.text)
    OS_EventTaskWaitMulti                    0x08004b5f   Thumb Code   136  os_core.o(.text)
    OSEventPendMulti                         0x08004be7   Thumb Code   712  os_core.o(.text)
    OS_TaskStatStkChk                        0x08004eaf   Thumb Code    54  os_core.o(.text)
    OS_TaskStat                              0x08004ee5   Thumb Code   114  os_core.o(.text)
    OS_TaskIdle                              0x08004f8b   Thumb Code    32  os_core.o(.text)
    OS_MemClr                                0x08004fdf   Thumb Code    18  os_core.o(.text)
    OSInit                                   0x080050cf   Thumb Code    48  os_core.o(.text)
    OSIntEnter                               0x080050ff   Thumb Code    44  os_core.o(.text)
    OSIntExit                                0x0800512b   Thumb Code   112  os_core.o(.text)
    OSSchedLock                              0x0800519b   Thumb Code    50  os_core.o(.text)
    OSSchedUnlock                            0x080051cd   Thumb Code   228  os_core.o(.text)
    OSStart                                  0x080052b1   Thumb Code    48  os_core.o(.text)
    OSStatInit                               0x080052e1   Thumb Code    62  os_core.o(.text)
    OSTimeTick                               0x0800531f   Thumb Code   206  os_core.o(.text)
    OSVersion                                0x080053ed   Thumb Code     6  os_core.o(.text)
    OS_Dummy                                 0x080053f3   Thumb Code     2  os_core.o(.text)
    OS_EventTaskRemove                       0x080053f5   Thumb Code    42  os_core.o(.text)
    OS_EventTaskRdy                          0x0800541f   Thumb Code   128  os_core.o(.text)
    OS_EventTaskWait                         0x0800549f   Thumb Code   112  os_core.o(.text)
    OS_EventWaitListInit                     0x0800550f   Thumb Code    28  os_core.o(.text)
    OS_MemCopy                               0x0800552b   Thumb Code    20  os_core.o(.text)
    OS_TCBInit                               0x0800553f   Thumb Code   282  os_core.o(.text)
    OSFlagAccept                             0x0800569d   Thumb Code   252  os_flag.o(.text)
    OSFlagCreate                             0x08005799   Thumb Code    86  os_flag.o(.text)
    OS_FlagUnlink                            0x080057ef   Thumb Code    36  os_flag.o(.text)
    OSFlagDel                                0x08005865   Thumb Code   214  os_flag.o(.text)
    OSFlagNameGet                            0x0800593b   Thumb Code    80  os_flag.o(.text)
    OSFlagNameSet                            0x0800598b   Thumb Code    66  os_flag.o(.text)
    OSFlagPend                               0x08005a65   Thumb Code   614  os_flag.o(.text)
    OSFlagPendGetFlagsRdy                    0x08005ccb   Thumb Code    26  os_flag.o(.text)
    OSFlagPost                               0x08005ce5   Thumb Code   312  os_flag.o(.text)
    OSFlagQuery                              0x08005e1d   Thumb Code    48  os_flag.o(.text)
    OS_FlagInit                              0x08005e4d   Thumb Code    64  os_flag.o(.text)
    OSMemCreate                              0x08005e99   Thumb Code   114  os_mem.o(.text)
    OSMemGet                                 0x08005f0b   Thumb Code    62  os_mem.o(.text)
    OSMemNameGet                             0x08005f49   Thumb Code    60  os_mem.o(.text)
    OSMemNameSet                             0x08005f85   Thumb Code    48  os_mem.o(.text)
    OSMemPut                                 0x08005fb5   Thumb Code    54  os_mem.o(.text)
    OSMemQuery                               0x08005feb   Thumb Code    52  os_mem.o(.text)
    OS_MemInit                               0x0800601f   Thumb Code    60  os_mem.o(.text)
    OSQAccept                                0x0800606d   Thumb Code    88  os_q.o(.text)
    OSQCreate                                0x080060c5   Thumb Code   144  os_q.o(.text)
    OSQDel                                   0x08006155   Thumb Code   244  os_q.o(.text)
    OSQFlush                                 0x08006249   Thumb Code    36  os_q.o(.text)
    OSQPend                                  0x0800626d   Thumb Code   278  os_q.o(.text)
    OSQPendAbort                             0x08006383   Thumb Code   128  os_q.o(.text)
    OSQPost                                  0x08006403   Thumb Code   114  os_q.o(.text)
    OSQPostFront                             0x08006475   Thumb Code   142  os_q.o(.text)
    OSQPostOpt                               0x08006503   Thumb Code   182  os_q.o(.text)
    OSQQuery                                 0x080065b9   Thumb Code    98  os_q.o(.text)
    OS_QInit                                 0x0800661b   Thumb Code    46  os_q.o(.text)
    OSTaskChangePrio                         0x08006651   Thumb Code   396  os_task.o(.text)
    OSTaskCreate                             0x080067dd   Thumb Code   148  os_task.o(.text)
    OS_TaskStkClr                            0x08006871   Thumb Code    26  os_task.o(.text)
    OSTaskCreateExt                          0x0800688b   Thumb Code   170  os_task.o(.text)
    OSTaskDel                                0x08006935   Thumb Code   352  os_task.o(.text)
    OSTaskDelReq                             0x08006a95   Thumb Code   100  os_task.o(.text)
    OSTaskNameGet                            0x08006af9   Thumb Code   114  os_task.o(.text)
    OSTaskNameSet                            0x08006b6b   Thumb Code    98  os_task.o(.text)
    OSTaskResume                             0x08006bcd   Thumb Code   154  os_task.o(.text)
    OSTaskStkChk                             0x08006c67   Thumb Code   132  os_task.o(.text)
    OSTaskSuspend                            0x08006ceb   Thumb Code   152  os_task.o(.text)
    OSTaskQuery                              0x08006d83   Thumb Code    82  os_task.o(.text)
    OSTaskRegGet                             0x08006dd5   Thumb Code    60  os_task.o(.text)
    OSTaskRegSet                             0x08006e11   Thumb Code    62  os_task.o(.text)
    OS_TaskReturn                            0x08006e4f   Thumb Code    18  os_task.o(.text)
    OSTimeDly                                0x08006e79   Thumb Code    92  os_time.o(.text)
    OSTimeDlyHMSM                            0x08006ed5   Thumb Code    76  os_time.o(.text)
    OSTimeDlyResume                          0x08006f21   Thumb Code   168  os_time.o(.text)
    OSTimeGet                                0x08006fc9   Thumb Code    24  os_time.o(.text)
    OSTimeSet                                0x08006fe1   Thumb Code    24  os_time.o(.text)
    autoip_init                              0x08007011   Thumb Code     2  autoip.o(.text)
    autoip_start                             0x080070b9   Thumb Code    96  autoip.o(.text)
    autoip_network_changed                   0x080071c9   Thumb Code    28  autoip.o(.text)
    autoip_stop                              0x080071e5   Thumb Code    20  autoip.o(.text)
    autoip_tmr                               0x080071f9   Thumb Code   262  autoip.o(.text)
    autoip_arp_reply                         0x080072ff   Thumb Code   176  autoip.o(.text)
    icmp_input                               0x080073d1   Thumb Code   368  icmp.o(.text)
    icmp_dest_unreach                        0x080075ad   Thumb Code    18  icmp.o(.text)
    icmp_time_exceeded                       0x080075bf   Thumb Code    18  icmp.o(.text)
    htonl                                    0x080075d1   Thumb Code    26  inet.o(.text)
    inet_aton                                0x080075eb   Thumb Code   336  inet.o(.text)
    inet_addr                                0x0800773b   Thumb Code    24  inet.o(.text)
    inet_ntoa                                0x08007753   Thumb Code   112  inet.o(.text)
    htons                                    0x080077c3   Thumb Code    12  inet.o(.text)
    ntohs                                    0x080077cf   Thumb Code    12  inet.o(.text)
    ntohl                                    0x080077db   Thumb Code    12  inet.o(.text)
    inet_chksum_pseudo                       0x08007837   Thumb Code   162  inet_chksum.o(.text)
    inet_chksum                              0x080078d9   Thumb Code    20  inet_chksum.o(.text)
    inet_chksum_pbuf                         0x080078ed   Thumb Code    86  inet_chksum.o(.text)
    ip_route                                 0x08007945   Thumb Code    70  ip.o(.text)
    ip_input                                 0x0800798b   Thumb Code   446  ip.o(.text)
    ip_output_if                             0x08007b49   Thumb Code   246  ip.o(.text)
    ip_output                                0x08007c3f   Thumb Code    52  ip.o(.text)
    ip_addr_isbroadcast                      0x08007c89   Thumb Code    78  ip_addr.o(.text)
    ip_reass_tmr                             0x08007d83   Thumb Code    48  ip_frag.o(.text)
    ip_reass                                 0x08007fdb   Thumb Code   410  ip_frag.o(.text)
    ip_frag                                  0x08008175   Thumb Code   326  ip_frag.o(.text)
    dhcp_renew                               0x08008853   Thumb Code   148  dhcp.o(.text)
    dhcp_coarse_tmr                          0x080089b9   Thumb Code    62  dhcp.o(.text)
    dhcp_release                             0x08008aab   Thumb Code   180  dhcp.o(.text)
    dhcp_fine_tmr                            0x08008cfb   Thumb Code    82  dhcp.o(.text)
    dhcp_stop                                0x08008e59   Thumb Code    60  dhcp.o(.text)
    dhcp_start                               0x08009049   Thumb Code   188  dhcp.o(.text)
    dhcp_inform                              0x08009105   Thumb Code   160  dhcp.o(.text)
    dhcp_network_changed                     0x080091a5   Thumb Code    82  dhcp.o(.text)
    dhcp_arp_reply                           0x08009283   Thumb Code    46  dhcp.o(.text)
    mem_init                                 0x08009339   Thumb Code    80  mem.o(.text)
    mem_free                                 0x08009389   Thumb Code    68  mem.o(.text)
    mem_realloc                              0x080093cd   Thumb Code   288  mem.o(.text)
    mem_malloc                               0x080094ed   Thumb Code   228  mem.o(.text)
    mem_calloc                               0x080095d1   Thumb Code    34  mem.o(.text)
    memp_init                                0x08009609   Thumb Code    82  memp.o(.text)
    memp_malloc                              0x0800965b   Thumb Code    40  memp.o(.text)
    memp_free                                0x08009683   Thumb Code    28  memp.o(.text)
    netif_set_gw                             0x080096b1   Thumb Code    12  netif.o(.text)
    netif_set_netmask                        0x080096bd   Thumb Code    12  netif.o(.text)
    netif_set_ipaddr                         0x080096c9   Thumb Code   110  netif.o(.text)
    netif_set_addr                           0x08009737   Thumb Code    40  netif.o(.text)
    netif_add                                0x0800975f   Thumb Code   100  netif.o(.text)
    netif_set_default                        0x080097c3   Thumb Code     6  netif.o(.text)
    netif_remove                             0x080097c9   Thumb Code    74  netif.o(.text)
    netif_find                               0x08009813   Thumb Code    64  netif.o(.text)
    netif_set_up                             0x08009853   Thumb Code    44  netif.o(.text)
    netif_set_down                           0x0800987f   Thumb Code    24  netif.o(.text)
    netif_is_up                              0x08009897   Thumb Code    12  netif.o(.text)
    pbuf_free                                0x080098b9   Thumb Code   110  pbuf.o(.text)
    pbuf_alloc                               0x08009927   Thumb Code   414  pbuf.o(.text)
    pbuf_realloc                             0x08009ac5   Thumb Code   120  pbuf.o(.text)
    pbuf_header                              0x08009b3d   Thumb Code   126  pbuf.o(.text)
    pbuf_clen                                0x08009bbb   Thumb Code    18  pbuf.o(.text)
    pbuf_ref                                 0x08009bcd   Thumb Code    10  pbuf.o(.text)
    pbuf_cat                                 0x08009bd7   Thumb Code    56  pbuf.o(.text)
    pbuf_chain                               0x08009c0f   Thumb Code    22  pbuf.o(.text)
    pbuf_dechain                             0x08009c25   Thumb Code    56  pbuf.o(.text)
    pbuf_copy                                0x08009c5d   Thumb Code   182  pbuf.o(.text)
    pbuf_copy_partial                        0x08009d13   Thumb Code   146  pbuf.o(.text)
    pbuf_take                                0x08009da5   Thumb Code   116  pbuf.o(.text)
    pbuf_coalesce                            0x08009e19   Thumb Code    60  pbuf.o(.text)
    raw_input                                0x08009e55   Thumb Code   100  raw.o(.text)
    raw_bind                                 0x08009eb9   Thumb Code    16  raw.o(.text)
    raw_connect                              0x08009ec9   Thumb Code    16  raw.o(.text)
    raw_recv                                 0x08009ed9   Thumb Code     6  raw.o(.text)
    raw_sendto                               0x08009edf   Thumb Code   154  raw.o(.text)
    raw_send                                 0x08009f79   Thumb Code    18  raw.o(.text)
    raw_remove                               0x08009f8b   Thumb Code    60  raw.o(.text)
    raw_new                                  0x08009fc7   Thumb Code    42  raw.o(.text)
    tcp_seg_free                             0x08009ff5   Thumb Code    32  tcp.o(.text)
    tcp_segs_free                            0x0800a015   Thumb Code    30  tcp.o(.text)
    tcp_pcb_purge                            0x0800a033   Thumb Code    54  tcp.o(.text)
    tcp_slowtmr                              0x0800a069   Thumb Code   712  tcp.o(.text)
    tcp_pcb_remove                           0x0800a331   Thumb Code   146  tcp.o(.text)
    tcp_close                                0x0800a3c3   Thumb Code   272  tcp.o(.text)
    tcp_update_rcv_ann_wnd                   0x0800a4d3   Thumb Code    72  tcp.o(.text)
    tcp_recved                               0x0800a51b   Thumb Code    70  tcp.o(.text)
    tcp_recv_null                            0x0800a561   Thumb Code    46  tcp.o(.text)
    tcp_fasttmr                              0x0800a58f   Thumb Code   114  tcp.o(.text)
    tcp_tmr                                  0x0800a601   Thumb Code    30  tcp.o(.text)
    tcp_abandon                              0x0800a61f   Thumb Code   148  tcp.o(.text)
    tcp_bind                                 0x0800a71b   Thumb Code   228  tcp.o(.text)
    tcp_listen_with_backlog                  0x0800a807   Thumb Code   192  tcp.o(.text)
    tcp_eff_send_mss                         0x0800a8c7   Thumb Code    46  tcp.o(.text)
    tcp_next_iss                             0x0800a8f5   Thumb Code    20  tcp.o(.text)
    tcp_connect                              0x0800a909   Thumb Code   308  tcp.o(.text)
    tcp_setprio                              0x0800aa3d   Thumb Code     4  tcp.o(.text)
    tcp_alloc                                0x0800aac3   Thumb Code   172  tcp.o(.text)
    tcp_new                                  0x0800ab6f   Thumb Code    10  tcp.o(.text)
    tcp_arg                                  0x0800ab79   Thumb Code     4  tcp.o(.text)
    tcp_recv                                 0x0800ab7d   Thumb Code     6  tcp.o(.text)
    tcp_sent                                 0x0800ab83   Thumb Code     6  tcp.o(.text)
    tcp_err                                  0x0800ab89   Thumb Code     6  tcp.o(.text)
    tcp_accept                               0x0800ab8f   Thumb Code     4  tcp.o(.text)
    tcp_poll                                 0x0800ab93   Thumb Code    10  tcp.o(.text)
    tcp_debug_state_str                      0x0800ab9d   Thumb Code    10  tcp.o(.text)
    tcp_input                                0x0800b9cd   Thumb Code  1118  tcp_in.o(.text)
    tcp_enqueue                              0x0800bee3   Thumb Code  1014  tcp_out.o(.text)
    tcp_send_ctrl                            0x0800c2d9   Thumb Code    28  tcp_out.o(.text)
    tcp_write                                0x0800c2f5   Thumb Code    72  tcp_out.o(.text)
    tcp_send_empty_ack                       0x0800c33d   Thumb Code    94  tcp_out.o(.text)
    tcp_output                               0x0800c45d   Thumb Code   474  tcp_out.o(.text)
    tcp_rst                                  0x0800c637   Thumb Code   170  tcp_out.o(.text)
    tcp_rexmit_rto                           0x0800c6e1   Thumb Code    58  tcp_out.o(.text)
    tcp_rexmit                               0x0800c71b   Thumb Code    80  tcp_out.o(.text)
    tcp_rexmit_fast                          0x0800c76b   Thumb Code   130  tcp_out.o(.text)
    tcp_keepalive                            0x0800c7ed   Thumb Code    82  tcp_out.o(.text)
    tcp_zero_window_probe                    0x0800c83f   Thumb Code   168  tcp_out.o(.text)
    udp_input                                0x0800c8e9   Thumb Code   452  udp.o(.text)
    udp_bind                                 0x0800caad   Thumb Code   106  udp.o(.text)
    udp_sendto_if                            0x0800cb17   Thumb Code   202  udp.o(.text)
    udp_sendto                               0x0800cbe1   Thumb Code    46  udp.o(.text)
    udp_send                                 0x0800cc0f   Thumb Code    20  udp.o(.text)
    udp_connect                              0x0800cc23   Thumb Code    94  udp.o(.text)
    udp_disconnect                           0x0800cc81   Thumb Code    28  udp.o(.text)
    udp_recv                                 0x0800cc9d   Thumb Code     6  udp.o(.text)
    udp_remove                               0x0800cca3   Thumb Code    60  udp.o(.text)
    udp_new                                  0x0800ccdf   Thumb Code    28  udp.o(.text)
    etharp_tmr                               0x0800cd2f   Thumb Code   154  etharp.o(.text)
    etharp_find_addr                         0x0800d0d5   Thumb Code    86  etharp.o(.text)
    etharp_ip_input                          0x0800d12b   Thumb Code    60  etharp.o(.text)
    etharp_arp_input                         0x0800d167   Thumb Code   340  etharp.o(.text)
    etharp_raw                               0x0800d2bb   Thumb Code   212  etharp.o(.text)
    etharp_request                           0x0800d38f   Thumb Code    36  etharp.o(.text)
    etharp_query                             0x0800d3b3   Thumb Code   386  etharp.o(.text)
    etharp_output                            0x0800d535   Thumb Code   190  etharp.o(.text)
    ethernet_input                           0x0800d5f3   Thumb Code   122  etharp.o(.text)
    ethernetif_input                         0x0800d7b1   Thumb Code    44  ethernetif.o(.text)
    ethernetif_init                          0x0800d7dd   Thumb Code    38  ethernetif.o(.text)
    ETH_DeInit                               0x0800d845   Thumb Code    22  stm32f4x7_eth.o(.text)
    ETH_StructInit                           0x0800d85b   Thumb Code   178  stm32f4x7_eth.o(.text)
    ETH_WritePHYRegister                     0x0800d90d   Thumb Code    96  stm32f4x7_eth.o(.text)
    ETH_ReadPHYRegister                      0x0800d96d   Thumb Code    98  stm32f4x7_eth.o(.text)
    ETH_Init                                 0x0800d9cf   Thumb Code   638  stm32f4x7_eth.o(.text)
    ETH_DMAReceptionCmd                      0x0800dc4d   Thumb Code    30  stm32f4x7_eth.o(.text)
    ETH_DMATransmissionCmd                   0x0800dc6b   Thumb Code    30  stm32f4x7_eth.o(.text)
    ETH_MACReceptionCmd                      0x0800dc89   Thumb Code    30  stm32f4x7_eth.o(.text)
    ETH_FlushTransmitFIFO                    0x0800dca7   Thumb Code    14  stm32f4x7_eth.o(.text)
    ETH_MACTransmissionCmd                   0x0800dcb5   Thumb Code    30  stm32f4x7_eth.o(.text)
    ETH_Start                                0x0800dcd3   Thumb Code    32  stm32f4x7_eth.o(.text)
    ETH_GetFlowControlBusyStatus             0x0800dcf3   Thumb Code    66  stm32f4x7_eth.o(.text)
    ETH_InitiatePauseControlFrame            0x0800dd35   Thumb Code    14  stm32f4x7_eth.o(.text)
    ETH_BackPressureActivationCmd            0x0800dd43   Thumb Code    30  stm32f4x7_eth.o(.text)
    ETH_GetMACFlagStatus                     0x0800dd61   Thumb Code    20  stm32f4x7_eth.o(.text)
    ETH_GetMACITStatus                       0x0800dd75   Thumb Code    20  stm32f4x7_eth.o(.text)
    ETH_MACITConfig                          0x0800dd89   Thumb Code    26  stm32f4x7_eth.o(.text)
    ETH_MACAddressConfig                     0x0800dda3   Thumb Code    46  stm32f4x7_eth.o(.text)
    ETH_GetMACAddress                        0x0800ddd1   Thumb Code    36  stm32f4x7_eth.o(.text)
    ETH_MACAddressPerfectFilterCmd           0x0800ddf5   Thumb Code    38  stm32f4x7_eth.o(.text)
    ETH_MACAddressFilterConfig               0x0800de1b   Thumb Code    40  stm32f4x7_eth.o(.text)
    ETH_MACAddressMaskBytesFilterConfig      0x0800de43   Thumb Code    32  stm32f4x7_eth.o(.text)
    ETH_Get_Received_Frame                   0x0800de63   Thumb Code    82  stm32f4x7_eth.o(.text)
    ETH_Get_Received_Frame_interrupt         0x0800deb5   Thumb Code   268  stm32f4x7_eth.o(.text)
    ETH_Prepare_Transmit_Descriptors         0x0800dfc1   Thumb Code   222  stm32f4x7_eth.o(.text)
    ETH_DMARxDescChainInit                   0x0800e09f   Thumb Code    82  stm32f4x7_eth.o(.text)
    ETH_CheckFrameReceived                   0x0800e0f1   Thumb Code   214  stm32f4x7_eth.o(.text)
    ETH_DMATxDescChainInit                   0x0800e1c7   Thumb Code    70  stm32f4x7_eth.o(.text)
    ETH_GetDMATxDescFlagStatus               0x0800e20d   Thumb Code    18  stm32f4x7_eth.o(.text)
    ETH_GetDMATxDescCollisionCount           0x0800e21f   Thumb Code    10  stm32f4x7_eth.o(.text)
    ETH_SetDMATxDescOwnBit                   0x0800e229   Thumb Code    10  stm32f4x7_eth.o(.text)
    ETH_DMATxDescTransmitITConfig            0x0800e233   Thumb Code    22  stm32f4x7_eth.o(.text)
    ETH_DMATxDescFrameSegmentConfig          0x0800e249   Thumb Code     8  stm32f4x7_eth.o(.text)
    ETH_DMATxDescChecksumInsertionConfig     0x0800e251   Thumb Code     8  stm32f4x7_eth.o(.text)
    ETH_DMATxDescCRCCmd                      0x0800e259   Thumb Code    22  stm32f4x7_eth.o(.text)
    ETH_DMATxDescSecondAddressChainedCmd     0x0800e26f   Thumb Code    22  stm32f4x7_eth.o(.text)
    ETH_DMATxDescShortFramePaddingCmd        0x0800e285   Thumb Code    22  stm32f4x7_eth.o(.text)
    ETH_DMATxDescBufferSizeConfig            0x0800e29b   Thumb Code    14  stm32f4x7_eth.o(.text)
    ETH_GetDMARxDescFlagStatus               0x0800e2a9   Thumb Code    18  stm32f4x7_eth.o(.text)
    ETH_GetDMAPTPRxDescExtendedFlagStatus    0x0800e2bb   Thumb Code    18  stm32f4x7_eth.o(.text)
    ETH_SetDMARxDescOwnBit                   0x0800e2cd   Thumb Code    10  stm32f4x7_eth.o(.text)
    ETH_GetDMARxDescFrameLength              0x0800e2d7   Thumb Code    10  stm32f4x7_eth.o(.text)
    ETH_DMARxDescReceiveITConfig             0x0800e2e1   Thumb Code    22  stm32f4x7_eth.o(.text)
    ETH_GetDMARxDescBufferSize               0x0800e2f7   Thumb Code    20  stm32f4x7_eth.o(.text)
    ETH_GetRxPktSize                         0x0800e30b   Thumb Code    42  stm32f4x7_eth.o(.text)
    ETH_EnhancedDescriptorCmd                0x0800e335   Thumb Code    30  stm32f4x7_eth.o(.text)
    ETH_SoftwareReset                        0x0800e353   Thumb Code    14  stm32f4x7_eth.o(.text)
    ETH_GetSoftwareResetStatus               0x0800e361   Thumb Code    20  stm32f4x7_eth.o(.text)
    ETH_GetDMAFlagStatus                     0x0800e375   Thumb Code    20  stm32f4x7_eth.o(.text)
    ETH_DMAClearFlag                         0x0800e389   Thumb Code     6  stm32f4x7_eth.o(.text)
    ETH_DMAITConfig                          0x0800e38f   Thumb Code    26  stm32f4x7_eth.o(.text)
    ETH_GetDMAITStatus                       0x0800e3a9   Thumb Code    20  stm32f4x7_eth.o(.text)
    ETH_DMAClearITPendingBit                 0x0800e3bd   Thumb Code     6  stm32f4x7_eth.o(.text)
    ETH_GetTransmitProcessState              0x0800e3c3   Thumb Code    10  stm32f4x7_eth.o(.text)
    ETH_GetReceiveProcessState               0x0800e3cd   Thumb Code    10  stm32f4x7_eth.o(.text)
    ETH_GetFlushTransmitFIFOStatus           0x0800e3d7   Thumb Code    20  stm32f4x7_eth.o(.text)
    ETH_GetDMAOverflowStatus                 0x0800e3eb   Thumb Code    20  stm32f4x7_eth.o(.text)
    ETH_GetRxOverflowMissedFrameCounter      0x0800e3ff   Thumb Code    10  stm32f4x7_eth.o(.text)
    ETH_GetBufferUnavailableMissedFrameCounter 0x0800e409   Thumb Code     8  stm32f4x7_eth.o(.text)
    ETH_GetCurrentTxDescStartAddress         0x0800e411   Thumb Code     6  stm32f4x7_eth.o(.text)
    ETH_GetCurrentRxDescStartAddress         0x0800e417   Thumb Code     6  stm32f4x7_eth.o(.text)
    ETH_GetCurrentTxBufferAddress            0x0800e41d   Thumb Code     6  stm32f4x7_eth.o(.text)
    ETH_GetCurrentRxBufferAddress            0x0800e423   Thumb Code     6  stm32f4x7_eth.o(.text)
    ETH_ResumeDMATransmission                0x0800e429   Thumb Code     8  stm32f4x7_eth.o(.text)
    ETH_ResumeDMAReception                   0x0800e431   Thumb Code     8  stm32f4x7_eth.o(.text)
    ETH_SetReceiveWatchdogTimer              0x0800e439   Thumb Code     6  stm32f4x7_eth.o(.text)
    ETH_PHYLoopBackCmd                       0x0800e43f   Thumb Code    52  stm32f4x7_eth.o(.text)
    ETH_ResetWakeUpFrameFilterRegisterPointer 0x0800e473   Thumb Code    14  stm32f4x7_eth.o(.text)
    ETH_SetWakeUpFrameFilterRegister         0x0800e481   Thumb Code    24  stm32f4x7_eth.o(.text)
    ETH_GlobalUnicastWakeUpCmd               0x0800e499   Thumb Code    30  stm32f4x7_eth.o(.text)
    ETH_GetPMTFlagStatus                     0x0800e4b7   Thumb Code    20  stm32f4x7_eth.o(.text)
    ETH_WakeUpFrameDetectionCmd              0x0800e4cb   Thumb Code    30  stm32f4x7_eth.o(.text)
    ETH_MagicPacketDetectionCmd              0x0800e4e9   Thumb Code    30  stm32f4x7_eth.o(.text)
    ETH_PowerDownCmd                         0x0800e507   Thumb Code    50  stm32f4x7_eth.o(.text)
    ETH_MMCCounterFullPreset                 0x0800e539   Thumb Code    16  stm32f4x7_eth.o(.text)
    ETH_MMCCounterHalfPreset                 0x0800e549   Thumb Code    30  stm32f4x7_eth.o(.text)
    ETH_MMCCounterFreezeCmd                  0x0800e567   Thumb Code    34  stm32f4x7_eth.o(.text)
    ETH_MMCResetOnReadCmd                    0x0800e589   Thumb Code    34  stm32f4x7_eth.o(.text)
    ETH_MMCCounterRolloverCmd                0x0800e5ab   Thumb Code    34  stm32f4x7_eth.o(.text)
    ETH_MMCCountersReset                     0x0800e5cd   Thumb Code    16  stm32f4x7_eth.o(.text)
    ETH_MMCITConfig                          0x0800e5dd   Thumb Code    78  stm32f4x7_eth.o(.text)
    ETH_GetMMCITStatus                       0x0800e62b   Thumb Code    66  stm32f4x7_eth.o(.text)
    ETH_GetMMCRegister                       0x0800e66d   Thumb Code     8  stm32f4x7_eth.o(.text)
    __aeabi_memcpy                           0x0800e67d   Thumb Code    36  memcpya.o(.text)
    __aeabi_memcpy4                          0x0800e67d   Thumb Code     0  memcpya.o(.text)
    __aeabi_memcpy8                          0x0800e67d   Thumb Code     0  memcpya.o(.text)
    __aeabi_memset                           0x0800e6a1   Thumb Code    14  memseta.o(.text)
    __aeabi_memset4                          0x0800e6a1   Thumb Code     0  memseta.o(.text)
    __aeabi_memset8                          0x0800e6a1   Thumb Code     0  memseta.o(.text)
    __aeabi_memclr                           0x0800e6af   Thumb Code     4  memseta.o(.text)
    __aeabi_memclr4                          0x0800e6af   Thumb Code     0  memseta.o(.text)
    __aeabi_memclr8                          0x0800e6af   Thumb Code     0  memseta.o(.text)
    _memset$wrapper                          0x0800e6b3   Thumb Code    18  memseta.o(.text)
    memcmp                                   0x0800e6c5   Thumb Code    26  memcmp.o(.text)
    __aeabi_uldivmod                         0x0800e6df   Thumb Code    98  uldiv.o(.text)
    __scatterload                            0x0800e741   Thumb Code    28  init.o(.text)
    __scatterload_rt2                        0x0800e741   Thumb Code     0  init.o(.text)
    __aeabi_llsl                             0x0800e765   Thumb Code    30  llshl.o(.text)
    _ll_shift_l                              0x0800e765   Thumb Code     0  llshl.o(.text)
    __aeabi_llsr                             0x0800e783   Thumb Code    32  llushr.o(.text)
    _ll_ushift_r                             0x0800e783   Thumb Code     0  llushr.o(.text)
    __decompress                             0x0800e7a3   Thumb Code     0  __dczerorl2.o(.text)
    __decompress1                            0x0800e7a3   Thumb Code    86  __dczerorl2.o(.text)
    __0printf$8                              0x0800e7f9   Thumb Code    22  printf8.o(i.__0printf$8)
    __1printf$8                              0x0800e7f9   Thumb Code     0  printf8.o(i.__0printf$8)
    __2printf                                0x0800e7f9   Thumb Code     0  printf8.o(i.__0printf$8)
    __scatterload_copy                       0x0800e819   Thumb Code    14  handlers.o(i.__scatterload_copy)
    __scatterload_null                       0x0800e827   Thumb Code     2  handlers.o(i.__scatterload_null)
    __scatterload_zeroinit                   0x0800e829   Thumb Code    14  handlers.o(i.__scatterload_zeroinit)
    CAN_baud_table                           0x0800ec9c   Data         360  can.o(.constdata)
    OSUnMapTbl                               0x0800ee04   Data         256  os_core.o(.constdata)
    ip_addr_any                              0x0800ef04   Data           4  ip_addr.o(.constdata)
    ip_addr_broadcast                        0x0800ef08   Data           4  ip_addr.o(.constdata)
    tcp_backoff                              0x0800ef30   Data          13  tcp.o(.constdata)
    tcp_persist_backoff                      0x0800ef3d   Data           7  tcp.o(.constdata)
    ethbroadcast                             0x0800ef44   Data           6  etharp.o(.constdata)
    ethzero                                  0x0800ef4a   Data           6  etharp.o(.constdata)
    Region$$Table$$Base                      0x0800f010   Number         0  anon$$obj.o(Region$$Table)
    Region$$Table$$Limit                     0x0800f030   Number         0  anon$$obj.o(Region$$Table)
    tafficlight_dbg_level                    0x20000000   Data           4  main.o(.data)
    g_online_num                             0x20000004   Data           1  trafficlight.o(.data)
    start_led                                0x20000005   Data           1  trafficlight.o(.data)
    start_time                               0x20000006   Data           1  trafficlight.o(.data)
    start_ticks_qi                           0x20000008   Data           4  trafficlight.o(.data)
    TCPTimer                                 0x2000000c   Data           4  netconf.o(.data)
    ARPTimer                                 0x20000010   Data           4  netconf.o(.data)
    IPaddress                                0x20000014   Data           4  netconf.o(.data)
    __stdout                                 0x20000018   Data           4  sci.o(.data)
    USART_RX_STA                             0x2000001c   Data           2  sci.o(.data)
    USART3_RX_STA                            0x2000001e   Data           2  sci.o(.data)
    RS485_REC_Flag                           0x20000020   Data           1  sci.o(.data)
    RS485_rec_counter                        0x20000024   Data           4  sci.o(.data)
    send_buf                                 0x20000028   Data          20  sci.o(.data)
    CAN1_data                                0x2000003c   Data           8  can.o(.data)
    can1_rec_flag                            0x20000044   Data           1  can.o(.data)
    g_accept_num                             0x20000046   Data           1  tcp_server.o(.data)
    g_tcp_num                                0x20000048   Data           6  tcp_server.o(.data)
    SystemCoreClock                          0x20000060   Data           4  system_stm32f4xx.o(.data)
    AHBPrescTable                            0x20000064   Data          16  system_stm32f4xx.o(.data)
    OSCtxSwCtr                               0x20000074   Data           4  os_core.o(.data)
    OSEventFreeList                          0x20000078   Data           4  os_core.o(.data)
    OSFlagFreeList                           0x2000007c   Data           4  os_core.o(.data)
    OSCPUUsage                               0x20000080   Data           1  os_core.o(.data)
    OSIdleCtrMax                             0x20000084   Data           4  os_core.o(.data)
    OSIdleCtrRun                             0x20000088   Data           4  os_core.o(.data)
    OSStatRdy                                0x2000008c   Data           1  os_core.o(.data)
    OSIntNesting                             0x2000008d   Data           1  os_core.o(.data)
    OSLockNesting                            0x2000008e   Data           1  os_core.o(.data)
    OSPrioCur                                0x2000008f   Data           1  os_core.o(.data)
    OSPrioHighRdy                            0x20000090   Data           1  os_core.o(.data)
    OSRdyGrp                                 0x20000091   Data           1  os_core.o(.data)
    OSRdyTbl                                 0x20000092   Data           8  os_core.o(.data)
    OSRunning                                0x2000009a   Data           1  os_core.o(.data)
    OSTaskCtr                                0x2000009b   Data           1  os_core.o(.data)
    OSIdleCtr                                0x2000009c   Data           4  os_core.o(.data)
    OSTCBCur                                 0x200000a0   Data           4  os_core.o(.data)
    OSTCBFreeList                            0x200000a4   Data           4  os_core.o(.data)
    OSTCBHighRdy                             0x200000a8   Data           4  os_core.o(.data)
    OSTCBList                                0x200000ac   Data           4  os_core.o(.data)
    OSTickStepState                          0x200000b0   Data           1  os_core.o(.data)
    OSMemFreeList                            0x200000b4   Data           4  os_core.o(.data)
    OSQFreeList                              0x200000b8   Data           4  os_core.o(.data)
    OSTime                                   0x200000bc   Data           4  os_core.o(.data)
    current_netif                            0x200000c0   Data           4  ip.o(.data)
    current_header                           0x200000c4   Data           4  ip.o(.data)
    netif_list                               0x200000e8   Data           4  netif.o(.data)
    netif_default                            0x200000ec   Data           4  netif.o(.data)
    tcp_state_str                            0x200000f8   Data          44  tcp.o(.data)
    tcp_ticks                                0x20000124   Data           4  tcp.o(.data)
    tcp_bound_pcbs                           0x20000128   Data           4  tcp.o(.data)
    tcp_listen_pcbs                          0x2000012c   Data           4  tcp.o(.data)
    tcp_active_pcbs                          0x20000130   Data           4  tcp.o(.data)
    tcp_tw_pcbs                              0x20000134   Data           4  tcp.o(.data)
    tcp_tmp_pcb                              0x20000138   Data           4  tcp.o(.data)
    tcp_input_pcb                            0x20000160   Data           4  tcp_in.o(.data)
    udp_pcbs                                 0x20000164   Data           4  udp.o(.data)
    DMATxDescToSet                           0x2000016c   Data           4  stm32f4x7_eth.o(.data)
    DMARxDescToGet                           0x20000170   Data           4  stm32f4x7_eth.o(.data)
    DMA_RX_FRAME_infos                       0x20000174   Data           4  stm32f4x7_eth.o(.data)
    Frame_Rx_index                           0x20000178   Data           4  stm32f4x7_eth.o(.data)
    Stk_TaskStartUp                          0x2000017c   Data         400  main.o(.bss)
    Stk_Task_LED                             0x2000030c   Data        1600  task_trafficlight.o(.bss)
    Stk_Task_TRAFFIC                         0x2000094c   Data        1600  task_trafficlight.o(.bss)
    Stk_Task_UDP_Client                      0x20000f8c   Data        8000  task_trafficlight.o(.bss)
    Stk_Task_QIJUN                           0x20002ecc   Data        1600  task_trafficlight.o(.bss)
    g_trafficlight                           0x2000350c   Data         384  trafficlight.o(.bss)
    g_online                                 0x2000368c   Data          24  trafficlight.o(.bss)
    netif                                    0x20003fe8   Data          56  netconf.o(.bss)
    USART_RX_BUF                             0x20004020   Data         200  sci.o(.bss)
    USART3_RX_BUF                            0x200040e8   Data         200  sci.o(.bss)
    RS485_buff                               0x200041b0   Data         100  sci.o(.bss)
    g_rbuffer                                0x20004214   Data         302  ring_buffer.o(.bss)
    g_pcb                                    0x20004344   Data          12  tcp_server.o(.bss)
    OSEventTbl                               0x20004350   Data         240  os_core.o(.bss)
    OSFlagTbl                                0x20004440   Data          80  os_core.o(.bss)
    OSTaskStatStk                            0x20004490   Data         512  os_core.o(.bss)
    OSTaskIdleStk                            0x20004690   Data         512  os_core.o(.bss)
    OSTCBPrioTbl                             0x20004890   Data         256  os_core.o(.bss)
    OSTCBTbl                                 0x20004990   Data        1936  os_core.o(.bss)
    OSMemTbl                                 0x20005120   Data         120  os_core.o(.bss)
    OSQTbl                                   0x20005198   Data          96  os_core.o(.bss)
    DMARxDscrTab                             0x2000a510   Data         128  stm32f4x7_eth.o(.bss)
    DMATxDscrTab                             0x2000a590   Data          64  stm32f4x7_eth.o(.bss)
    Rx_Buff                                  0x2000a5d0   Data        6096  stm32f4x7_eth.o(.bss)
    Tx_Buff                                  0x2000bda0   Data        3048  stm32f4x7_eth.o(.bss)
    RX_Frame_Descriptor                      0x2000c988   Data          12  stm32f4x7_eth.o(.bss)
    __initial_sp                             0x2000cd98   Data           0  startup_stm32f4xx.o(STACK)



==============================================================================

Memory Map of the image

  Image Entry point : 0x08000189

  Load Region LR_IROM1 (Base: 0x08000000, Size: 0x0000f1ac, Max: 0x00080000, ABSOLUTE, COMPRESSED[0x0000f08c])

    Execution Region ER_IROM1 (Base: 0x08000000, Size: 0x0000f030, Max: 0x00080000, ABSOLUTE)

    Base Addr    Size         Type   Attr      Idx    E Section Name        Object

    0x08000000   0x00000188   Data   RO         1209    RESET               startup_stm32f4xx.o
    0x08000188   0x00000000   Code   RO         1943  * .ARM.Collect$$$$00000000  mc_w.l(entry.o)
    0x08000188   0x00000004   Code   RO         2215    .ARM.Collect$$$$00000001  mc_w.l(entry2.o)
    0x0800018c   0x00000004   Code   RO         2218    .ARM.Collect$$$$00000004  mc_w.l(entry5.o)
    0x08000190   0x00000000   Code   RO         2220    .ARM.Collect$$$$00000008  mc_w.l(entry7b.o)
    0x08000190   0x00000000   Code   RO         2222    .ARM.Collect$$$$0000000A  mc_w.l(entry8b.o)
    0x08000190   0x00000008   Code   RO         2223    .ARM.Collect$$$$0000000B  mc_w.l(entry9a.o)
    0x08000198   0x00000000   Code   RO         2225    .ARM.Collect$$$$0000000D  mc_w.l(entry10a.o)
    0x08000198   0x00000000   Code   RO         2227    .ARM.Collect$$$$0000000F  mc_w.l(entry11a.o)
    0x08000198   0x00000004   Code   RO         2216    .ARM.Collect$$$$00002712  mc_w.l(entry2.o)
    0x0800019c   0x00000234   Code   RO            2    .text               main.o
    0x080003d0   0x00000190   Code   RO          291    .text               task_trafficlight.o
    0x08000560   0x00001020   Code   RO          329    .text               trafficlight.o
    0x08001580   0x00000a40   Code   RO          352    .text               qijun_parse.o
    0x08001fc0   0x00000034   Code   RO          375    .text               led.o
    0x08001ff4   0x00000018   Code   RO          391    .text               bsp_global.o
    0x0800200c   0x000000aa   Code   RO          407    .text               nvic.o
    0x080020b6   0x00000002   PAD
    0x080020b8   0x000001ec   Code   RO          423    .text               stm32f4x7_eth_bsp.o
    0x080022a4   0x000000a8   Code   RO          443    .text               netconf.o
    0x0800234c   0x00000058   Code   RO          495    .text               stm32f4xx_it.o
    0x080023a4   0x0000055c   Code   RO          536    .text               sci.o
    0x08002900   0x000001e4   Code   RO          568    .text               can.o
    0x08002ae4   0x00000150   Code   RO          592    .text               drv_trafficlight.o
    0x08002c34   0x000000a8   Code   RO          656    .text               ring_buffer.o
    0x08002cdc   0x00000170   Code   RO          675    .text               tcp_server.o
    0x08002e4c   0x000000e0   Code   RO          710    .text               misc.o
    0x08002f2c   0x000009f0   Code   RO          742    .text               stm32f4xx_can.o
    0x0800391c   0x0000025c   Code   RO          950    .text               stm32f4xx_gpio.o
    0x08003b78   0x00000588   Code   RO         1062    .text               stm32f4xx_rcc.o
    0x08004100   0x0000008c   Code   RO         1144    .text               stm32f4xx_syscfg.o
    0x0800418c   0x0000041a   Code   RO         1176    .text               stm32f4xx_usart.o
    0x080045a6   0x00000002   PAD
    0x080045a8   0x00000024   Code   RO         1210    .text               startup_stm32f4xx.o
    0x080045cc   0x00000210   Code   RO         1215    .text               system_stm32f4xx.o
    0x080047dc   0x000000c4   Code   RO         1236    .text               os_cpu_a.o
    0x080048a0   0x00000148   Code   RO         1240    .text               os_cpu_c.o
    0x080049e8   0x00000cb4   Code   RO         1278    .text               os_core.o
    0x0800569c   0x000007fc   Code   RO         1302    .text               os_flag.o
    0x08005e98   0x000001d4   Code   RO         1334    .text               os_mem.o
    0x0800606c   0x000005e4   Code   RO         1366    .text               os_q.o
    0x08006650   0x00000828   Code   RO         1398    .text               os_task.o
    0x08006e78   0x00000198   Code   RO         1414    .text               os_time.o
    0x08007010   0x000003c0   Code   RO         1490    .text               autoip.o
    0x080073d0   0x00000200   Code   RO         1513    .text               icmp.o
    0x080075d0   0x0000021c   Code   RO         1540    .text               inet.o
    0x080077ec   0x00000156   Code   RO         1553    .text               inet_chksum.o
    0x08007942   0x00000002   PAD
    0x08007944   0x00000344   Code   RO         1572    .text               ip.o
    0x08007c88   0x0000004e   Code   RO         1602    .text               ip_addr.o
    0x08007cd6   0x00000002   PAD
    0x08007cd8   0x000005ec   Code   RO         1624    .text               ip_frag.o
    0x080082c4   0x00000ff8   Code   RO         1642    .text               dhcp.o
    0x080092bc   0x0000034c   Code   RO         1696    .text               mem.o
    0x08009608   0x000000a8   Code   RO         1711    .text               memp.o
    0x080096b0   0x00000208   Code   RO         1738    .text               netif.o
    0x080098b8   0x0000059c   Code   RO         1760    .text               pbuf.o
    0x08009e54   0x000001a0   Code   RO         1772    .text               raw.o
    0x08009ff4   0x00000bd0   Code   RO         1798    .text               tcp.o
    0x0800abc4   0x00001294   Code   RO         1819    .text               tcp_in.o
    0x0800be58   0x00000a8e   Code   RO         1839    .text               tcp_out.o
    0x0800c8e6   0x00000002   PAD
    0x0800c8e8   0x0000041c   Code   RO         1851    .text               udp.o
    0x0800cd04   0x00000968   Code   RO         1880    .text               etharp.o
    0x0800d66c   0x000001bc   Code   RO         1907    .text               ethernetif.o
    0x0800d828   0x00000e54   Code   RO         1924    .text               stm32f4x7_eth.o
    0x0800e67c   0x00000024   Code   RO         1946    .text               mc_w.l(memcpya.o)
    0x0800e6a0   0x00000024   Code   RO         1948    .text               mc_w.l(memseta.o)
    0x0800e6c4   0x0000001a   Code   RO         1950    .text               mc_w.l(memcmp.o)
    0x0800e6de   0x00000062   Code   RO         2231    .text               mc_w.l(uldiv.o)
    0x0800e740   0x00000024   Code   RO         2244    .text               mc_w.l(init.o)
    0x0800e764   0x0000001e   Code   RO         2246    .text               mc_w.l(llshl.o)
    0x0800e782   0x00000020   Code   RO         2248    .text               mc_w.l(llushr.o)
    0x0800e7a2   0x00000056   Code   RO         2262    .text               mc_w.l(__dczerorl2.o)
    0x0800e7f8   0x00000020   Code   RO         2161    i.__0printf$8       mc_w.l(printf8.o)
    0x0800e818   0x0000000e   Code   RO         2256    i.__scatterload_copy  mc_w.l(handlers.o)
    0x0800e826   0x00000002   Code   RO         2257    i.__scatterload_null  mc_w.l(handlers.o)
    0x0800e828   0x0000000e   Code   RO         2258    i.__scatterload_zeroinit  mc_w.l(handlers.o)
    0x0800e836   0x00000002   PAD
    0x0800e838   0x00000410   Code   RO         2168    i._printf_core      mc_w.l(printf8.o)
    0x0800ec48   0x00000024   Code   RO         2169    i._printf_post_padding  mc_w.l(printf8.o)
    0x0800ec6c   0x0000002e   Code   RO         2170    i._printf_pre_padding  mc_w.l(printf8.o)
    0x0800ec9a   0x00000002   PAD
    0x0800ec9c   0x00000168   Data   RO          569    .constdata          can.o
    0x0800ee04   0x00000100   Data   RO         1280    .constdata          os_core.o
    0x0800ef04   0x00000008   Data   RO         1603    .constdata          ip_addr.o
    0x0800ef0c   0x00000024   Data   RO         1713    .constdata          memp.o
    0x0800ef30   0x00000014   Data   RO         1799    .constdata          tcp.o
    0x0800ef44   0x0000000c   Data   RO         1882    .constdata          etharp.o
    0x0800ef50   0x00000048   Data   RO          354    .conststring        qijun_parse.o
    0x0800ef98   0x00000075   Data   RO         1800    .conststring        tcp.o
    0x0800f00d   0x00000003   PAD
    0x0800f010   0x00000020   Data   RO         2254    Region$$Table       anon$$obj.o


    Execution Region RW_IRAM1 (Base: 0x20000000, Size: 0x0000cd98, Max: 0x00020000, ABSOLUTE, COMPRESSED[0x0000005c])

    Base Addr    Size         Type   Attr      Idx    E Section Name        Object

    0x20000000   0x00000004   Data   RW            4    .data               main.o
    0x20000004   0x00000008   Data   RW          331    .data               trafficlight.o
    0x2000000c   0x0000000c   Data   RW          445    .data               netconf.o
    0x20000018   0x00000024   Data   RW          538    .data               sci.o
    0x2000003c   0x00000009   Data   RW          570    .data               can.o
    0x20000045   0x00000001   PAD
    0x20000046   0x00000008   Data   RW          677    .data               tcp_server.o
    0x2000004e   0x00000010   Data   RW         1063    .data               stm32f4xx_rcc.o
    0x2000005e   0x00000002   PAD
    0x20000060   0x00000014   Data   RW         1216    .data               system_stm32f4xx.o
    0x20000074   0x0000004c   Data   RW         1281    .data               os_core.o
    0x200000c0   0x0000000a   Data   RW         1573    .data               ip.o
    0x200000ca   0x00000002   PAD
    0x200000cc   0x00000006   Data   RW         1626    .data               ip_frag.o
    0x200000d2   0x00000002   PAD
    0x200000d4   0x00000004   Data   RW         1643    .data               dhcp.o
    0x200000d8   0x0000000d   Data   RW         1698    .data               mem.o
    0x200000e5   0x00000003   PAD
    0x200000e8   0x00000009   Data   RW         1739    .data               netif.o
    0x200000f1   0x00000003   PAD
    0x200000f4   0x00000004   Data   RW         1773    .data               raw.o
    0x200000f8   0x0000004c   Data   RW         1801    .data               tcp.o
    0x20000144   0x00000020   Data   RW         1821    .data               tcp_in.o
    0x20000164   0x00000004   Data   RW         1852    .data               udp.o
    0x20000168   0x00000001   Data   RW         1883    .data               etharp.o
    0x20000169   0x00000003   PAD
    0x2000016c   0x00000010   Data   RW         1926    .data               stm32f4x7_eth.o
    0x2000017c   0x00000190   Zero   RW            3    .bss                main.o
    0x2000030c   0x00003200   Zero   RW          292    .bss                task_trafficlight.o
    0x2000350c   0x00000198   Zero   RW          330    .bss                trafficlight.o
    0x200036a4   0x00000944   Zero   RW          353    .bss                qijun_parse.o
    0x20003fe8   0x00000038   Zero   RW          444    .bss                netconf.o
    0x20004020   0x000001f4   Zero   RW          537    .bss                sci.o
    0x20004214   0x0000012e   Zero   RW          657    .bss                ring_buffer.o
    0x20004342   0x00000002   PAD
    0x20004344   0x0000000c   Zero   RW          676    .bss                tcp_server.o
    0x20004350   0x00000ea8   Zero   RW         1279    .bss                os_core.o
    0x200051f8   0x00000010   Zero   RW         1541    .bss                inet.o
    0x20005208   0x000005e0   Zero   RW         1625    .bss                ip_frag.o
    0x200057e8   0x00002814   Zero   RW         1697    .bss                mem.o
    0x20007ffc   0x00002437   Zero   RW         1712    .bss                memp.o
    0x2000a433   0x00000001   PAD
    0x2000a434   0x00000014   Zero   RW         1820    .bss                tcp_in.o
    0x2000a448   0x000000c8   Zero   RW         1881    .bss                etharp.o
    0x2000a510   0x00002484   Zero   RW         1925    .bss                stm32f4x7_eth.o
    0x2000c994   0x00000004   PAD
    0x2000c998   0x00000400   Zero   RW         1207    STACK               startup_stm32f4xx.o


==============================================================================

Image component sizes


      Code (inc. data)   RO Data    RW Data    ZI Data      Debug   Object Name

       960         34          0          0          0       6977   autoip.o
        24          0          0          0          0        511   bsp_global.o
       484         24        360          9          0       2581   can.o
      4088         48          0          4          0      15695   dhcp.o
       336          8          0          0          0       1082   drv_trafficlight.o
      2408         22         12          1        200      10170   etharp.o
       444         38          0          0          0       3128   ethernetif.o
       512          0          0          0          0       2814   icmp.o
       540         12          0          0         16       3528   inet.o
       342          0          0          0          0       5574   inet_chksum.o
       836         22          0         10          0       7094   ip.o
        78          0          8          0          0       5893   ip_addr.o
      1516         18          0          6       1504       6888   ip_frag.o
        52          4          0          0          0        552   led.o
       564        298          0          4        400     335100   main.o
       844         22          0         13      10260       4118   mem.o
       168         18         36          0       9271       2590   memp.o
       224         20          0          0          0       1901   misc.o
       168         26          0         12         56       9882   netconf.o
       520         22          0          9          0       6000   netif.o
       170          0          0          0          0        641   nvic.o
      3252        276        256         76       3752      20151   os_core.o
       196         32          0          0          0        352   os_cpu_a.o
       328         12          0          0          0       3504   os_cpu_c.o
      2044         40          0          0          0       7252   os_flag.o
       468         18          0          0          0       3320   os_mem.o
      1508         34          0          0          0       5821   os_q.o
      2088         68          0          0          0       8101   os_task.o
       408         24          0          0          0       1894   os_time.o
      1436          0          0          0          0       6168   pbuf.o
      2624        532         72          0       2372       7312   qijun_parse.o
       416          4          0          4          0       3813   raw.o
       168          6          0          0        302       1768   ring_buffer.o
      1372        100          0         36        500       6251   sci.o
        36          8        392          0       1024        880   startup_stm32f4xx.o
      3668         98          0         16       9348      20332   stm32f4x7_eth.o
       492         26          0          0          0      19668   stm32f4x7_eth_bsp.o
      2544         38          0          0          0       8232   stm32f4xx_can.o
       604         36          0          0          0       4209   stm32f4xx_gpio.o
        88          4          0          0          0       1558   stm32f4xx_it.o
      1416         48          0         16          0      11159   stm32f4xx_rcc.o
       140         12          0          0          0       1719   stm32f4xx_syscfg.o
      1050         26          0          0          0       7944   stm32f4xx_usart.o
       528         46          0         20          0       1955   system_stm32f4xx.o
       400         92          0          0      12800       3513   task_trafficlight.o
      3024        114        137         76          0      18656   tcp.o
      4756        214          0         32         20      13636   tcp_in.o
      2702         12          0          0          0       7386   tcp_out.o
       368         72          0          8         12       2069   tcp_server.o
      4128       1442          0          8        408       5602   trafficlight.o
      1052         10          0          4          0      14343   udp.o

    ----------------------------------------------------------------------
     58592       4080       1308        380      52252     651287   Object Totals
         0          0         32          0          0          0   (incl. Generated)
        10          0          3         16          7          0   (incl. Padding)

    ----------------------------------------------------------------------

      Code (inc. data)   RO Data    RW Data    ZI Data      Debug   Library Member Name

        86          0          0          0          0          0   __dczerorl2.o
         0          0          0          0          0          0   entry.o
         0          0          0          0          0          0   entry10a.o
         0          0          0          0          0          0   entry11a.o
         8          4          0          0          0          0   entry2.o
         4          0          0          0          0          0   entry5.o
         0          0          0          0          0          0   entry7b.o
         0          0          0          0          0          0   entry8b.o
         8          4          0          0          0          0   entry9a.o
        30          0          0          0          0          0   handlers.o
        36          8          0          0          0         68   init.o
        30          0          0          0          0         68   llshl.o
        32          0          0          0          0         68   llushr.o
        26          0          0          0          0         80   memcmp.o
        36          0          0          0          0         68   memcpya.o
        36          0          0          0          0        108   memseta.o
      1154         54          0          0          0        352   printf8.o
        98          0          0          0          0         92   uldiv.o

    ----------------------------------------------------------------------
      1588         70          0          0          0        904   Library Totals
         4          0          0          0          0          0   (incl. Padding)

    ----------------------------------------------------------------------

      Code (inc. data)   RO Data    RW Data    ZI Data      Debug   Library Name

      1584         70          0          0          0        904   mc_w.l

    ----------------------------------------------------------------------
      1588         70          0          0          0        904   Library Totals

    ----------------------------------------------------------------------

==============================================================================


      Code (inc. data)   RO Data    RW Data    ZI Data      Debug   

     60180       4150       1308        380      52252     642159   Grand Totals
     60180       4150       1308         92      52252     642159   ELF Image Totals (compressed)
     60180       4150       1308         92          0          0   ROM Totals

==============================================================================

    Total RO  Size (Code + RO Data)                61488 (  60.05kB)
    Total RW  Size (RW Data + ZI Data)             52632 (  51.40kB)
    Total ROM Size (Code + RO Data + RW Data)      61580 (  60.14kB)

==============================================================================

